03-13 01:58:05.937  4042  4135 D OplusShellStartingWindowManager: adjustSuggestedWindowType originType: 1, wi: StartingWindowInfo{taskId=17549 targetActivityInfo=null displayId=0 topActivityType=1 preferredStartingWindowType=8b mainWindowLayoutParams=null splashScreenThemeResId 7f1506da, exi: OplusStartingWindowExtendedInfo{mAppToken=android.os.BinderProxy@f0dbc89, mSupportSplashScreenPreview=false, mIsSystemApp=true, mIsExceptionListApp=false, mPreviewBitmap=null, mShouldDrawBackground=false, mForceLightMode=false, mForceNightMode=false, mNotSupportNightMode=false, mForcePreview=false, mForceBigIcon=false, mQuickStartingSurface=null, mForceSolidColorSplash=false}
03-13 01:58:05.937  4042  4135 D ShellStartingWindow: getWindowAttrs SplashScreenWindowAttrs{ mWindowBgResId: 7f0807f3, mWindowBgColor: 0, mWindowBgImage: false, mSplashScreenIcon: false, mBrandingImage: false, mIconBgColor: 0, uiMode: 0}
03-13 01:58:05.937  2545  5169 D CompatChangeReporter: Compat change id reported: 377864165; UID 1000; state: ENABLED
03-13 01:58:05.938  2545  4608 D OplusSplitScreenManagerService: com.android.settings unSupportsSplitScreen by blockList or ForbidActivityList
03-13 01:58:05.939  2545  4608 D OplusSplitScreenManagerService: com.android.settings unSupportsSplitScreen by blockList or ForbidActivityList
03-13 01:58:05.939  2545  4608 I ActivityTaskManager: START u0 {act=android.settings.APPLICATION_DETAILS_SETTINGS dat=package: flg=0x10000000 xflg=0x4 cmp=com.android.settings/.applications.InstalledAppDetails mCallingUid=1000} with LAUNCH_MULTIPLE from uid 1000 (BAL_ALLOW_NON_APP_VISIBLE_WINDOW (callingUid has non-app visible window {2003=1})) result code=0
03-13 01:58:05.939  4042  4112 V WindowManagerShell: Transition requested (#2100): android.os.BinderProxy@341348e TransitionRequestInfo { type = OPEN, triggerTask = TaskInfo{userId=0 taskId=17549 effectiveUid=1000 displayId=0 isRunning=true baseIntent=Intent { act=android.settings.APPLICATION_DETAILS_SETTINGS dat=package: flg=0x10000000 cmp=com.android.settings/.applications.InstalledAppDetails mCallingUid=1000 } baseActivity=ComponentInfo{com.android.settings/com.android.settings.applications.InstalledAppDetailsTop} topActivity=ComponentInfo{com.android.settings/com.android.settings.applications.InstalledAppDetailsTop} origActivity=ComponentInfo{com.android.settings/com.android.settings.applications.InstalledAppDetails} realActivity=ComponentInfo{com.android.settings/com.android.settings.applications.InstalledAppDetailsTop}
03-13 01:58:05.939  4042  4112 V WindowManagerShell:  numActivities=1 lastActiveTime=118895038 supportsSplitScreenMultiWindow=false supportsMultiWindow=true supportsPocketStudioMultiWindow=false isInFlexibleEmbedded = false uid = 1000 pid = 0 resizeMode=1 isResizeable=true minWidth=-1 minHeight=-1 defaultMinSize=220 token=WCT{android.window.IWindowContainerToken$Stub$Proxy@49ad4af} topActivityType=1 pictureInPictureParams=null shouldDockBigOverlays=false launchIntoPipHostTaskId=-1 lastParentTaskIdBeforePip=-1 displayCutoutSafeInsets=Rect(0, 120 - 0, 0)
03-13 01:58:05.939  4042  4112 V WindowManagerShell:  topActivityInfo=ActivityInfo{11410bc com.android.settings.applications.InstalledAppDetails} launchCookies=[] positionInParent=Point(0, 0) parentTaskId=-1 isFocused=false isVisible=false isVisibleRequested=false isTopActivityNoDisplay=false isSleeping=false locusId=null displayAreaFeatureId=1 isTopActivityTransparent=false isActivityStackTransparent=false lastNonFullscreenBounds=Rect(281, 702 - 800, 1782) capturedLink=null capturedLinkTimestamp=0 requestedVisibleTypes=-9 topActivityRequestOpenInBrowserEducationTimestamp=0
03-13 01:58:05.939  4042  4112 V WindowManagerShell:  appCompatTaskInfo=AppCompatTaskInfo { topActivityInSizeCompat=false topActivityInOplusCompatMode=false eligibleForLetterboxEducation= false isLetterboxEducationEnabled= false isLetterboxDoubleTapEnabled= false eligibleForUserAspectRatioButton= false topActivityBoundsLetterboxed= false isFromLetterboxDoubleTap= false topActivityLetterboxVerticalPosition= -1 topActivityLetterboxHorizontalPosition= -1 topActivityLetterboxWidth=-1 topActivityLetterboxHeight=-1 topActivityAppBounds=Rect(0, 0 - 1080, 2412) isUserFullscreenOverrideEnabled=false isSystemFullscreenOverrideEnabled=false hasMinAspectRatioOverride=false topActivityLetterboxBounds=null cameraCompatTaskInfo=CameraCompatTaskInfo { freeformCameraCompatMode=inactive}} topActivityMainWindowFrame=null topActivityLetterboxInsets=Rect(0, 0 - 0, 0)
03-13 01:58:05.939  4042  4112 V WindowManagerShell:  mOplusExtraBundle = Bundle[mParcelledData.dataSize=1472]}, pipChange = null, remoteTransition = null, displayChange = null, flags = 0, debugId = 2100 }
03-13 01:58:05.940  4042  4112 D ShellSplitScreen: logExit: no-op, mLoggerSessionId is null
03-13 01:58:05.942  2545  5169 D RefreshRate: Trigger app switch boost, ar=ActivityRecord{217438744 u0 com.android.settings/.applications.InstalledAppDetails t17549},currDisplayRate=120.00001,boostId=3
03-13 01:58:05.943  2545  5169 D RefreshRate: setDisplayConfigSpecs complete: targetMode={id=1, width=1080, height=2412, fps=120.00001, vsync=120.00001, synthetic=false, alternativeRefreshRates=[60.000004, 90.0], supportedHdrTypes=[]},srcMode={id=1, width=1080, height=2412, fps=120.00001, vsync=120.00001, synthetic=false, alternativeRefreshRates=[60.000004, 90.0], supportedHdrTypes=[]},sfModId=0,rate=120.00001
03-13 01:58:05.943  2545  5169 D RefreshRate: startAppSwitchBoost targetMode={id=1, width=1080, height=2412, fps=120.00001, vsync=120.00001, synthetic=false, alternativeRefreshRates=[60.000004, 90.0], supportedHdrTypes=[]} record=ActivityRecord{217438744 u0 com.android.settings/.applications.InstalledAppDetails t17549}: votes=PRIORITY_START_ANIMATION_BOOST -> Vote{mRefreshRate=120.0, mMinRefreshRate=120.0, mRequestSource=null};PRIORITY_WINDOW_REQUEST -> Vote{mRefreshRate=120.0, mMinRefreshRate=120.0, mRequestSource=null};
03-13 01:58:05.943  2545  3194 D RefreshRate: do setDisplayConfigSpecs  
03-13 01:58:05.943  2545  3878 D JobSchedulerServiceExtImpl: updateOsenseRestrictMode for 1 true false
03-13 01:58:05.943  2545  5169 D ActivityTaskManager: setAppVisibility(Token{67a7fc4 ActivityRecord{217438744 u0 com.android.settings/.applications.InstalledAppDetails t17549}}, visible=true):  visible=false mVisibleRequested=false
03-13 01:58:05.944  2545  5169 D ActivityTaskManager: setVisibility(Token{67a7fc4 ActivityRecord{217438744 u0 com.android.settings/.applications.InstalledAppDetails t17549}}, visible=true) defer commitVisibility for transition collecting
03-13 01:58:05.944  2545  5169 D ActivityTaskManager: setAppVisibility(Token{7b674e6 ActivityRecord{84876755 u0 com.android.launcher/.Launcher t5}}, visible=false):  visible=true mVisibleRequested=true
03-13 01:58:05.945  2545  5169 D ActivityTaskManager: setVisibility(Token{7b674e6 ActivityRecord{84876755 u0 com.android.launcher/.Launcher t5}}, visible=false) defer commitVisibility for transition collecting
03-13 01:58:05.949  4042  4136 I ShellStartingWindow: makeSplashScreenContentView themeBGColor: ffffffff, isDark: true, last config hash: -642230364
03-13 01:58:05.949  4042  4136 D OplusShellStartingWindowManager: isSystemApp support, windowInfo=StartingWindowInfo{taskId=17549 targetActivityInfo=null displayId=0 topActivityType=1 preferredStartingWindowType=8b mainWindowLayoutParams=null splashScreenThemeResId 7f1506da
03-13 01:58:05.949  4042  4136 D OplusShellStartingWindowManager: isSystemApp support, windowInfo=StartingWindowInfo{taskId=17549 targetActivityInfo=null displayId=0 topActivityType=1 preferredStartingWindowType=8b mainWindowLayoutParams=null splashScreenThemeResId 7f1506da
03-13 01:58:05.949  4042  4136 D ShellStartingWindow: inconsize = 0
03-13 01:58:05.950  2545  4539 D NativeFreezeManager: freezeForAppSwitchScene mAppLaunchFzDxEnable enter, mFgAppPkgname com.android.settings
03-13 01:58:05.952  2545  2967 D WindowManager: setFrameRateStart invalid typeId return!
03-13 01:58:05.953  2545  2967 D WindowManager: NFW_findFocusedWindowIfNeeded:null mCurrentFocus:Window{4e17c96 u0 Application Error: com.safespace.app EXITING}
03-13 01:58:05.953  2545  2967 V WindowManager: Changing focus from Window{4e17c96 u0 Application Error: com.safespace.app EXITING} to null,diplayid=0
03-13 01:58:05.954  2545  3194 D DisplayModeDirector: setAppRequest displayId : 0  modeId: 1  requestedRefreshRate: 120.00001  requestedMinRefreshRateRange: 120.00001  requestedMaxRefreshRateRange: 120.00001
03-13 01:58:05.954  2545  2967 D WindowManager: setFrameRateStart invalid typeId return!
03-13 01:58:05.955  2545  2967 D WindowManager: setFrameRateStart invalid typeId return!
03-13 01:58:05.956  2545  2967 D DisplayModeDirector: setAppRequest displayId : 0  modeId: 1  requestedRefreshRate: 0.0  requestedMinRefreshRateRange: 0.0  requestedMaxRefreshRateRange: 120.00001
03-13 01:58:05.959  2545  2971 D SurfaceAnimationRunner: onAnimationStart:Surface(name=Surface(name=4e17c96 Application Error: com.safespace.app)/@0xae4aa91 - animation-leash of window_animation)/@0xfd847c7
03-13 01:58:05.959  2545  2971 D SurfaceAnimationRunner: onAnimationStart:Surface(name=Dim Layer for - Display 0 name="Built-in Screen")/@0x81c4a93
03-13 01:58:05.961  2545  5169 I AppSnapshotController: attachStartingWindow, win = Window{ae0fb8c u0 Splash Screen com.android.settings}, shouldAppSnapshot = false
03-13 01:58:05.961  2545  5169 D ActivityTaskManager: attachStartingWindow: mStartingData=SplashScreenStartingData{80d7aea removeAfterTransaction= 0},mStartingWindow=Window{ae0fb8c u0 Splash Screen com.android.settings}
03-13 01:58:05.961  2545  5169 D WindowManager: attachImeScreenshotOnTargetIfNeeded, mImeHiding = false, requestedVisibleTypes = -9
03-13 01:58:05.961  2545  5169 I WindowManager: addWindow: New client android.os.BinderProxy@65f4ede : window=Window{ae0fb8c u0 Splash Screen com.android.settings}
03-13 01:58:05.965  4042  4135 D OplusShellStartingWindowManager: handleWindowBarIfNeeded true, windowInfo=StartingWindowInfo{taskId=17549 targetActivityInfo=null displayId=0 topActivityType=1 preferredStartingWindowType=8b mainWindowLayoutParams=null splashScreenThemeResId 7f1506da
03-13 01:58:05.970  2545  3098 W QosScheduler: getScenario failed! scenarios is null, mask=2
03-13 01:58:05.970  2545  3098 W QosScheduler: executeSceneQosStrategy get scenario failed! scenario is null
03-13 01:58:05.973  2545  5831 V WindowManager: Relayout Window{ae0fb8c u0 Splash Screen com.android.settings}: viewVisibility=0, oldvis=0, req=1080x2412 , apr = 0, vsysui=, x=0, y=0
03-13 01:58:05.974  2545  5831 I WindowManager: Window{ae0fb8c u0 Splash Screen com.android.settings} state from NO_SURFACE to DRAW_PENDING; reason: resetDrawState
03-13 01:58:05.976  2545  5831 D WindowManager: NFW_findFocusedWindowIfNeeded:null mCurrentFocus:null
03-13 01:58:05.977  2545  2967 W Looper  : Slow dispatch took 133ms android.ui app=system_server main=false group=UNKNOWN h=com.android.server.am.AppErrorDialog$1 c=null m=8
03-13 01:58:05.978  4042  4135 W VRI[settings]: updateBlastSurfaceIfNeeded, surfaceSize:Point(1080, 2412), lastSurfaceSize:Point(0, 0), format:-1, blastBufferQueue:null
03-13 01:58:05.987  2545  2969 V WindowManager: Unknown focus tokens, dropping reportFocusChanged
03-13 01:58:05.993  4042  4135 W VRI[settings]: handleResized, msg:, frameChanged:false, configChanged:false, displayChanged:false, attachedFrameChanged:false, compatScaleChanged:false, pendingDragResizing=false
03-13 01:58:05.993  2545  5831 D WindowManager: onSyncFinishedDrawing: Window{ae0fb8c u0 Splash Screen com.android.settings}
03-13 01:58:05.994  2545  5831 I WindowManager: finishDrawing skipLayout:false,syncSeqId=0,mPrepareSyncSeqId=0 Window{ae0fb8c u0 Splash Screen com.android.settings} com.android.server.wm.WindowManagerService.finishDrawingWindow:3192 com.android.server.wm.Session.finishDrawing:369 android.view.IWindowSession$Stub.onTransact:793 
03-13 01:58:05.994  2545  5831 I WindowManager: Window{ae0fb8c u0 Splash Screen com.android.settings} state from DRAW_PENDING to COMMIT_DRAW_PENDING; reason: finishDrawingLocked
03-13 01:58:05.996  2545  2970 I WindowManager: Window{ae0fb8c u0 Splash Screen com.android.settings} state from COMMIT_DRAW_PENDING to READY_TO_SHOW; reason: commitFinishDrawingLocked
03-13 01:58:05.996  2545  2970 D ActivityTaskManager: onStartingWindowDrawn: app=null, mStartingData=SplashScreenStartingData{80d7aea removeAfterTransaction= 0}, finishing=false,mLaunchedFromBubble=false, mVisibleRequested=true, mDisplayContent=Display{#0 state=ON size=1080x2412 ROTATION_0}, isZoomMode=false
03-13 01:58:05.997  2545  2970 D ActivityTaskManager: commitVisibility: ActivityRecord{217438744 u0 com.android.settings/.applications.InstalledAppDetails t17549}: visible=true visibleRequested=true, isInTransition=true 
03-13 01:58:05.998  2545  2970 I WindowManager: Window{ae0fb8c u0 Splash Screen com.android.settings} state from READY_TO_SHOW to HAS_DRAWN; reason: performShowLocked
03-13 01:58:05.998  2545  2970 I WindowStateExtImpl: onSurfaceShowChange show = true mPackageName = com.android.settings parentPkgName = com.android.settings
03-13 01:58:05.998  2545  2970 D CoreBackPreview:  return markWindowHasDrawn mComposed: false  mWaitTransition: false
03-13 01:58:05.998  2545  2970 E OplusAppQuickStart_AppQuickStartController: not start from launcher transition:2100
03-13 01:58:05.998  2545  2970 D Transition: collectOrderChanges onTopTasksEnd: [Task{ab8fad7 #17549 type=standard A=1000:.applications.InstalledAppDetailsTop}], reportedOnTop:null, mOnTopTasksStart: [Task{ab8fad7 #17549 type=standard A=1000:.applications.InstalledAppDetailsTop}], TDA child: [Task{540344b #17271 type=standard A=10117:com.oppo.quicksearchbox nonResizable}, Task{35f48c3 #2 type=undefined}, Task{611f9b8 #17548 type=standard I=com.safespace.app/.MainActivity}, Task{84af0c5 #1 type=home}, Task{ab8fad7 #17549 type=standard A=1000:.applications.InstalledAppDetailsTop}]
03-13 01:58:05.998  2545  2970 D OplusFlexibleActivityTransitionManager: fixTransitType type result:1, targets: [ChangeInfo{43affaf container=Task{ab8fad7 #17549 type=standard A=1000:.applications.InstalledAppDetailsTop} flags=0x10}, ChangeInfo{7605fbc container=Task{84af0c5 #1 type=home} flags=0x10}]
03-13 01:58:05.999  2545  2970 D OplusSplitScreenManagerService: com.android.settings unSupportsSplitScreen by blockList or ForbidActivityList
03-13 01:58:05.999  2545  2970 D OplusSplitScreenManagerService: com.android.settings unSupportsSplitScreen by blockList or ForbidActivityList
03-13 01:58:05.999  2545  2970 D OplusTransitionAnimationManager: activityRecordCount0fullScreenArBeHindStartingWindow null
03-13 01:58:06.000  2545  2970 D OplusTransitionAnimationManager: activityRecordCount0fullScreenArBeHindStartingWindow null
03-13 01:58:06.000  2545  2970 D QuickBackInputPolicy: resetInputInterceptState for remoteTransition: false
03-13 01:58:06.000  2545  2970 D OplusTransitionController: onTransactionReady, transition: 2100, info: {id=2100 t=OPEN f=0x0 trk=0 r=[0@Point(0, 0)] c=[{WCT{RemoteToken{341e7cb Task{ab8fad7 #17549 type=standard A=1000:.applications.InstalledAppDetailsTop}}} m=OPEN f=NONE leash=Surface(name=Task=17549)/@0xf2729a sb=Rect(0, 0 - 1080, 2412) eb=Rect(0, 0 - 1080, 2412) epz=Point(1080, 2412) d=0 taskParent=-1},{WCT{RemoteToken{8b568a7 Task{84af0c5 #1 type=home}}} m=TO_BACK f=SHOW_WALLPAPER leash=Surface(name=Task=1)/@0x96402a8 sb=Rect(0, 0 - 1080, 2412) eb=Rect(0, 0 - 1080, 2412) epz=Point(1080, 2412) d=0 taskParent=-1}] 
03-13 01:58:06.000  2545  2970 D OplusTransitionController: extendInfo=[
03-13 01:58:06.000  2545  2970 D OplusTransitionController:  OplusTransitionExtendedInfo{mTmpFinishT=null, mInOplusCompatMode=false, mIsProcessRunning=false, mHasMismatchBoundsTarget=false, mRecentsController=null, mRemoteTransition=null, mIsTranslucentActivityToHome=false, mAvoidInterceptKeyEventToHome=false, mIsFromHome=false, mParentLeash=null, mBackAnimClosingLeash=null, mIsOplusAnimRes=false, mKeepBgForContinuous=false, mIsBalAllow=false, mTaskNotInRecent=false, mIsPredictiveBackAnim=false, mIsMergedWithPredictive=false, mIsLaunchFromSpruce=false, mIsLaunchFromDrive=false, mGlobalSearchPageSwitch=false, mNeedNoAlphaGlobalSearchScene=false, mAssistScreenShowing=false, mSwipeUpBrowserScreenShowing=false, mUserIdTransition=0
03-13 01:58:06.000  2545  2970 D OplusTransitionController: , mInRemoteScene=false, mInPreReady=false, mPreStart=false, mToken=null, mAbortByRemoteFromHome=false, mShellApplyToken=null, mRequestTransitionTaskId=17549, mAbortTransitionOnShell=0, mStartFromShortcut=false, mRemovedTaskId=-1, mTransitionInterruptType=0, mMergeSecondTaskId=-1, mTaskIdStartFromRecents=0, mTransitionId=2100, mCanUseSpringSlideAnim=false, mTransitionLaunchFrom=0, mFoldChangeType=-1, mAnimStartingPosition=[0, 0, 0, 0], mIsOpeningStkDialogActivity=false, mIsNeedApplyStartTForEmbedded=false, mMergeSecondTaskAnimation=false, mIsLaunchUnityStart=false, mIsLaunchFromAssistantByDefault=false, mSkipRemoteTransitionfalse, mIsStartFromKeyguard=false flags=0x0, mWCT=null, mIsOpenMergeToInValidPredictive=false}]}, targets : [ChangeInfo{43affaf container=Task{ab8fad7 #17549 type=standard A=1000:.applications.InstalledAppDetailsTop} flags=0x10}, ChangeInfo{7605fbc container=Task{84af0c5 #1 type=home} flags=0x10}], participants: {WallpaperWindowToken{115d2dd showWhenLocked=true}, ActivityRecord{84876755 u0 com.android.launcher/.Launcher t5}, WallpaperWindowToken{a9f3ae8 showWhenLocked=false}, Task{ab8fad7 #17549 type=standard A=1000:.applications.InstalledAppDetailsTop}, ActivityRecord{217438744 u0 com.android.settings/.applications.InstalledAppDetails t17549}}
03-13 01:58:06.002  2545  2969 D OomAdjuster: Not killing cached processes
03-13 01:58:06.002  4042 15732 V WindowManagerShell: onTransitionReady(transaction=10930691906245)
03-13 01:58:06.003  4042  4112 V WindowManagerShell: onTransitionReady (#2100) android.os.BinderProxy@341348e: {id=2100 t=OPEN f=0x0 trk=0 r=[0@Point(0, 0)] c=[
03-13 01:58:06.003  4042  4112 V WindowManagerShell:         {m=OPEN f=NONE leash=Surface(name=Task=17549)/@0xfe12d6d sb=Rect(0, 0 - 1080, 2412) eb=Rect(0, 0 - 1080, 2412) epz=Point(1080, 2412) d=0 taskParent=-1},
03-13 01:58:06.003  4042  4112 V WindowManagerShell:         {m=TO_BACK f=SHOW_WALLPAPER leash=Surface(name=Task=1)/@0xe05bda2 sb=Rect(0, 0 - 1080, 2412) eb=Rect(0, 0 - 1080, 2412) epz=Point(1080, 2412) d=0 taskParent=-1}
03-13 01:58:06.003  4042  4112 V WindowManagerShell:     ] 
03-13 01:58:06.003  4042  4112 V WindowManagerShell: extendInfo=[
03-13 01:58:06.003  4042  4112 V WindowManagerShell:  OplusTransitionExtendedInfo{mTmpFinishT=null, mInOplusCompatMode=false, mIsProcessRunning=false, mHasMismatchBoundsTarget=false, mRecentsController=null, mRemoteTransition=null, mIsTranslucentActivityToHome=false, mAvoidInterceptKeyEventToHome=false, mIsFromHome=false, mParentLeash=null, mBackAnimClosingLeash=null, mIsOplusAnimRes=false, mKeepBgForContinuous=false, mIsBalAllow=false, mTaskNotInRecent=false, mIsPredictiveBackAnim=false, mIsMergedWithPredictive=false, mIsLaunchFromSpruce=false, mIsLaunchFromDrive=false, mGlobalSearchPageSwitch=false, mNeedNoAlphaGlobalSearchScene=false, mAssistScreenShowing=false, mSwipeUpBrowserScreenShowing=false, mUserIdTransition=0
03-13 01:58:06.003  4042  4112 V WindowManagerShell: , mInRemoteScene=false, mInPreReady=false, mPreStart=false, mToken=null, mAbortByRemoteFromHome=false, mShellApplyToken=null, mRequestTransitionTaskId=17549, mAbortTransitionOnShell=0, mStartFromShortcut=false, mRemovedTaskId=-1, mTransitionInterruptType=0, mMergeSecondTaskId=-1, mTaskIdStartFromRecents=0, mTransitionId=2100, mCanUseSpringSlideAnim=false, mTransitionLaunchFrom=0, mFoldChangeType=-1, mAnimStartingPosition=[0, 0, 0, 0], mIsOpeningStkDialogActivity=false, mIsNeedApplyStartTForEmbedded=false, mMergeSecondTaskAnimation=false, mIsLaunchUnityStart=false, mIsLaunchFromAssistantByDefault=false, mSkipRemoteTransitionfalse, mIsStartFromKeyguard=false flags=0x0, mWCT=null, mIsOpenMergeToInValidPredictive=false}]}
03-13 01:58:06.003  2545  2970 D WindowManager: setFrameRateStart invalid typeId return!
03-13 01:58:06.003  4042  4112 V WindowManagerShell: Playing animation for (#2100) android.os.BinderProxy@341348e@0
03-13 01:58:06.003  4042  4112 V ShellRecents: RecentsTransitionHandler.startAnimation: no controller found
03-13 01:58:06.004  4042  4112 V WindowManagerShell: start OnePuttTransition animation, info = {id=2100 t=OPEN f=0x0 trk=0 r=[0@Point(0, 0)] c=[{m=OPEN f=NONE leash=Surface(name=Task=17549)/@0xfe12d6d sb=Rect(0, 0 - 1080, 2412) eb=Rect(0, 0 - 1080, 2412) epz=Point(1080, 2412) d=0 taskParent=-1},{m=TO_BACK f=SHOW_WALLPAPER leash=Surface(name=Task=1)/@0xe05bda2 sb=Rect(0, 0 - 1080, 2412) eb=Rect(0, 0 - 1080, 2412) epz=Point(1080, 2412) d=0 taskParent=-1}] 
03-13 01:58:06.004  4042  4112 V WindowManagerShell: extendInfo=[
03-13 01:58:06.004  4042  4112 V WindowManagerShell:  OplusTransitionExtendedInfo{mTmpFinishT=null, mInOplusCompatMode=false, mIsProcessRunning=false, mHasMismatchBoundsTarget=false, mRecentsController=null, mRemoteTransition=null, mIsTranslucentActivityToHome=false, mAvoidInterceptKeyEventToHome=false, mIsFromHome=false, mParentLeash=null, mBackAnimClosingLeash=null, mIsOplusAnimRes=false, mKeepBgForContinuous=false, mIsBalAllow=false, mTaskNotInRecent=false, mIsPredictiveBackAnim=false, mIsMergedWithPredictive=false, mIsLaunchFromSpruce=false, mIsLaunchFromDrive=false, mGlobalSearchPageSwitch=false, mNeedNoAlphaGlobalSearchScene=false, mAssistScreenShowing=false, mSwipeUpBrowserScreenShowing=false, mUserIdTransition=0
03-13 01:58:06.004  4042  4112 V WindowManagerShell: , mInRemoteScene=false, mInPreReady=false, mPreStart=false, mToken=null, mAbortByRemoteFromHome=false, mShellApplyToken=null, mRequestTransitionTaskId=17549, mAbortTransitionOnShell=0, mStartFromShortcut=false, mRemovedTaskId=-1, mTransitionInterruptType=0, mMergeSecondTaskId=-1, mTaskIdStartFromRecents=0, mTransitionId=2100, mCanUseSpringSlideAnim=false, mTransitionLaunchFrom=0, mFoldChangeType=-1, mAnimStartingPosition=[0, 0, 0, 0], mIsOpeningStkDialogActivity=false, mIsNeedApplyStartTForEmbedded=false, mMergeSecondTaskAnimation=false, mIsLaunchUnityStart=false, mIsLaunchFromAssistantByDefault=false, mSkipRemoteTransitionfalse, mIsStartFromKeyguard=false flags=0x0, mWCT=null, mIsOpenMergeToInValidPredictive=false}]}
03-13 01:58:06.004  4042  4112 V WindowManagerShell: Transition doesn't have explicit remote, search filters for match for {id=2100 t=OPEN f=0x0 trk=0 r=[0@Point(0, 0)] c=[{m=OPEN f=NONE leash=Surface(name=Task=17549)/@0xfe12d6d sb=Rect(0, 0 - 1080, 2412) eb=Rect(0, 0 - 1080, 2412) epz=Point(1080, 2412) d=0 taskParent=-1},{m=TO_BACK f=SHOW_WALLPAPER leash=Surface(name=Task=1)/@0xe05bda2 sb=Rect(0, 0 - 1080, 2412) eb=Rect(0, 0 - 1080, 2412) epz=Point(1080, 2412) d=0 taskParent=-1}] 
03-13 01:58:06.004  4042  4112 V WindowManagerShell: extendInfo=[
03-13 01:58:06.004  4042  4112 V WindowManagerShell:  OplusTransitionExtendedInfo{mTmpFinishT=null, mInOplusCompatMode=false, mIsProcessRunning=false, mHasMismatchBoundsTarget=false, mRecentsController=null, mRemoteTransition=null, mIsTranslucentActivityToHome=false, mAvoidInterceptKeyEventToHome=false, mIsFromHome=false, mParentLeash=null, mBackAnimClosingLeash=null, mIsOplusAnimRes=false, mKeepBgForContinuous=false, mIsBalAllow=false, mTaskNotInRecent=false, mIsPredictiveBackAnim=false, mIsMergedWithPredictive=false, mIsLaunchFromSpruce=false, mIsLaunchFromDrive=false, mGlobalSearchPageSwitch=false, mNeedNoAlphaGlobalSearchScene=false, mAssistScreenShowing=false, mSwipeUpBrowserScreenShowing=false, mUserIdTransition=0
03-13 01:58:06.004  4042  4112 V WindowManagerShell: , mInRemoteScene=false, mInPreReady=false, mPreStart=false, mToken=null, mAbortByRemoteFromHome=false, mShellApplyToken=null, mRequestTransitionTaskId=17549, mAbortTransitionOnShell=0, mStartFromShortcut=false, mRemovedTaskId=-1, mTransitionInterruptType=0, mMergeSecondTaskId=-1, mTaskIdStartFromRecents=0, mTransitionId=2100, mCanUseSpringSlideAnim=false, mTransitionLaunchFrom=0, mFoldChangeType=-1, mAnimStartingPosition=[0, 0, 0, 0], mIsOpeningStkDialogActivity=false, mIsNeedApplyStartTForEmbedded=false, mMergeSecondTaskAnimation=false, mIsLaunchUnityStart=false, mIsLaunchFromAssistantByDefault=false, mSkipRemoteTransitionfalse, mIsStartFromKeyguard=false flags=0x0, mWCT=null, mIsOpenMergeToInValidPredictive=false}]}
03-13 01:58:06.004  4042  4112 V WindowManagerShell:  Checking filter Pair{{types=[] flags=0x0] notFlags=0x100 checks=[{atype=home independent=true modes=[OPEN,TO_FRONT] flags=NONE mustBeTask=false order=TOP topActivity=ComponentInfo{com.android.launcher/com.android.launcher.Launcher} launchCookie=null windowingMode=undefined},{atype=standard independent=true modes=[CLOSE,TO_BACK] flags=NONE mustBeTask=false order=ANY topActivity=null launchCookie=null windowingMode=undefined}]} RemoteTransition { remoteTransition = android.window.IRemoteTransition$Stub$Proxy@6338ac9, appThread = android.app.IApplicationThread$Stub$Proxy@8b185ce, debugName = QuickstepLaunchHome }}
03-13 01:58:06.004  4042  4112 V WindowManagerShell:  Delegate animation for (#2100) to null
03-13 01:58:06.004  4042  4112 V WindowManagerShell: start default transition animation, info = {id=2100 t=OPEN f=0x0 trk=0 r=[0@Point(0, 0)] c=[{m=OPEN f=NONE leash=Surface(name=Task=17549)/@0xfe12d6d sb=Rect(0, 0 - 1080, 2412) eb=Rect(0, 0 - 1080, 2412) epz=Point(1080, 2412) d=0 taskParent=-1},{m=TO_BACK f=SHOW_WALLPAPER leash=Surface(name=Task=1)/@0xe05bda2 sb=Rect(0, 0 - 1080, 2412) eb=Rect(0, 0 - 1080, 2412) epz=Point(1080, 2412) d=0 taskParent=-1}] 
03-13 01:58:06.004  4042  4112 V WindowManagerShell: extendInfo=[
03-13 01:58:06.004  4042  4112 V WindowManagerShell:  OplusTransitionExtendedInfo{mTmpFinishT=null, mInOplusCompatMode=false, mIsProcessRunning=false, mHasMismatchBoundsTarget=false, mRecentsController=null, mRemoteTransition=null, mIsTranslucentActivityToHome=false, mAvoidInterceptKeyEventToHome=false, mIsFromHome=false, mParentLeash=null, mBackAnimClosingLeash=null, mIsOplusAnimRes=false, mKeepBgForContinuous=false, mIsBalAllow=false, mTaskNotInRecent=false, mIsPredictiveBackAnim=false, mIsMergedWithPredictive=false, mIsLaunchFromSpruce=false, mIsLaunchFromDrive=false, mGlobalSearchPageSwitch=false, mNeedNoAlphaGlobalSearchScene=false, mAssistScreenShowing=false, mSwipeUpBrowserScreenShowing=false, mUserIdTransition=0
03-13 01:58:06.004  4042  4112 V WindowManagerShell: , mInRemoteScene=false, mInPreReady=false, mPreStart=false, mToken=null, mAbortByRemoteFromHome=false, mShellApplyToken=null, mRequestTransitionTaskId=17549, mAbortTransitionOnShell=0, mStartFromShortcut=false, mRemovedTaskId=-1, mTransitionInterruptType=0, mMergeSecondTaskId=-1, mTaskIdStartFromRecents=0, mTransitionId=2100, mCanUseSpringSlideAnim=false, mTransitionLaunchFrom=0, mFoldChangeType=-1, mAnimStartingPosition=[0, 0, 0, 0], mIsOpeningStkDialogActivity=false, mIsNeedApplyStartTForEmbedded=false, mMergeSecondTaskAnimation=false, mIsLaunchUnityStart=false, mIsLaunchFromAssistantByDefault=false, mSkipRemoteTransitionfalse, mIsStartFromKeyguard=false flags=0x0, mWCT=null, mIsOpenMergeToInValidPredictive=false}]}
03-13 01:58:06.005  2545  2970 D WindowManager: setFrameRateStart invalid typeId return!
03-13 01:58:06.006  2545  2970 D OplusSplitScreenManagerService: com.android.settings unSupportsSplitScreen by blockList or ForbidActivityList
03-13 01:58:06.006  2545  2970 D OplusSplitScreenManagerService: com.android.settings unSupportsSplitScreen by blockList or ForbidActivityList
03-13 01:58:06.007  2545  2970 D FlexibleWindowManagerService: onFlexibleWindowTaskAppeared: task = 17549, visible = true
03-13 01:58:06.007  2545  2970 D OplusSplitScreenManagerService: com.android.settings unSupportsSplitScreen by blockList or ForbidActivityList
03-13 01:58:06.007  2545  2970 D OplusSplitScreenManagerService: com.android.settings unSupportsSplitScreen by blockList or ForbidActivityList
03-13 01:58:06.007  2545  2970 D OplusFlexibleWindowMinimizedManagerHelper: onTaskAppered taskInfo:17549
03-13 01:58:06.007  2545  2970 D OplusFlexibleDragToSplitAnimController: visibleFlexibleTaskInfos delete:17549
03-13 01:58:06.007  2545  2970 E FlexibleWindowManagerService: notifyTaskObserverToAttachController not need to notify!
03-13 01:58:06.007  2545  2970 D FlexibleWindowManagerService: should not dispatch appeared task Task{ab8fad7 #17549 type=standard A=1000:.applications.InstalledAppDetailsTop}
03-13 01:58:06.010  2545  2966 V WindowManager: Sent Transition (#2100) createdAt=03-13 01:58:05.924 via request=TransitionRequestInfo { type = OPEN, triggerTask = TaskInfo{userId=0 taskId=17549 effectiveUid=1000 displayId=0 isRunning=true baseIntent=Intent { act=android.settings.APPLICATION_DETAILS_SETTINGS dat=package: flg=0x10000000 cmp=com.android.settings/.applications.InstalledAppDetails mCallingUid=1000 } baseActivity=ComponentInfo{com.android.settings/com.android.settings.applications.InstalledAppDetailsTop} topActivity=ComponentInfo{com.android.settings/com.android.settings.applications.InstalledAppDetailsTop} origActivity=ComponentInfo{com.android.settings/com.android.settings.applications.InstalledAppDetails} realActivity=ComponentInfo{com.android.settings/com.android.settings.applications.InstalledAppDetailsTop}
03-13 01:58:06.010  2545  2966 V WindowManager:  numActivities=1 lastActiveTime=118895038 supportsSplitScreenMultiWindow=false supportsMultiWindow=true supportsPocketStudioMultiWindow=false isInFlexibleEmbedded = false uid = 1000 pid = 0 resizeMode=1 isResizeable=true minWidth=-1 minHeight=-1 defaultMinSize=220 token=WCT{RemoteToken{341e7cb Task{ab8fad7 #17549 type=standard A=1000:.applications.InstalledAppDetailsTop}}} topActivityType=1 pictureInPictureParams=null shouldDockBigOverlays=false launchIntoPipHostTaskId=-1 lastParentTaskIdBeforePip=-1 displayCutoutSafeInsets=Rect(0, 120 - 0, 0)
03-13 01:58:06.010  2545  2966 V WindowManager:  topActivityInfo=ActivityInfo{78657c0 com.android.settings.applications.InstalledAppDetails} launchCookies=[] positionInParent=Point(0, 0) parentTaskId=-1 isFocused=false isVisible=false isVisibleRequested=false isTopActivityNoDisplay=false isSleeping=false locusId=null displayAreaFeatureId=1 isTopActivityTransparent=false isActivityStackTransparent=false lastNonFullscreenBounds=Rect(281, 702 - 800, 1782) capturedLink=null capturedLinkTimestamp=0 requestedVisibleTypes=-9 topActivityRequestOpenInBrowserEducationTimestamp=0
03-13 01:58:06.010  2545  2966 V WindowManager:  appCompatTaskInfo=AppCompatTaskInfo { topActivityInSizeCompat=false topActivityInOplusCompatMode=false eligibleForLetterboxEducation= false isLetterboxEducationEnabled= false isLetterboxDoubleTapEnabled= false eligibleForUserAspectRatioButton= false topActivityBoundsLetterboxed= false isFromLetterboxDoubleTap= false topActivityLetterboxVerticalPosition= -1 topActivityLetterboxHorizontalPosition= -1 topActivityLetterboxWidth=-1 topActivityLetterboxHeight=-1 topActivityAppBounds=Rect(0, 0 - 1080, 2412) isUserFullscreenOverrideEnabled=false isSystemFullscreenOverrideEnabled=false hasMinAspectRatioOverride=false topActivityLetterboxBounds=null cameraCompatTaskInfo=CameraCompatTaskInfo { freeformCameraCompatMode=inactive}} topActivityMainWindowFrame=null topActivityLetterboxInsets=Rect(0, 0 - 0, 0)
03-13 01:58:06.010  2545  2966 V WindowManager:  mOplusExtraBundle = Bundle[{androidx.flexible.taskFrame=Rect(0, 0 - 0, 0), androidx.flexible.Alpha=1.0, androidx.activity.task.attach.blur=0, androidx.activity.LaunchInsensible=0, androidx.activity.LaunchCornerRadius=0, key_flexible_task_state=0, topActivitySupportAppInnerSplit=false, key_flexible_task_animating_type=-1, key_flexible_task_root_activity_processname=com.android.settings, androidx.activity.LaunchScenario=0, is_oplus_clone_task=false, flexible_super_mini_state=false, topRunningActivityHash=217438744, androidx.activity.LaunchScale=1.0, androidx.activity.LaunchShadowRadius=0, is_transient_hide_for_task_info=false, key_flexible_task_root_activity_pid=0, key_flexible_task_root_activity_uid=1000}]}, pipChange = null, remoteTransition = null, displayChange = null, flags = 0, debugId = 2100 }
03-13 01:58:06.010  2545  2966 V WindowManager:     startWCT=WindowContainerTransaction { changes= {} hops= [] errorCallbackToken=null taskFragmentOrganizer=null }
03-13 01:58:06.010  2545  2966 V WindowManager:     info={id=2100 t=OPEN f=0x0 trk=0 r=[0@Point(0, 0)] c=[
03-13 01:58:06.010  2545  2966 V WindowManager:         {WCT{RemoteToken{341e7cb Task{ab8fad7 #17549 type=standard A=1000:.applications.InstalledAppDetailsTop}}} m=OPEN f=NONE leash=Surface(name=Task=17549)/@0xf2729a sb=Rect(0, 0 - 1080, 2412) eb=Rect(0, 0 - 1080, 2412) epz=Point(1080, 2412) d=0 taskParent=-1},
03-13 01:58:06.010  2545  2966 V WindowManager:         {WCT{RemoteToken{8b568a7 Task{84af0c5 #1 type=home}}} m=TO_BACK f=SHOW_WALLPAPER leash=Surface(name=Task=1)/@0x96402a8 sb=Rect(0, 0 - 1080, 2412) eb=Rect(0, 0 - 1080, 2412) epz=Point(1080, 2412) d=0 taskParent=-1}
03-13 01:58:06.010  2545  2966 V WindowManager:     ] 
03-13 01:58:06.010  2545  2966 V WindowManager: extendInfo=[
03-13 01:58:06.010  2545  2966 V WindowManager:  OplusTransitionExtendedInfo{mTmpFinishT=null, mInOplusCompatMode=false, mIsProcessRunning=false, mHasMismatchBoundsTarget=false, mRecentsController=null, mRemoteTransition=null, mIsTranslucentActivityToHome=false, mAvoidInterceptKeyEventToHome=false, mIsFromHome=false, mParentLeash=null, mBackAnimClosingLeash=null, mIsOplusAnimRes=false, mKeepBgForContinuous=false, mIsBalAllow=false, mTaskNotInRecent=false, mIsPredictiveBackAnim=false, mIsMergedWithPredictive=false, mIsLaunchFromSpruce=false, mIsLaunchFromDrive=false, mGlobalSearchPageSwitch=false, mNeedNoAlphaGlobalSearchScene=false, mAssistScreenShowing=false, mSwipeUpBrowserScreenShowing=false, mUserIdTransition=0
03-13 01:58:06.010  2545  2966 V WindowManager: , mInRemoteScene=false, mInPreReady=false, mPreStart=false, mToken=null, mAbortByRemoteFromHome=false, mShellApplyToken=null, mRequestTransitionTaskId=17549, mAbortTransitionOnShell=0, mStartFromShortcut=false, mRemovedTaskId=-1, mTransitionInterruptType=0, mMergeSecondTaskId=-1, mTaskIdStartFromRecents=0, mTransitionId=2100, mCanUseSpringSlideAnim=false, mTransitionLaunchFrom=0, mFoldChangeType=-1, mAnimStartingPosition=[0, 0, 0, 0], mIsOpeningStkDialogActivity=false, mIsNeedApplyStartTForEmbedded=false, mMergeSecondTaskAnimation=false, mIsLaunchUnityStart=false, mIsLaunchFromAssistantByDefault=false, mSkipRemoteTransitionfalse, mIsStartFromKeyguard=false flags=0x0, mWCT=null, mIsOpenMergeToInValidPredictive=false}]}
03-13 01:58:06.015  2545  3837 D BackgroundInstallControlService: Package event received: 0
03-13 01:58:06.015  4042  4112 V WindowManagerShell:  animated by com.android.wm.shell.transition.DefaultTransitionHandler@6e5a467
03-13 01:58:06.021  2545 28571 W ContextImpl: Calling a method in the system process without a qualified user: android.app.ContextImpl.sendBroadcast:1281 com.qualcomm.qti.Performance$SendGameLaunchBroadcast.run:292 java.lang.Thread.run:1564 <bottom of call stack> <bottom of call stack> 
03-13 01:58:06.022  2545  3105 W ActivityManager: Slow operation: 86ms so far, now at startProcess: returned from zygote!
03-13 01:58:06.027  2545  5169 I BLASTSyncEngine: onCommitted syncId: 2100, timeout: false ran: false
03-13 01:58:06.033  2545  3125 D CompatChangeReporter: Compat change id reported: 151861875; UID 10262; state: ENABLED
03-13 01:58:06.033  2545  5831 W ActivityManager: Slow operation: 98ms so far, now at startProcess: done updating battery stats
03-13 01:58:06.033  2545  5831 W ActivityManager: Slow operation: 98ms so far, now at startProcess: building log message
03-13 01:58:06.034  2545  5831 I ActivityManager: Start proc 28568:com.android.settings/1000 for next-top-activity {com.android.settings/com.android.settings.applications.InstalledAppDetails}
03-13 01:58:06.034  2545  5831 W ActivityManager: Slow operation: 98ms so far, now at startProcess: starting to update pids map
03-13 01:58:06.034  2545  4608 D OplusSplitScreenManagerService: com.android.settings unSupportsSplitScreen by blockList or ForbidActivityList
03-13 01:58:06.034  2545  5831 W ActivityManager: Slow operation: 98ms so far, now at startProcess: done updating pids map
03-13 01:58:06.034  2545  4608 D OplusSplitScreenManagerService: com.android.settings unSupportsSplitScreen by blockList or ForbidActivityList
03-13 01:58:06.034  2545  3064 D AppProfilerExtImpl: Skipped pss collection for CPU busy
03-13 01:58:06.034  2545  2967 I ActivityManager: ProcessObserver broadcast disabled
03-13 01:58:06.041  2545  4608 D OplusSplitScreenManagerService: com.android.settings unSupportsSplitScreen by blockList or ForbidActivityList
03-13 01:58:06.041  2545  4608 D OplusSplitScreenManagerService: com.android.settings unSupportsSplitScreen by blockList or ForbidActivityList
03-13 01:58:06.046  2545  5831 D WindowManager: rotation(ROTATION_0) no changed  displayId = 0, lastOrientation = 5
03-13 01:58:06.046  2545  5831 D OplusSplitScreenManagerService: com.android.settings unSupportsSplitScreen by blockList or ForbidActivityList
03-13 01:58:06.046  2545  5831 D OplusSplitScreenManagerService: com.android.settings unSupportsSplitScreen by blockList or ForbidActivityList
03-13 01:58:06.046  2545  5831 I TaskOrganizerController: onTaskInfoChanged taskid 17549 config { mBounds=Rect(0, 0 - 1080, 2412) mAppBounds=Rect(0, 0 - 1080, 2412) mMaxBounds=Rect(0, 0 - 1080, 2412) mDisplayRotation=ROTATION_0 mWindowingMode=fullscreen mActivityType=standard mAlwaysOnTop=undefined mRotation=ROTATION_0}
03-13 01:58:06.048  2545  5831 D OplusSplitScreenManagerService: com.android.settings unSupportsSplitScreen by blockList or ForbidActivityList
03-13 01:58:06.048  2545  5831 D OplusSplitScreenManagerService: com.android.settings unSupportsSplitScreen by blockList or ForbidActivityList
03-13 01:58:06.048  2545  5831 D OplusSplitScreenManagerService: com.android.settings unSupportsSplitScreen by blockList or ForbidActivityList
03-13 01:58:06.048  2545  5831 D OplusSplitScreenManagerService: com.android.settings unSupportsSplitScreen by blockList or ForbidActivityList
03-13 01:58:06.049  2545  5831 D OplusFlexibleDragToSplitAnimController: visibleFlexibleTaskInfos delete:17549
03-13 01:58:06.049  2545  5831 E FlexibleWindowManagerService: notifyTaskObserverToAttachController not need to notify!
03-13 01:58:06.049  2545  5831 I FlexibleWindowManagerService: onFlexibleWindowTaskInfoChanged, return for cur task not embedded
03-13 01:58:06.049  2545  5831 D OplusDexOptimizeManager: Do not in AppLaunchOptList, and is systemApp, don't need start-app or repair-dex com.android.settings
03-13 01:58:06.050  2545  3098 I UserAwareMgr: handleTopAppChanged: com.android.settings, pid: 28568, uid: 1000
03-13 01:58:06.050  2545  5831 D ActivityTaskManager: onWindowFocusChanged Task{ab8fad7 #17549 type=standard A=1000:.applications.InstalledAppDetailsTop} would transfer to compact
03-13 01:58:06.050  2545  5831 D ActivityTaskManager: NFW_setLastResumedActivityUncheckLocked:true r:ActivityRecord{217438744 u0 com.android.settings/.applications.InstalledAppDetails t17549} currentFocus:null
03-13 01:58:06.050  2545  5831 D WindowManager: NFW_findFocusedWindowIfNeeded:null mCurrentFocus:null
03-13 01:58:06.050  2545  5831 D FlexibleTaskController: onTaskFocusChanged prevTask:Task{c53611a #5 type=home I=com.android.launcher/.Launcher} ,currentTask:Task{ab8fad7 #17549 type=standard A=1000:.applications.InstalledAppDetailsTop}, reason: realStartActivityLocked - onActivityStateChanged
03-13 01:58:06.050  2545  5831 D OplusFlexibleDCSManager: onNextPkgChanged pkg = com.android.settings
03-13 01:58:06.052  2545  5831 D OplusSplitScreenManagerService: com.android.settings unSupportsSplitScreen by blockList or ForbidActivityList
03-13 01:58:06.053  2545  5831 D OplusSplitScreenManagerService: com.android.settings unSupportsSplitScreen by blockList or ForbidActivityList
03-13 01:58:06.053  2545  5831 D OplusVisibleTasks:  notifyTaskFocusChange no need.
03-13 01:58:06.053  2545  5831 I OplusAppSwitchManagerService: appswitch hasProcess ActivityRecord{217438744 u0 com.android.settings/.applications.InstalledAppDetails t17549}
03-13 01:58:06.053  2545  5831 I OplusJoystickManager: handleApplicationSwitch deprecated!
03-13 01:58:06.053  2545  5831 I GameManagerServiceExt-GameManagerServiceExt: on FG change: com.android.launcher|com.android.settings
03-13 01:58:06.053  2545  5831 I OplusAppSwitchManagerService: appswitch hasProcess ActivityRecord{217438744 u0 com.android.settings/.applications.InstalledAppDetails t17549}
03-13 01:58:06.055  2545 10037 I ActivityManager: Death received, pid = 28291, processName = com.safespace.app for thread android.os.BinderProxy@9023869
03-13 01:58:06.055  2545  3191 D OplusAppSwitchListener: App Activity Change
03-13 01:58:06.055  2545  3191 D OplusAppSwitchListener: Detect com.android.launcher switch to background
03-13 01:58:06.055  2545  3191 D OplusFeatureReduceBrightness: onAppExit , info = com.android.launcher
03-13 01:58:06.055  2545  3191 D OplusAppSwitchListener: Detect com.android.settings switch to foreground
03-13 01:58:06.055  2545  3191 D OplusFeatureGlobalLimitBrightness: switch to display extreme mode 
03-13 01:58:06.058  2545  5182 I ActivityManager: Process com.safespace.app (pid 28291) has died: cch CRE 
03-13 01:58:06.059  2545  4608 D OplusSplitScreenManagerService: com.android.settings unSupportsSplitScreen by blockList or ForbidActivityList
03-13 01:58:06.060  2545  2971 D SurfaceAnimationRunner: onAnimationEnd:Surface(name=Surface(name=4e17c96 Application Error: com.safespace.app)/@0xae4aa91 - animation-leash of window_animation)/@0xfd847c7
03-13 01:58:06.060  2545  2971 D SurfaceAnimationRunner: onAnimationEnd:Surface(name=Dim Layer for - Display 0 name="Built-in Screen")/@0x81c4a93
03-13 01:58:06.060  2545  4608 D OplusSplitScreenManagerService: com.android.settings unSupportsSplitScreen by blockList or ForbidActivityList
03-13 01:58:06.061  2545  5169 D OplusSplitScreenManagerService: com.android.settings unSupportsSplitScreen by blockList or ForbidActivityList
03-13 01:58:06.062  2545  5169 D OplusSplitScreenManagerService: com.android.settings unSupportsSplitScreen by blockList or ForbidActivityList
03-13 01:58:06.062 28568 28568 V Configuration: Updating configuration, locales updated from [] to [en_GB]
03-13 01:58:06.062  2545  3098 W UserAwareMgr: event can not be released, id: 5005, count: 2, releasePid: 2545
03-13 01:58:06.062  2545  3186 D OplusBiometricsDisplayHelper: isFold: false, isUnblockByFp: null
03-13 01:58:06.067  2545  3098 I UserAwareMgr: process killed: {pkgName='com.safespace.app', serviceName='', procName=com.safespace.app, pid=28291, uid=10443, appId=0, owner='null', flags='bg', renderTid=0, hwuiTids=null, glTids=null, threadInfos=null, mVideoActivityList=[], mStates=0}
03-13 01:58:06.067  2545  3098 I UserAwareMgr: handleProcessKilled, pkgName: com.safespace.app, pid: 28291
03-13 01:58:06.068  2545  2970 I WindowManager: Window{4e17c96 u0 Application Error: com.safespace.app} state from HAS_DRAWN to NO_SURFACE; reason: destroySurface
03-13 01:58:06.070  2545  4615 D OplusEapManager: mTargetExitName :com.android.launcher
03-13 01:58:06.070  2545  2970 I TaskOrganizerController: onTaskInfoChanged taskid 1 config { mBounds=Rect(0, 0 - 1080, 2412) mAppBounds=Rect(0, 0 - 1080, 2412) mMaxBounds=Rect(0, 0 - 1080, 2412) mDisplayRotation=ROTATION_0 mWindowingMode=fullscreen mActivityType=home mAlwaysOnTop=undefined mRotation=ROTATION_0}
03-13 01:58:06.071  2545  2970 D OplusFlexibleDragToSplitAnimController: visibleFlexibleTaskInfos delete:1
03-13 01:58:06.071  2545  2970 E FlexibleWindowManagerService: notifyTaskObserverToAttachController not need to notify!
03-13 01:58:06.071  2545  2970 I FlexibleWindowManagerService: onFlexibleWindowTaskInfoChanged, return for cur task not embedded
03-13 01:58:06.071  2545  2970 D OplusSplitScreenManagerService: com.android.settings unSupportsSplitScreen by blockList or ForbidActivityList
03-13 01:58:06.071  2545  2970 D OplusSplitScreenManagerService: com.android.settings unSupportsSplitScreen by blockList or ForbidActivityList
03-13 01:58:06.071  2545  2970 I TaskOrganizerController: onTaskInfoChanged taskid 17549 config { mBounds=Rect(0, 0 - 1080, 2412) mAppBounds=Rect(0, 0 - 1080, 2412) mMaxBounds=Rect(0, 0 - 1080, 2412) mDisplayRotation=ROTATION_0 mWindowingMode=fullscreen mActivityType=standard mAlwaysOnTop=undefined mRotation=ROTATION_0}
03-13 01:58:06.071  2545  2970 D OplusSplitScreenManagerService: com.android.settings unSupportsSplitScreen by blockList or ForbidActivityList
03-13 01:58:06.071  2545  2970 D OplusSplitScreenManagerService: com.android.settings unSupportsSplitScreen by blockList or ForbidActivityList
03-13 01:58:06.071  2545  2970 D OplusFlexibleDragToSplitAnimController: visibleFlexibleTaskInfos delete:17549
03-13 01:58:06.071  2545  2970 E FlexibleWindowManagerService: notifyTaskObserverToAttachController not need to notify!
03-13 01:58:06.071  2545  2970 I FlexibleWindowManagerService: onFlexibleWindowTaskInfoChanged, return for cur task not embedded
03-13 01:58:06.073  2545  3194 D VRR [OPlusRefreshRateService]: handleFrontAppChange pkgName: null
03-13 01:58:06.073  2545  3130 E OplusThermalStats: Error getting package info: com.android.settings
03-13 01:58:06.074  2545  4555 I OPM     : handleUidGone uid: 10443, disabled: false
03-13 01:58:06.077  2545  4555 I OPM     : handleAppExit info: ApplicationExitInfo(timestamp=13/03/2026, 01:58 pid=28291 realUid=10443 packageUid=10443 definingUid=10443 user=0 process=com.safespace.app reason=4 (APP CRASH(EXCEPTION)) subreason=0 (UNKNOWN) status=0 importance=100 pss=0.00 rss=0.00 description=crash state=empty trace=null
03-13 01:58:06.078  2545  5182 D SnapshotCache: removeRunningEntry id: 17548, callers=com.android.server.wm.SnapshotCache.onAppRemoved:91 com.android.server.wm.AbsAppSnapshotController.onAppRemoved:755 com.android.server.wm.SnapshotController.onAppRemoved:97 
03-13 01:58:06.078  2545  5182 D ActivityTaskManager: removeAppToken: ActivityRecord{101189796 u0 com.safespace.app/.MainActivity t17548 f}} delayed=true parent=Task{611f9b8 #17548 type=standard I=com.safespace.app/.MainActivity} animating=true Callers=com.android.server.wm.DisplayContent.removeAppToken:1755 com.android.server.wm.ActivityRecord.removeFromHistory:4972 com.android.server.wm.ActivityRecord.handleAppDied:5337 com.android.server.wm.WindowProcessController.handleAppDied:1718 
03-13 01:58:06.079  2545  5182 D ActivityTaskManager: removeStartingWindowAnimation starting ActivityRecord{101189796 u0 com.safespace.app/.MainActivity t17548 f}} startingWindow=null ,startingView=com.android.server.wm.StartingSurfaceController$StartingSurface@4f745fa,Callers=com.android.server.wm.ActivityRecord.removeStartingWindow:3392 com.android.server.wm.ActivityRecord.onRemovedFromDisplay:5411 com.android.server.wm.DisplayContent.removeAppToken:1755 com.android.server.wm.ActivityRecord.removeFromHistory:4972 com.android.server.wm.ActivityRecord.handleAppDied:5337 
03-13 01:58:06.079  2545  5182 D OplusStartingWindowManager: interceptRemoveStartingWindow: packageName=com.safespace.app,  componentName=com.safespace.app/.MainActivity, isSnapshot=false, startingSurfaceRunnable=null, isDrawCompleted=true, hasSurfaceView=false, inTransition=false
03-13 01:58:06.079  2545  5182 D OplusSplitScreenManagerService: notifyRemoveStartingWindow mOplusSpiltScreenDnDUI is null, just return!
03-13 01:58:06.079  2545  5182 D OplusStartingWindowManager: interceptRemoveStartingWindow: hasSplashWindowFlag() return false for activity=ActivityRecord{101189796 u0 com.safespace.app/.MainActivity t17548 f}}
03-13 01:58:06.083  2545  4615 D OplusAppSwitchRuleInfo: generateAppEnterInfo - launch_source_type =  , launch_source_traceid = 
03-13 01:58:06.083  2545  4656 D OplusSplitScreenManagerService: com.android.settings unSupportsSplitScreen by blockList or ForbidActivityList
03-13 01:58:06.083  2545  4656 D OplusSplitScreenManagerService: com.android.settings unSupportsSplitScreen by blockList or ForbidActivityList
03-13 01:58:06.083  2545  4656 D ActivityTaskManager: Skipping, invisible task: Task{c53611a #5 type=home I=com.android.launcher/.Launcher}
03-13 01:58:06.083  2545  4656 D ActivityTaskManager: after skip size:3,pre-Filtered:com.android.settings # com.safespace.app # com.oppo.quicksearchbox # 
03-13 01:58:06.087  2545  4656 D OplusSplitScreenManagerService: com.android.settings unSupportsSplitScreen by blockList or ForbidActivityList
03-13 01:58:06.088  2545  4656 D OplusSplitScreenManagerService: com.android.settings unSupportsSplitScreen by blockList or ForbidActivityList
03-13 01:58:06.090  2545  4615 D OplusAppSwitchRuleInfo: generateAppEnterInfo - launch_source_type =  , launch_source_traceid = 
03-13 01:58:06.090  2545  4656 V WindowManager: Relayout Window{95899eb u0 Splash Screen com.safespace.app}: viewVisibility=8, oldvis=0, req=1080x2412 , apr = 0, vsysui=
03-13 01:58:06.090  2545  4615 D OplusAppSwitchRuleInfo: generateAppEnterInfo - launch_source_type =  , launch_source_traceid = 
03-13 01:58:06.092  2545  4656 D WindowManager: NFW_findFocusedWindowIfNeeded:null mCurrentFocus:null
03-13 01:58:06.095  2545  4697 I WindowManager: Window{95899eb u0 Splash Screen com.safespace.app} state from HAS_DRAWN to NO_SURFACE; reason: destroySurface
03-13 01:58:06.097  2545  4697 D WindowManager: NFW_findFocusedWindowIfNeeded:null mCurrentFocus:null
03-13 01:58:06.097  2545  3693 D ActivityManager: freezing 14527 com.oplus.securitypermission
