03-13 01:58:38.481  2545  3528 D DisplayPowerController[display=0]: requestPowerState: policy=DOZE, useProximitySensor=false, screenBrightnessOverride=-1.0, useAutoBrightness=false, screenAutoBrightnessAdjustmentOverride=NaN, screenLowPowerBrightnessFactor=1.0, blockScreenOn=false, lowPowerMode=false, boostScreenBrightness=false, dozeScreenBrightness=0.27559054, dozeScreenState=DOZE_SUSPEND, dozeScreenStateReason=UNKNOWN, useNormalBrightnessForDoze=false, waitForNegativeProximity=false displayReady=false pendingRequest=true
03-13 01:58:38.481  2545  3528 D DisplayManagerServiceExtImpl: request size(1,1),dpc=com.android.server.display.DisplayPowerController@7418311 size(0,1),flags=0X200F,id(0,0,local:4630947111810692738),enable=true,ready=false,waitForNegativeProximity=false policy=DOZE,useProximitySensor=false,dozeState=DOZE_SUSPEND,screenBrightnessOverride=-1.000000,useAuto=false,lowPower=false,lowPowerFactor=1.000000
03-13 01:58:38.491  2545  3186 D OplusDisplayState: setScreenState = 4 isPrimary = true
03-13 01:58:38.491  2545  3186 D DisplayPowerState[display=0]: setScreenState changed:DOZE->DOZE_SUSPEND
03-13 01:58:38.491  2545  3194 D VRR [OPlusRefreshRateService]: handleScreenStateChange physicalDisplayId: 4630947111810692738, state: 4
03-13 01:58:38.492  2545  3186 D AutomaticController[display=0]: Change the enable setting from false to true while dozing
03-13 01:58:38.492  2545  3186 D OplusBiometricsDisplayHelper: isFold: false, isUnblockByFp: null
03-13 01:58:38.493  2545  3186 D DpcExtImpl[display=0]: add for debug Aod brightness set 1134.3597
03-13 01:58:38.493  2545  3896 D DisplayPowerState[display=0]: Updating screen state: id=0, state=DOZE_SUSPEND, backlight=1134.3597, sdrBacklight=1134.3597
03-13 01:58:38.493  2545  3896 D DisplayAdapterExt: sendDisplayDeviceEventLocked event=2,now=118927595,timestamp=118927595 device:[id=local:4630947111810692738,stack=0],isFirst=true,activeMode=1,state=DOZE_SUSPEND,commitState=DOZE,devInfo:null
03-13 01:58:38.494  2545  2969 I DisplayDeviceRepository: Display device changed state: "Built-in Screen", DOZE_SUSPEND
03-13 01:58:38.494  2545  2969 D LogicalDisplayMapper: Display device changed diff=2
03-13 01:58:38.494  2545  2969 D LogicalDisplayExt: set displayInfo flag FLAG_ROTATES_WITH_CONTENT
03-13 01:58:38.494  2545  2969 D DisplayManagerServiceExtImpl: scheduleTraversalLocked intraversal=false
03-13 01:58:38.494  2545  2969 I DisplayManagerServiceExtImpl: handle logical display changed logicalDisplay=id=0,stack=0,content=true,displayInfo{stack=0,type=1,id=0,uId=local:4630947111810692738,state=DOZE_SUSPEND,pkg=null}
03-13 01:58:38.494  2545  2969 D DisplayManagerService: Delivering display event: displayId=0, event=BASIC_CHANGED
03-13 01:58:38.497  2545  2967 D WindowManager: DeferredDisplayUpdater: partially applying DisplayInfo(1080 x 2412) immediately
03-13 01:58:38.497  3957  3957 D CastManagerService: onDisplayChanged.
03-13 01:58:38.502  2545  2967 D OplusVFXScreenEffectFeature: notifySFCompatWindowStateChange entered false
03-13 01:58:38.504  2545  2967 D DisplayManagerService: performTraversalInternal pendingTraversal
03-13 01:58:38.505  2545  2967 D DisplayDevice: setLayerStackLocked id=local:4630947111810692738 token=android.os.BinderProxy@dea25f5 stack=0->0
03-13 01:58:38.506  2545  2969 D DisplayManagerService: MSG_REQUEST_TRAVERSAL pendingCompleted=false
03-13 01:58:38.510  2545  2969 D DisplayManagerService: Delivering display event: displayId=0, event=EVENT_DISPLAY_STATE_CHANGED
03-13 01:58:38.527  2545  3896 D DisplayAdapterExt: sendDisplayDeviceEventLocked event=2,now=118927629,timestamp=118927629 device:[id=local:4630947111810692738,stack=0],isFirst=true,activeMode=1,state=DOZE_SUSPEND,commitState=DOZE_SUSPEND,devInfo:null
03-13 01:58:38.527  2545  3186 D DpcExtImpl[display=0]: add for debug Aod brightness set 1134.3597
03-13 01:58:38.527  2545  2969 I DisplayDeviceRepositoryExtImpl: Display device changed committed state: "Built-in Screen", DOZE_SUSPEND
03-13 01:58:38.527  2545  2969 D LogicalDisplayMapper: Display device changed diff=4
03-13 01:58:38.527  2545  2969 D LogicalDisplayExt: set displayInfo flag FLAG_ROTATES_WITH_CONTENT
03-13 01:58:38.528  2545  2969 D DisplayManagerService: Delivering display event: displayId=0, event=EVENT_DISPLAY_COMMITTED_STATE_CHANGED
03-13 01:58:38.529  2545  3186 D AutomaticController[display=0]: Change the enable setting from false to true while dozing
03-13 01:58:38.529  2545  3186 D OplusBiometricsDisplayHelper: isFold: false, isUnblockByFp: null
03-13 01:58:38.654  2545  3528 E AppOps  : attributionTag ArcBrightness not declared in manifest of android
03-13 01:58:39.651  2545  4697 E AppOps  : attributionTag OplusLBS not declared in manifest of android
03-13 01:58:39.661  2545  4697 E AppOps  : attributionTag ArcBrightness not declared in manifest of android
03-13 01:58:39.665  2545  3191 E AppOps  : attributionTag ArcBrightness not declared in manifest of android
03-13 01:58:39.665  2545  3191 E AppOps  : attributionTag ArcBrightness not declared in manifest of android
03-13 01:58:39.670  2545  3098 W QosScheduler: getScenario failed! scenarios is null, mask=1024
03-13 01:58:39.670  2545  3098 W QosScheduler: executeSceneQosStrategy get scenario failed! scenario is null
03-13 01:58:39.671  2545  2966 E AppOps  : attributionTag OplusLBS not declared in manifest of android
03-13 01:58:41.758  2545  3699 V AlarmManager: sending alarm Alarm{57232f4 type 1 origWhen 1773347317390 whenElapsed 118926492 android} uid 1000 whenElapsed 118926492 windowLength 0 maxWhenElapsed 118926492 repeatInterval 0 action null component null tag StorgaeBandInfoAlarmTag flags 0x9 procName system_server
03-13 01:58:41.765  2545  3699 V AlarmManager: sending alarm Alarm{9de3a1d type 3 origWhen 118927000 whenElapsed 118927000 android} uid 1000 whenElapsed 118927000 windowLength 0 maxWhenElapsed 118927000 repeatInterval 0 action null component null tag StatsCompanionService.periodic flags 0x9 procName system_server
03-13 01:58:41.765  2545  3699 V AlarmManager: sending alarm Alarm{8c1c492 type 2 origWhen 118930860 whenElapsed 118930860 com.android.systemui} uid 10223 whenElapsed 118930860 windowLength 0 maxWhenElapsed 118930860 repeatInterval 0 action com.android.systemui.aod.HIDE_TIME component null flags 0x9 procName com.android.systemui
03-13 01:58:41.810  4042  4042 V DreamService[DozeService]: UpdateDoze mDozeScreenState=3 mDozeScreenBrightness=71 mDozeScreenBrightnessFloat=NaN
03-13 01:58:41.812  2545  4697 D DreamManagerService: Dream requested to start dozing: android.os.Binder@7506010, screenState=DOZE, reason=UNKNOWN, screenBrightnessFloat=NaN, screenBrightnessInt=71, useNormalBrightnessForDoze=false
03-13 01:58:41.812  2545  4697 D OplusFeatureAOD: key:2545 tmp:3
03-13 01:58:41.813  2545  4697 D DisplayPowerController[display=0]: requestPowerState: policy=DOZE, useProximitySensor=false, screenBrightnessOverride=-1.0, useAutoBrightness=false, screenAutoBrightnessAdjustmentOverride=NaN, screenLowPowerBrightnessFactor=1.0, blockScreenOn=false, lowPowerMode=false, boostScreenBrightness=false, dozeScreenBrightness=0.27559054, dozeScreenState=DOZE, dozeScreenStateReason=UNKNOWN, useNormalBrightnessForDoze=false, waitForNegativeProximity=false displayReady=false pendingRequest=true
03-13 01:58:41.813  2545  4697 D DisplayManagerServiceExtImpl: request size(1,1),dpc=com.android.server.display.DisplayPowerController@7418311 size(0,1),flags=0X200F,id(0,0,local:4630947111810692738),enable=true,ready=false,waitForNegativeProximity=false policy=DOZE,useProximitySensor=false,dozeState=DOZE,screenBrightnessOverride=-1.000000,useAuto=false,lowPower=false,lowPowerFactor=1.000000
03-13 01:58:41.819  2545  3186 D OplusDisplayState: setScreenState = 3 isPrimary = true
03-13 01:58:41.819  2545  3194 D VRR [OPlusRefreshRateService]: handleScreenStateChange physicalDisplayId: 4630947111810692738, state: 3
03-13 01:58:41.819  2545  3186 D DisplayPowerState[display=0]: setScreenState changed:DOZE_SUSPEND->DOZE
03-13 01:58:41.819  2545  3186 D AutomaticController[display=0]: Change the enable setting from false to true while dozing
03-13 01:58:41.820  2545  3186 D OplusBiometricsDisplayHelper: isFold: false, isUnblockByFp: null
03-13 01:58:41.820  2545  3186 D DpcExtImpl[display=0]: add for debug Aod brightness set 1134.3597
03-13 01:58:41.820  2545  3896 D DisplayPowerState[display=0]: Updating screen state: id=0, state=DOZE, backlight=1134.3597, sdrBacklight=1134.3597
03-13 01:58:41.820  2545  3896 D DisplayAdapterExt: sendDisplayDeviceEventLocked event=2,now=118930922,timestamp=118930922 device:[id=local:4630947111810692738,stack=0],isFirst=true,activeMode=1,state=DOZE,commitState=DOZE_SUSPEND,devInfo:null
03-13 01:58:41.821  2545  2969 I DisplayDeviceRepository: Display device changed state: "Built-in Screen", DOZE
03-13 01:58:41.821  2545  2969 D LogicalDisplayMapper: Display device changed diff=2
03-13 01:58:41.821  2545  2969 D LogicalDisplayExt: set displayInfo flag FLAG_ROTATES_WITH_CONTENT
03-13 01:58:41.821  2545  2969 D DisplayManagerServiceExtImpl: scheduleTraversalLocked intraversal=false
03-13 01:58:41.821  2545  2969 I DisplayManagerServiceExtImpl: handle logical display changed logicalDisplay=id=0,stack=0,content=true,displayInfo{stack=0,type=1,id=0,uId=local:4630947111810692738,state=DOZE,pkg=null}
03-13 01:58:41.821  2545  2969 D DisplayManagerService: Delivering display event: displayId=0, event=BASIC_CHANGED
03-13 01:58:41.822  2545  2967 D WindowManager: DeferredDisplayUpdater: partially applying DisplayInfo(1080 x 2412) immediately
03-13 01:58:41.823  2545  2967 D OplusVFXScreenEffectFeature: notifySFCompatWindowStateChange entered false
03-13 01:58:41.825  3957  3957 D CastManagerService: onDisplayChanged.
03-13 01:58:41.826  2545  3896 D DisplayAdapterExt: sendDisplayDeviceEventLocked event=2,now=118930928,timestamp=118930928 device:[id=local:4630947111810692738,stack=0],isFirst=true,activeMode=1,state=DOZE,commitState=DOZE,devInfo:null
03-13 01:58:41.827  2545  2969 D DisplayManagerService: MSG_REQUEST_TRAVERSAL pendingCompleted=false
03-13 01:58:41.827  2545  2967 D DisplayManagerService: performTraversalInternal pendingTraversal
03-13 01:58:41.827  2545  2967 D DisplayDevice: setLayerStackLocked id=local:4630947111810692738 token=android.os.BinderProxy@dea25f5 stack=0->0
03-13 01:58:41.829  2545  2969 D DisplayManagerService: Delivering display event: displayId=0, event=EVENT_DISPLAY_STATE_CHANGED
03-13 01:58:41.829  2545  3186 D DpcExtImpl[display=0]: add for debug Aod brightness set 1134.3597
03-13 01:58:41.830  2545  3186 D AutomaticController[display=0]: Change the enable setting from false to true while dozing
03-13 01:58:41.830  2545  3186 D OplusBiometricsDisplayHelper: isFold: false, isUnblockByFp: null
03-13 01:58:41.832  2545  2969 I DisplayDeviceRepositoryExtImpl: Display device changed committed state: "Built-in Screen", DOZE
03-13 01:58:41.832  2545  2969 D LogicalDisplayMapper: Display device changed diff=4
03-13 01:58:41.832  2545  2969 D LogicalDisplayExt: set displayInfo flag FLAG_ROTATES_WITH_CONTENT
03-13 01:58:41.832  2545  2969 D DisplayManagerService: Delivering display event: displayId=0, event=EVENT_DISPLAY_COMMITTED_STATE_CHANGED
03-13 01:58:42.835  2545  4007 V WindowManager: Relayout Window{10ecf89 u0 OnScreenFingerprintPressedIcon}: viewVisibility=8, oldvis=0, req=171x171 , apr = 0, vsysui=
03-13 01:58:42.836  2545  4007 I WindowManager: Window{10ecf89 u0 OnScreenFingerprintPressedIcon} state from HAS_DRAWN to NO_SURFACE; reason: destroySurface
03-13 01:58:42.841  2545  4007 D WindowManager: NFW_findFocusedWindowIfNeeded:Window{d19c55d u0 NotificationShade} mCurrentFocus:Window{d19c55d u0 NotificationShade}
03-13 01:58:42.851  2545  4007 V WindowManager: Relayout Window{a2750b7 u0 OnScreenFingerprintIcon}: viewVisibility=8, oldvis=0, req=1080x1080 , apr = 0, vsysui=
03-13 01:58:42.852  2545  4007 I WindowManager: Window{a2750b7 u0 OnScreenFingerprintIcon} state from HAS_DRAWN to NO_SURFACE; reason: destroySurface
03-13 01:58:42.854  2545  4007 D WindowManager: NFW_findFocusedWindowIfNeeded:Window{d19c55d u0 NotificationShade} mCurrentFocus:Window{d19c55d u0 NotificationShade}
03-13 01:58:42.937  2545  3958 D OAppNetControlService: Hans update:[10374=true][0|0] blackList:[10322, 10400, 10389, 10344, 10330, 10337, 10338, 10357, 10339, 10365, 10377, 10340, 10374]
03-13 01:58:42.938  2545  3958 D OAppNetControlService: Hans update:[10374=false][0|0] blackList:[10322, 10400, 10389, 10344, 10330, 10337, 10338, 10357, 10339, 10365, 10377, 10340]
03-13 01:58:43.172  2545  3693 D ActivityManager: freezing 16419 com.oplus.romupdate
03-13 01:58:43.175  2545  3693 D ActivityManager: Freeze process 16419, not check file locks
03-13 01:58:43.175  2545  3693 D ActivityManager: reportOneUidFrozenStateChanged uid 10202 frozen = true
03-13 01:58:43.347  4042  4042 V DreamService[DozeService]: UpdateDoze mDozeScreenState=1 mDozeScreenBrightness=71 mDozeScreenBrightnessFloat=NaN
03-13 01:58:43.347  2545  3528 D DreamManagerService: Dream requested to start dozing: android.os.Binder@7506010, screenState=OFF, reason=UNKNOWN, screenBrightnessFloat=NaN, screenBrightnessInt=71, useNormalBrightnessForDoze=false
03-13 01:58:43.347  2545  3528 D OplusFeatureAOD: key:2545 tmp:0
03-13 01:58:43.348  2545  3528 D DisplayPowerController[display=0]: requestPowerState: policy=DOZE, useProximitySensor=false, screenBrightnessOverride=-1.0, useAutoBrightness=false, screenAutoBrightnessAdjustmentOverride=NaN, screenLowPowerBrightnessFactor=1.0, blockScreenOn=false, lowPowerMode=false, boostScreenBrightness=false, dozeScreenBrightness=0.27559054, dozeScreenState=OFF, dozeScreenStateReason=UNKNOWN, useNormalBrightnessForDoze=false, waitForNegativeProximity=false displayReady=false pendingRequest=true
03-13 01:58:43.348  2545  3528 D DisplayManagerServiceExtImpl: request size(1,1),dpc=com.android.server.display.DisplayPowerController@7418311 size(0,1),flags=0X200F,id(0,0,local:4630947111810692738),enable=true,ready=false,waitForNegativeProximity=false policy=DOZE,useProximitySensor=false,dozeState=OFF,screenBrightnessOverride=-1.000000,useAuto=false,lowPower=false,lowPowerFactor=1.000000
03-13 01:58:43.348  2545  3186 D DisplayPowerState[display=0]: setColorFadeLevel: level=0.0
03-13 01:58:43.348  2545  3186 D DpcExtImpl[display=0]: RECORD: Animation finished when screen is off isInteractive: false
03-13 01:58:43.348  2545  3186 D Biometrics_DEBUG: [onGoToSleepFinish]
03-13 01:58:43.349  2545  3186 E OplusCustomizeRestrictionManagerService: isBiometricDisabled start
03-13 01:58:43.349  2545  3186 D AutomaticController[display=0]: Change the enable setting from false to true while dozing
03-13 01:58:43.349  2545  3186 D OplusBiometricsDisplayHelper: isFold: false, isUnblockByFp: null
03-13 01:58:43.350  2545  3186 D DpcExtImpl[display=0]: add for debug Aod brightness set 1134.3597
03-13 01:58:43.350  2545  3186 D DisplayPowerState[display=0]: updateRunnable run fadeLevle=0.0 state=DOZE brightness changed:1134.3597->1134.3597
03-13 01:58:43.352  2545  3186 D OplusDisplayState: setScreenState = 1 isPrimary = true
03-13 01:58:43.352  2545  3186 D DisplayPowerState[display=0]: setScreenState changed:DOZE->OFF
03-13 01:58:43.353  2545  3186 D AutomaticController[display=0]: setAutoStrategyEnabled: enable=false, mAutoStrategyEnable=true
03-13 01:58:43.353  2545  3186 I DisplayBrightnessStrategySelector: Changing the DisplayBrightnessStrategy from DozeBrightnessStrategy to ScreenOffBrightnessStrategy for display 0
03-13 01:58:43.353  2545  3186 D OplusBiometricsDisplayHelper: isFold: false, isUnblockByFp: null
03-13 01:58:43.353  2545  3186 D DisplayPowerState[display=0]: updateRunnable run fadeLevle=0.0 state=OFF brightness changed:1134.3597->-1.0
03-13 01:58:43.353  2545  3194 D VRR [OPlusRefreshRateService]: handleScreenStateChange physicalDisplayId: 4630947111810692738, state: 1
03-13 01:58:43.354  2545  3896 D DisplayPowerState[display=0]: Updating screen state: id=0, state=OFF, backlight=-1.0, sdrBacklight=-1.0
03-13 01:58:43.354  2545  3896 D DisplayAdapterExt: sendDisplayDeviceEventLocked event=2,now=118932456,timestamp=118932456 device:[id=local:4630947111810692738,stack=0],isFirst=true,activeMode=1,state=OFF,commitState=DOZE,devInfo:null
03-13 01:58:43.355  2545  2969 I DisplayDeviceRepository: Display device changed state: "Built-in Screen", OFF
03-13 01:58:43.355  2545  2969 D LogicalDisplayMapper: Display device changed diff=2
03-13 01:58:43.356  2545  2969 D LogicalDisplayExt: set displayInfo flag FLAG_ROTATES_WITH_CONTENT
03-13 01:58:43.356  2545  2969 D DisplayManagerServiceExtImpl: scheduleTraversalLocked intraversal=false
03-13 01:58:43.356  2545  2969 I DisplayManagerServiceExtImpl: handle logical display changed logicalDisplay=id=0,stack=0,content=true,displayInfo{stack=0,type=1,id=0,uId=local:4630947111810692738,state=OFF,pkg=null}
03-13 01:58:43.356  2545  2969 D DisplayManagerService: Delivering display event: displayId=0, event=BASIC_CHANGED
03-13 01:58:43.358  2545  2967 D WindowManager: DeferredDisplayUpdater: partially applying DisplayInfo(1080 x 2412) immediately
03-13 01:58:43.362  2545  2967 D OplusVFXScreenEffectFeature: notifySFCompatWindowStateChange entered false
03-13 01:58:43.364  2545  2967 D DisplayManagerService: performTraversalInternal pendingTraversal
03-13 01:58:43.365  2545  2967 D DisplayDevice: setLayerStackLocked id=local:4630947111810692738 token=android.os.BinderProxy@dea25f5 stack=0->-1
03-13 01:58:43.365  2545  2967 I DisplayDevice: [0] Layerstack set to -1 for local:4630947111810692738
03-13 01:58:43.365  2545  2969 D DisplayManagerService: MSG_REQUEST_TRAVERSAL pendingCompleted=false
03-13 01:58:43.366  3957  3957 D CastManagerService: onDisplayChanged.
03-13 01:58:43.368  2545  2969 D DisplayManagerService: Delivering display event: displayId=0, event=EVENT_DISPLAY_STATE_CHANGED
03-13 01:58:43.665  2545  3896 D DisplayAdapterExt: sendDisplayDeviceEventLocked event=2,now=118932767,timestamp=118932767 device:[id=local:4630947111810692738,stack=-1],isFirst=true,activeMode=1,state=OFF,commitState=OFF,devInfo:null
03-13 01:58:43.665  2545  3896 D AidlDisplayPanelFeature: getDisplayPanelFeatureValue +++, featureID:20
03-13 01:58:43.666  2545  2969 I DisplayDeviceRepositoryExtImpl: Display device changed committed state: "Built-in Screen", OFF
03-13 01:58:43.666  2545  2969 D LogicalDisplayMapper: Display device changed diff=4
03-13 01:58:43.666  2545  2969 D LogicalDisplayExt: set displayInfo flag FLAG_ROTATES_WITH_CONTENT
03-13 01:58:43.666  2545  2969 D DisplayManagerService: Delivering display event: displayId=0, event=EVENT_DISPLAY_COMMITTED_STATE_CHANGED
03-13 01:58:43.667  2545  3896 I AidlDisplayPanelFeature: [0]
03-13 01:58:43.667  2545  3896 D AidlDisplayPanelFeature: getDisplayPanelFeatureValue ---, result = [0]
03-13 01:58:43.667  2545  3896 D OplusSilentRebootManager: silence flags file value is :0
03-13 01:58:43.668  2545  3186 D DisplayPowerState[display=0]: updateRunnable run fadeLevle=0.0 state=OFF brightness changed:1134.3597->-1.0
03-13 01:58:43.669  2545  3186 D OplusBiometricsDisplayHelper: isFold: false, isUnblockByFp: null
03-13 01:58:44.670  2545  3098 I QosScheduler[QoSPolicy]: setSceneQoS begin:false sceneId:10
03-13 01:58:46.889  1157 29189 I keystore2: system/security/keystore2/watchdog/src/lib.rs:377 - Watchdog thread idle -> terminating. Have a great day.
03-13 01:58:52.964  2545  3958 D OAppNetControlService: Hans update:[10374=true][0|0] blackList:[10322, 10400, 10389, 10344, 10330, 10337, 10338, 10357, 10339, 10365, 10377, 10340, 10374]
03-13 01:58:52.964  2545  3958 D OAppNetControlService: Hans update:[10374=false][0|0] blackList:[10322, 10400, 10389, 10344, 10330, 10337, 10338, 10357, 10339, 10365, 10377, 10340]
03-13 01:58:56.330  2545  3104 D ActivityManager: Async freezing 1369 com.google.android.apps.messaging
03-13 01:58:57.767  2545  3545 D ActivityManager: Async freezing 29323 com.google.android.apps.wellbeing
03-13 01:58:58.279  2545  3718 I OplusJoystickManager: read game pad state for game manager -> false
03-13 01:58:58.279  2545  3718 W OplusJoystickManager: mInterceptGamepadKey is false
03-13 01:58:58.279  2545  3718 D OplusCustomizeRestrictionManagerService: isLongPressVolumeUpDisabled start
03-13 01:58:58.279  2545  3718 D STKeyLog_StrategyBlackscreenshot: notifyKeyBeforeQueueing, downTime53370688, action=0, interactive=false
03-13 01:58:58.280  2545  3718 I OplusJoystickManager: read game pad state for game manager -> false
03-13 01:58:58.280  2545  3718 W OplusJoystickManager: mInterceptGamepadKey is false
03-13 01:58:58.280  2545  3718 D OplusCustomizeRestrictionManagerService: isLongPressVolumeUpDisabled start
03-13 01:58:58.280  2545  3718 D STKeyLog_StrategyBlackscreenshot: notifyKeyBeforeQueueing, downTime53370688, action=1, interactive=false
03-13 01:58:58.326  4042  4042 V DreamService[DozeService]: UpdateDoze mDozeScreenState=3 mDozeScreenBrightness=71 mDozeScreenBrightnessFloat=NaN
03-13 01:58:58.326  2545 10037 D DreamManagerService: Dream requested to start dozing: android.os.Binder@7506010, screenState=DOZE, reason=UNKNOWN, screenBrightnessFloat=NaN, screenBrightnessInt=71, useNormalBrightnessForDoze=false
03-13 01:58:58.326  2545 10037 D OplusFeatureAOD: key:2545 tmp:3
03-13 01:58:58.327  2545 10037 D DisplayPowerController[display=0]: requestPowerState: policy=DOZE, useProximitySensor=false, screenBrightnessOverride=-1.0, useAutoBrightness=false, screenAutoBrightnessAdjustmentOverride=NaN, screenLowPowerBrightnessFactor=1.0, blockScreenOn=false, lowPowerMode=false, boostScreenBrightness=false, dozeScreenBrightness=0.27559054, dozeScreenState=DOZE, dozeScreenStateReason=UNKNOWN, useNormalBrightnessForDoze=false, waitForNegativeProximity=false displayReady=false pendingRequest=true
03-13 01:58:58.327  2545 10037 D DisplayManagerServiceExtImpl: request size(1,1),dpc=com.android.server.display.DisplayPowerController@7418311 size(0,1),flags=0X200F,id(0,0,local:4630947111810692738),enable=true,ready=false,waitForNegativeProximity=false policy=DOZE,useProximitySensor=false,dozeState=DOZE,screenBrightnessOverride=-1.000000,useAuto=false,lowPower=false,lowPowerFactor=1.000000
03-13 01:58:58.332  2545  3186 D OplusDisplayState: setScreenState = 3 isPrimary = true
03-13 01:58:58.332  2545  3186 D DisplayPowerState[display=0]: setScreenState changed:OFF->DOZE
03-13 01:58:58.332  2545  3194 D VRR [OPlusRefreshRateService]: handleScreenStateChange physicalDisplayId: 4630947111810692738, state: 3
03-13 01:58:58.332  2545  3186 D DisplayPowerState[display=0]: setColorFadeLevel: level=1.0
03-13 01:58:58.332  2545  3186 D AutomaticController[display=0]: Change the enable setting from false to true while dozing
03-13 01:58:58.332  2545  3186 D AutomaticController[display=0]: setAutoStrategyEnabled: enable=true, mAutoStrategyEnable=false
03-13 01:58:58.333  2545  3186 I DisplayBrightnessStrategySelector: Changing the DisplayBrightnessStrategy from ScreenOffBrightnessStrategy to DozeBrightnessStrategy for display 0
03-13 01:58:58.334  2545  3186 D OplusBiometricsDisplayHelper: isFold: false, isUnblockByFp: null
03-13 01:58:58.334  2545  3186 D DpcExtImpl[display=0]: add for debug Aod brightness set 1134.3597
03-13 01:58:58.334  2545  3896 D DisplayPowerState[display=0]: Updating screen state: id=0, state=DOZE, backlight=1134.3597, sdrBacklight=1134.3597
03-13 01:58:58.335  2545  3896 D DisplayAdapterExt: sendDisplayDeviceEventLocked event=2,now=118947437,timestamp=118947437 device:[id=local:4630947111810692738,stack=-1],isFirst=true,activeMode=1,state=DOZE,commitState=OFF,devInfo:null
03-13 01:58:58.335  2545  2969 I DisplayDeviceRepository: Display device changed state: "Built-in Screen", DOZE
03-13 01:58:58.335  2545  2969 D LogicalDisplayMapper: Display device changed diff=2
03-13 01:58:58.335  2545  2969 D LogicalDisplayExt: set displayInfo flag FLAG_ROTATES_WITH_CONTENT
03-13 01:58:58.336  2545  2969 D DisplayManagerServiceExtImpl: scheduleTraversalLocked intraversal=false
03-13 01:58:58.336  2545  2969 I DisplayManagerServiceExtImpl: handle logical display changed logicalDisplay=id=0,stack=0,content=true,displayInfo{stack=0,type=1,id=0,uId=local:4630947111810692738,state=DOZE,pkg=null}
03-13 01:58:58.336  2545  2969 D DisplayManagerService: Delivering display event: displayId=0, event=BASIC_CHANGED
03-13 01:58:58.337  2545  2967 D WindowManager: DeferredDisplayUpdater: partially applying DisplayInfo(1080 x 2412) immediately
03-13 01:58:58.338  2545  2967 D OplusVFXScreenEffectFeature: notifySFCompatWindowStateChange entered false
03-13 01:58:58.339  3957  3957 D CastManagerService: onDisplayChanged.
03-13 01:58:58.340  2545  2967 D DisplayManagerService: performTraversalInternal pendingTraversal
03-13 01:58:58.340  2545  2967 D DisplayDevice: setLayerStackLocked id=local:4630947111810692738 token=android.os.BinderProxy@dea25f5 stack=-1->0
03-13 01:58:58.340  2545  2967 I DisplayDevice: [0] Layerstack set to 0 for local:4630947111810692738
03-13 01:58:58.345  2545  2969 D DisplayManagerService: MSG_REQUEST_TRAVERSAL pendingCompleted=false
03-13 01:58:58.345  2545  2969 D DisplayManagerService: Delivering display event: displayId=0, event=EVENT_DISPLAY_STATE_CHANGED
03-13 01:58:58.345  2545  4656 V WindowManager: Relayout Window{a2750b7 u0 OnScreenFingerprintIcon}: viewVisibility=0, oldvis=8, req=1080x1080 , apr = 0, vsysui=
03-13 01:58:58.346  2545  4656 I WindowManager: Window{a2750b7 u0 OnScreenFingerprintIcon} state from NO_SURFACE to DRAW_PENDING; reason: resetDrawState
03-13 01:58:58.348  2545  4656 D WindowManager: NFW_findFocusedWindowIfNeeded:Window{d19c55d u0 NotificationShade} mCurrentFocus:Window{d19c55d u0 NotificationShade}
03-13 01:58:58.364  2545 10037 I WindowManager: Window{a2750b7 u0 OnScreenFingerprintIcon} state from DRAW_PENDING to COMMIT_DRAW_PENDING; reason: finishDrawingLocked
03-13 01:58:58.365  2545  2970 I WindowManager: Window{a2750b7 u0 OnScreenFingerprintIcon} state from COMMIT_DRAW_PENDING to READY_TO_SHOW; reason: commitFinishDrawingLocked
03-13 01:58:58.365  2545  2970 I WindowManager: Window{a2750b7 u0 OnScreenFingerprintIcon} state from READY_TO_SHOW to HAS_DRAWN; reason: performShowLocked
03-13 01:58:58.367  2545  5831 V WindowManager: Relayout Window{10ecf89 u0 OnScreenFingerprintPressedIcon}: viewVisibility=0, oldvis=8, req=171x171 , apr = 0, vsysui=
03-13 01:58:58.368  2545  5831 I WindowManager: Window{10ecf89 u0 OnScreenFingerprintPressedIcon} state from NO_SURFACE to DRAW_PENDING; reason: resetDrawState
03-13 01:58:58.370  2545  5831 D WindowManager: NFW_findFocusedWindowIfNeeded:Window{d19c55d u0 NotificationShade} mCurrentFocus:Window{d19c55d u0 NotificationShade}
03-13 01:58:58.378  2545  5831 I WindowManager: Window{10ecf89 u0 OnScreenFingerprintPressedIcon} state from DRAW_PENDING to COMMIT_DRAW_PENDING; reason: finishDrawingLocked
03-13 01:58:58.379  2545  2970 I WindowManager: Window{10ecf89 u0 OnScreenFingerprintPressedIcon} state from COMMIT_DRAW_PENDING to READY_TO_SHOW; reason: commitFinishDrawingLocked
03-13 01:58:58.379  2545  2970 I WindowManager: Window{10ecf89 u0 OnScreenFingerprintPressedIcon} state from READY_TO_SHOW to HAS_DRAWN; reason: performShowLocked
03-13 01:58:58.493  4042  4042 V DreamService[DozeService]: UpdateDoze mDozeScreenState=3 mDozeScreenBrightness=32 mDozeScreenBrightnessFloat=NaN
03-13 01:58:58.494  2545 10037 D DreamManagerService: Dream requested to start dozing: android.os.Binder@7506010, screenState=DOZE, reason=UNKNOWN, screenBrightnessFloat=NaN, screenBrightnessInt=32, useNormalBrightnessForDoze=false
03-13 01:58:58.494  2545 10037 D OplusFeatureAOD: key:2545 tmp:3
03-13 01:58:58.494  2545 10037 D DisplayPowerController[display=0]: requestPowerState: policy=DOZE, useProximitySensor=false, screenBrightnessOverride=-1.0, useAutoBrightness=false, screenAutoBrightnessAdjustmentOverride=NaN, screenLowPowerBrightnessFactor=1.0, blockScreenOn=false, lowPowerMode=false, boostScreenBrightness=false, dozeScreenBrightness=0.122047246, dozeScreenState=DOZE, dozeScreenStateReason=UNKNOWN, useNormalBrightnessForDoze=false, waitForNegativeProximity=false displayReady=false pendingRequest=true
03-13 01:58:58.495  2545 10037 D DisplayManagerServiceExtImpl: request size(1,1),dpc=com.android.server.display.DisplayPowerController@7418311 size(0,1),flags=0X200F,id(0,0,local:4630947111810692738),enable=true,ready=false,waitForNegativeProximity=false policy=DOZE,useProximitySensor=false,dozeState=DOZE,screenBrightnessOverride=-1.000000,useAuto=false,lowPower=false,lowPowerFactor=1.000000
03-13 01:58:58.495  2545  3186 D AutomaticController[display=0]: Change the enable setting from false to true while dozing
03-13 01:58:58.495  2545  3186 D OplusFeatureReduceBrightness: setAnimating : animating = true
03-13 01:58:58.495  2545  3186 D OplusBrightnessAmbientAdapter: setAnimating: from false to true
03-13 01:58:58.497  2545  3186 D DpcExtImpl[display=0]: Animating brightness: hdrBrightness target=1134.3597->500.66388,sdrBrightness target=1134.3597->500.66388,rate=2600->2600,rate type = manual->manual,byUser=false local:4630947111810692738 , brightness from dpc = 428.99606
03-13 01:58:58.497  2545  3186 D OplusBiometricsDisplayHelper: isFold: false, isUnblockByFp: null
03-13 01:58:58.502  2545  3186 D DpcExtImpl[display=0]: add for debug Aod brightness set 500.66388
03-13 01:58:58.509  2545  3186 D DpcExtImpl[display=0]: add for debug Aod brightness set 500.66388
03-13 01:58:58.517  2545  3186 D DpcExtImpl[display=0]: add for debug Aod brightness set 500.66388
03-13 01:58:58.527  2545  3186 D DpcExtImpl[display=0]: add for debug Aod brightness set 500.66388
03-13 01:58:58.536  2545  3186 D DpcExtImpl[display=0]: add for debug Aod brightness set 500.66388
03-13 01:58:58.543  2545  3186 D DpcExtImpl[display=0]: add for debug Aod brightness set 500.66388
03-13 01:58:58.551  2545  3186 D DpcExtImpl[display=0]: add for debug Aod brightness set 500.66388
03-13 01:58:58.553  2545  3896 D DisplayAdapterExt: sendDisplayDeviceEventLocked event=2,now=118947655,timestamp=118947655 device:[id=local:4630947111810692738,stack=0],isFirst=true,activeMode=1,state=DOZE,commitState=DOZE,devInfo:null
03-13 01:58:58.554  2545  2969 I DisplayDeviceRepositoryExtImpl: Display device changed committed state: "Built-in Screen", DOZE
03-13 01:58:58.554  2545  2969 D LogicalDisplayMapper: Display device changed diff=4
03-13 01:58:58.554  2545  2969 D LogicalDisplayExt: set displayInfo flag FLAG_ROTATES_WITH_CONTENT
03-13 01:58:58.554  2545  2969 D DisplayManagerService: Delivering display event: displayId=0, event=EVENT_DISPLAY_COMMITTED_STATE_CHANGED
03-13 01:58:58.560  2545  3186 D DpcExtImpl[display=0]: add for debug Aod brightness set 500.66388
03-13 01:58:58.568  2545  3186 D DpcExtImpl[display=0]: add for debug Aod brightness set 500.66388
03-13 01:58:58.569  2545  3186 D AutomaticController[display=0]: Change the enable setting from false to true while dozing
03-13 01:58:58.570  2545  3186 D OplusBiometricsDisplayHelper: isFold: false, isUnblockByFp: null
03-13 01:58:58.570  2545  3186 D DpcExtImpl[display=0]: add for debug Aod brightness set 500.66388
03-13 01:58:58.572  2545  3186 D DpcExtImpl[display=0]: add for debug Aod brightness set 500.66388
03-13 01:58:58.581  2545  3186 D DpcExtImpl[display=0]: add for debug Aod brightness set 500.66388
03-13 01:58:58.589  2545  3186 D DpcExtImpl[display=0]: add for debug Aod brightness set 500.66388
03-13 01:58:58.602  2545  3186 D DpcExtImpl[display=0]: add for debug Aod brightness set 500.66388
03-13 01:58:58.611  2545  3186 D DpcExtImpl[display=0]: add for debug Aod brightness set 500.66388
03-13 01:58:58.620  2545  3186 D DpcExtImpl[display=0]: add for debug Aod brightness set 500.66388
03-13 01:58:58.628  2545  3186 D DpcExtImpl[display=0]: add for debug Aod brightness set 500.66388
03-13 01:58:58.635  2545  3186 D DpcExtImpl[display=0]: add for debug Aod brightness set 500.66388
03-13 01:58:58.643  2545  3186 D DpcExtImpl[display=0]: add for debug Aod brightness set 500.66388
03-13 01:58:58.653  2545  3186 D DpcExtImpl[display=0]: add for debug Aod brightness set 500.66388
03-13 01:58:58.661  2545  3186 D DpcExtImpl[display=0]: add for debug Aod brightness set 500.66388
03-13 01:58:58.669  2545  3186 D DpcExtImpl[display=0]: add for debug Aod brightness set 500.66388
03-13 01:58:58.677  2545  3186 D DpcExtImpl[display=0]: add for debug Aod brightness set 500.66388
03-13 01:58:58.686  2545  3186 D DpcExtImpl[display=0]: add for debug Aod brightness set 500.66388
03-13 01:58:58.694  2545  3186 D DpcExtImpl[display=0]: add for debug Aod brightness set 500.66388
03-13 01:58:58.702  2545  3186 D DpcExtImpl[display=0]: add for debug Aod brightness set 500.66388
03-13 01:58:58.710  2545  3186 D DpcExtImpl[display=0]: add for debug Aod brightness set 500.66388
03-13 01:58:58.719  2545  3186 D DpcExtImpl[display=0]: add for debug Aod brightness set 500.66388
03-13 01:58:58.727  2545  3186 D DpcExtImpl[display=0]: add for debug Aod brightness set 500.66388
03-13 01:58:58.735  2545  3186 D DpcExtImpl[display=0]: add for debug Aod brightness set 500.66388
03-13 01:58:58.744  2545  3186 D OplusFeatureReduceBrightness: setAnimating : animating = false
03-13 01:58:58.744  2545  3186 D OplusBrightnessAmbientAdapter: setAnimating: from true to false
03-13 01:58:58.744  2545  3186 D RampAnimatorExtImpl[display=0][Primary]: onAnimationEnd id[0]=[true],changed=[1134->1134->501],duration:249,phaseCounts=[0, 0, 0]
03-13 01:58:58.746  2545  3186 D DpcExtImpl[display=0]: add for debug Aod brightness set 500.66388
03-13 01:58:58.747  2545  3186 D AutomaticController[display=0]: Change the enable setting from false to true while dozing
03-13 01:58:58.748  2545  3186 D OplusBiometricsDisplayHelper: isFold: false, isUnblockByFp: null
03-13 01:58:58.784  2545  3718 I KEYLOG_OplusKeyEventUtil: mIsPowerKeyDown =true
03-13 01:58:58.784  2545  3718 I OplusJoystickManager: read game pad state for game manager -> false
03-13 01:58:58.784  2545  3718 W OplusJoystickManager: mInterceptGamepadKey is false
03-13 01:58:58.784  2545  3718 D OplusCustomizeRestrictionManagerService: isLongPressVolumeUpDisabled start
03-13 01:58:58.785  2545  3718 D STKeyLog_StrategyBlackscreenshot: notifyKeyBeforeQueueing, downTime53371199, action=0, interactive=false
03-13 01:58:58.786  2545  3718 I KEYLOG_PhoneWindowManagerExtImpl: setSceneAction Start CPU boost-1
03-13 01:58:58.887  2545  2969 V STKeyLog_StrategyShutdown:  cancel Combined rule
03-13 01:58:58.887  2545  3718 I KEYLOG_OplusKeyEventUtil: mIsPowerKeyDown =false
03-13 01:58:58.888  2545  3718 I OplusJoystickManager: read game pad state for game manager -> false
03-13 01:58:58.888  2545  3718 W OplusJoystickManager: mInterceptGamepadKey is false
03-13 01:58:58.888  2545  3718 D OplusCustomizeRestrictionManagerService: isLongPressVolumeUpDisabled start
03-13 01:58:58.889  2545  3718 D STKeyLog_StrategyBlackscreenshot: notifyKeyBeforeQueueing, downTime53371199, action=1, interactive=false
03-13 01:58:58.892  2545  2967 V KEYLOG_SinglePowerKeyMonitor: PowerKey:onPress. isXiaoBuFloat = false isUnderWaterGraining = false
03-13 01:58:58.892  2545  2967 D KEYLOG_PhoneWindowManagerExtImpl: PowerKey: send base.powerPress, interactive=true downTime=53371199
03-13 01:58:58.892  2545  2967 D KEYLOG_PhoneWindowManager: powerPress: eventTime=53371199 interactive=false count=1 mShortPressOnPowerBehavior=1 mShouldEarlyShortPressOnPower=false
03-13 01:58:58.893  2545  2967 V KEYLOG_PhoneWindowManager: Ignoring short press of power button because the device is not interactive. interactive=false, beganFromNonInteractive=true
03-13 01:58:58.898  2545  3718 I HwShutdownRecord: RecoverSqlFunc running start, setprop false
03-13 01:58:58.898  2545  3718 I HwShutdownRecord: tmemory Remove Flag
03-13 01:58:58.905  2545  3718 E Orms_ManagerInner: cannot connect to orms core service!
03-13 01:58:58.908  2545  3718 D OplusPowerManagerHelper: [isFaceAutoUnlockEnabled]
03-13 01:58:58.909  2545  3718 E OplusCustomizeRestrictionManagerService: isBiometricDisabled start
03-13 01:58:58.909  2545  3718 D OplusFeatureAOD: notifySfUnBlockScreenOn
03-13 01:58:58.909  2545  3718 D OplusPowerManagerHelper: scheduleNotifyStopDream
03-13 01:58:58.909  2545  3718 D OplusPowerManagerHelper: [onWakeUp]
03-13 01:58:58.909  2545  3186 D OplusPowerManagerHelper: handleMessage:102
03-13 01:58:58.909  2545  3718 E OplusCustomizeRestrictionManagerService: isBiometricDisabled start
03-13 01:58:58.909  2545  3718 D OplusPowerManagerHelper: [requestKeyguard]
03-13 01:58:58.910  2545  3186 D OplusPowerManagerHelper: MSG_STOP_DEAM
03-13 01:58:58.910  2545  3186 I DreamManagerService: Leaving dreamland.
03-13 01:58:58.910  2545  3718 I PowerGroup: Waking up power group from Dozing (groupId=0, uid=1000, reason=WAKE_REASON_POWER_BUTTON, details=android.policy:POWER)...
03-13 01:58:58.910  2545  3718 D PowerManagerService: userActivityNoUpdateLocked: groupId=0, eventTime=53371322, event=other, flags=0x0, uid=1000
03-13 01:58:58.910  2545  3718 I InputManager: displayId:0, displayInteractive:true
03-13 01:58:58.910  2545  3718 I PowerManagerService: Waking up from Dozing (uid=1000, reason=WAKE_REASON_POWER_BUTTON, details=android.policy:POWER)...
03-13 01:58:58.910  2545  3726 I FlexibleWindowManagerService: mInteractivetrue
03-13 01:58:58.912  2545  3718 D OplusScreenOffTorchHelper: onWakeUp
03-13 01:58:58.913  2545  3718 D DpcExtImpl[display=0]: setBrightnessNoAnimation, noAnimation = true
03-13 01:58:58.913  2545  3718 D DisplayPowerController[display=0]: requestPowerState: policy=BRIGHT, useProximitySensor=false, screenBrightnessOverride=-1.0, useAutoBrightness=false, screenAutoBrightnessAdjustmentOverride=NaN, screenLowPowerBrightnessFactor=1.0, blockScreenOn=false, lowPowerMode=false, boostScreenBrightness=false, dozeScreenBrightness=NaN, dozeScreenState=UNKNOWN, dozeScreenStateReason=DEFAULT_POLICY, useNormalBrightnessForDoze=false, waitForNegativeProximity=false displayReady=false pendingRequest=true
03-13 01:58:58.913  2545  3718 D DisplayManagerServiceExtImpl: request size(1,1),dpc=com.android.server.display.DisplayPowerController@7418311 size(0,1),flags=0X200F,id(0,0,local:4630947111810692738),enable=true,ready=false,waitForNegativeProximity=false policy=BRIGHT,useProximitySensor=false,dozeState=UNKNOWN,screenBrightnessOverride=-1.000000,useAuto=false,lowPower=false,lowPowerFactor=1.000000
03-13 01:58:58.914  2545  3718 D OplusScreenTimeEvent: reportWakeUpTime 53371322
03-13 01:58:58.915  2545  3186 D OplusFeatureAOD: key:2545 tmp:2
03-13 01:58:58.915  2545  3186 D OplusFeatureAOD: clearDozeStateMap
03-13 01:58:58.916  2545  3821 I DreamController: Stopping dream: name=ComponentInfo{com.android.systemui/com.android.systemui.doze.DozeService}, isPreviewMode=false, canDoze=true, userId=0, reason='requested stopDream from power'
03-13 01:58:58.920  2545  3186 D AidlDisplayPanelFeature: getDisplayPanelFeatureValue +++, featureID:7
03-13 01:58:58.921  2545  3186 I AidlDisplayPanelFeature: [1]
03-13 01:58:58.921  2545  3186 D AidlDisplayPanelFeature: getDisplayPanelFeatureValue ---, result = [1]
03-13 01:58:58.921  2545  3186 D OplusFeatureAntiDizzy:  recoverAntiDizzySettings mode = off
03-13 01:58:58.921  2545  3186 D OplusFeatureAntiDizzy:  animateLongTakeStateChange, policy 3
03-13 01:58:58.922  2545  3186 D OplusDisplayState: setScreenState = 2 isPrimary = true
03-13 01:58:58.923  2545  3186 D OplusBrightnessAmbientAdapter: onScreenEvent displayId:0 isScreenOn:true isFolding:false mIsProximityPowerOff:false mIsNeedResetSpline:false
03-13 01:58:58.923  2545  3194 D VRR [OPlusRefreshRateService]: handleScreenStateChange physicalDisplayId: 4630947111810692738, state: 2
03-13 01:58:58.923  2545  3186 D OplusFeatureBrightnessBarController: BrightnessBarController is not support.
03-13 01:58:58.923  2545  3186 D DisplayPowerState[display=0]: setScreenState changed:DOZE->ON
03-13 01:58:58.924  2545  4007 D CoreBackPreview: Window{d19c55d u0 NotificationShade}: Setting back callback OnBackInvokedCallbackInfo{mCallback=android.window.IOnBackInvokedCallback$Stub$Proxy@bcc86f, mPriority=0, mIsAnimationCallback=false, mOverrideBehavior=0}
03-13 01:58:58.925  2545  3186 D WindowManager: screenTurnedOn  Display{#0 state=DOZE size=1080x2412 ROTATION_0}
03-13 01:58:58.926  2545  3186 D WindowManager: Remove SleepToken: tag=Display-off, displayId=0
03-13 01:58:58.926  4042  4042 W VRI[NotificationShade]: updateBlastSurfaceIfNeeded, surfaceSize:Point(1080, 2412), lastSurfaceSize:Point(1080, 2412), format:-3, blastBufferQueue:android.graphics.BLASTBufferQueue@4294ac1
03-13 01:58:58.927  2545  5831 V WindowManager: Relayout Window{d19c55d u0 NotificationShade}: viewVisibility=0, oldvis=0, req=1080x2412 , apr = 0, vsysui=, x=0, y=0
03-13 01:58:58.929  2545  3186 I DisplayPowerController: Window Manager Policy screenTurningOn complete
03-13 01:58:58.929  2545  3186 D AutomaticController[display=0]: setAutoStrategyEnabled: enable=false, mAutoStrategyEnable=true
03-13 01:58:58.929  2545 29543 W ContextImpl: Calling a method in the system process without a qualified user: android.app.ContextImpl.sendBroadcast:1296 com.android.server.policy.PhoneWindowManagerExtImpl$6.run:1735 java.lang.Thread.run:1564 <bottom of call stack> <bottom of call stack> 
03-13 01:58:58.929  2545  3186 I DisplayBrightnessStrategySelector: Changing the DisplayBrightnessStrategy from DozeBrightnessStrategy to FallbackBrightnessStrategy for display 0
03-13 01:58:58.930  2545  3191 D DpcExtImpl[display=0]: setBrightnessNoAnimation, noAnimation = false
03-13 01:58:58.930  2545  3186 D OplusFeatureReduceBrightness: setAnimating : animating = true
03-13 01:58:58.930  2545  3186 D OplusBrightnessAmbientAdapter: setAnimating: from false to true
03-13 01:58:58.931  2545  3187 W ContextImpl: Calling a method in the system process without a qualified user: android.app.ContextImpl.sendBroadcast:1281 com.android.server.am.OplusAppStartupConfig.handleCountRestrictedList:2042 com.android.server.am.OplusAppStartupManager.updateScreenStatus:5758 com.android.server.OplusSysStateManager$LocalService.onWakefulnessChanged:417 com.android.server.power.NotifierExtImpl.onWakefulnessChanged:145 
03-13 01:58:58.933  2545  3186 D DpcExtImpl[display=0]: Animating brightness: hdrBrightness target=500.66388->3515.0,sdrBrightness target=500.66388->3515.0,rate=2600->2600,rate type = manual->manual,byUser=false local:4630947111810692738 , brightness from dpc = 3515.0
03-13 01:58:58.933  2545  4054 D JobSchedulerServiceExtImpl: updateOsenseRestrictMode for 7 true false
03-13 01:58:58.933  2545  3186 D OplusBiometricsDisplayHelper: isFold: false, isUnblockByFp: null
03-13 01:58:58.933  2545  3186 D DisplayPowerController[display=0]: updatePowerStateInternal policy:DOZE->BRIGHT,state:DOZE->ON policy=BRIGHT, useProximitySensor=false, screenBrightnessOverride=-1.0, useAutoBrightness=false, screenAutoBrightnessAdjustmentOverride=NaN, screenLowPowerBrightnessFactor=1.0, blockScreenOn=false, lowPowerMode=false, boostScreenBrightness=false, dozeScreenBrightness=NaN, dozeScreenState=UNKNOWN, dozeScreenStateReason=DEFAULT_POLICY, useNormalBrightnessForDoze=false
03-13 01:58:58.933  2545  3733 W OplusStorageManagerFeature: mScreenReceiver action:android.intent.action.DREAMING_STOPPED
03-13 01:58:58.934  4042  4112 D ShellSplitScreen: onStartedWakingUp
03-13 01:58:58.935  2545  3187 D NotifierExtImpl: notifyScreenOnOff: on = true
03-13 01:58:58.935  2545  3187 D OplusPowerManagerServiceEnhance: notifyScreenOnOff on=true
03-13 01:58:58.936  2545  3064 D AppProfilerExtImpl: Skipped pss collection for CPU busy
03-13 01:58:58.936  2545  3896 D DisplayPowerState[display=0]: Updating screen state: id=0, state=ON, backlight=504.99213, sdrBacklight=504.99213
03-13 01:58:58.936  2545  3896 D DisplayAdapterExt: sendDisplayDeviceEventLocked event=2,now=118948038,timestamp=118948038 device:[id=local:4630947111810692738,stack=0],isFirst=true,activeMode=1,state=ON,commitState=DOZE,devInfo:null
03-13 01:58:58.937  2545  5831 D KEYLOG_PhoneWindowManager: mKeyguardDelegate.ShowListener.onDrawn.
03-13 01:58:58.938  2545  2969 I DisplayDeviceRepository: Display device changed state: "Built-in Screen", ON
03-13 01:58:58.938  2545  2969 D LogicalDisplayMapper: Display device changed diff=2
03-13 01:58:58.938  2545  2969 D LogicalDisplayExt: set displayInfo flag FLAG_ROTATES_WITH_CONTENT
03-13 01:58:58.938  2545  2969 D DisplayManagerServiceExtImpl: scheduleTraversalLocked intraversal=false
03-13 01:58:58.938  2545  2969 I DisplayManagerServiceExtImpl: handle logical display changed logicalDisplay=id=0,stack=0,content=true,displayInfo{stack=0,type=1,id=0,uId=local:4630947111810692738,state=ON,pkg=null}
03-13 01:58:58.940  2545  3697 V AlarmManager: sending alarm Alarm{49e7cbd type 1 origWhen 1773347323791 whenElapsed 118932893 android} uid 1000 whenElapsed 118932893 windowLength 0 maxWhenElapsed 118932893 repeatInterval 0 action null component null tag StorgaeBandInfoAlarmTag flags 0x9 procName system_server
03-13 01:58:58.946  2545  2969 D DisplayManagerService: Delivering display event: displayId=0, event=BASIC_CHANGED
03-13 01:58:58.946  4042  4042 V DreamService[DozeService]: detach(): Calling onDreamingStopped()
03-13 01:58:58.946  4042  4042 V DreamService[DozeService]: onDreamingStopped()
03-13 01:58:58.947  2545  2967 D OplusSplitScreenManagerService: com.android.settings unSupportsSplitScreen by blockList or ForbidActivityList
03-13 01:58:58.947  2545  2967 D OplusSplitScreenManagerService: com.android.settings unSupportsSplitScreen by blockList or ForbidActivityList
03-13 01:58:58.947  2545  2967 W KEYLOG_PhoneWindowManager: Setting mKeyguardDrawComplete
03-13 01:58:58.947  2545  2967 I WindowManager: Window{d19c55d u0 NotificationShade} state from HAS_DRAWN to DRAW_PENDING; reason: requestDrawIfNeeded
03-13 01:58:58.948  2545  2967 I WindowManager: Waiting for drawn Window{d19c55d u0 NotificationShade}: removed=false visible=true mHasSurface=true drawState=1
03-13 01:58:58.948  2545  2967 D OplusWindowAnimationManager: Is NotificationShade draw check disabled: false, win: Window{d19c55d u0 NotificationShade}, clientRotation: 0, isFullscreen: true, requestedWidth: 1080, requestedHeight: 2412, physicalHeight: 2412, physicalWidth: 1080
03-13 01:58:58.948  2545  2967 D WindowManager: waitForAllWindowsDrawn displayId=-1,false
03-13 01:58:58.948  2545  2967 D WindowManager: DeferredDisplayUpdater: partially applying DisplayInfo(1080 x 2412) immediately
03-13 01:58:58.950  2545  2967 D OplusVFXScreenEffectFeature: notifySFCompatWindowStateChange entered false
03-13 01:58:58.950  2545  2967 D FSS_FoldScreenBlackCoverController: displayChangeToOn, dc:Display{#0 state=ON size=1080x2412 ROTATION_0}
03-13 01:58:58.951  2545  3827 I MR2ServiceImpl: Updating composite discovery preference | preference: RouteDiscoveryRequest{ preferredFeatures={}, activeScan=false }, active routers: []
03-13 01:58:58.952  2545  3733 W OplusStorageManagerFeature: turn screenOn, maintPrepared:false
03-13 01:58:58.956  2545  3733 W OplusStorageManagerFeature: sendToTarget over,paramStr:0
03-13 01:58:58.956  2545  2969 D DisplayManagerService: MSG_REQUEST_TRAVERSAL pendingCompleted=false
03-13 01:58:58.958  2545  3733 W OplusStorageManagerFeature: Ready to deal actionParam:0
03-13 01:58:58.960  2545  2969 D DisplayManagerService: Delivering display event: displayId=0, event=EVENT_DISPLAY_STATE_CHANGED
03-13 01:58:58.962  2545  5831 D WindowManager: NFW_setClientVisible:WallpaperWindowToken{115d2dd showWhenLocked=true} clientVisible:true
03-13 01:58:58.963  2545  5831 D DisplayManagerService: performTraversalInternal pendingTraversal
03-13 01:58:58.963  2545  5831 D DisplayDevice: setLayerStackLocked id=local:4630947111810692738 token=android.os.BinderProxy@dea25f5 stack=0->0
03-13 01:58:58.965  2545  5831 I WindowManager: Waiting for drawn Window{d19c55d u0 NotificationShade}: removed=false visible=true mHasSurface=true drawState=1
03-13 01:58:58.965  2545  5831 D OplusWindowAnimationManager: Is NotificationShade draw check disabled: false, win: Window{d19c55d u0 NotificationShade}, clientRotation: 0, isFullscreen: true, requestedWidth: 1080, requestedHeight: 2412, physicalHeight: 2412, physicalWidth: 1080
03-13 01:58:58.965  2545  5831 D DeviceStateProviderImpl: keyguard show or sleep: true mLastReportedState 0
03-13 01:58:58.965  2545  4697 D OplusCustomizeRestrictionManagerService: isSuperPowerSavingModeDisabled Pid: 4429, Uid: 1000
03-13 01:58:58.966  4042  4042 V DreamService[DozeService]: finish(): mFinished=false
03-13 01:58:58.967  2545  2969 V UsbDeviceManager: onKeyguardStateChanged: isShowing:true secure:true user:0
03-13 01:58:58.967  2545  2969 D OplusAccessControlManagerService: onKeyguardStateChanged : true
03-13 01:58:58.968  2545  3958 D OAppNetControlService: Screens on!
03-13 01:58:58.968  1083 29546 D vold    : [storage]aborting idle start
03-13 01:58:58.968  1083 29546 D vold    : [storage]idle maintenance stopped
03-13 01:58:58.970  4042  4042 W VRI[NotificationShade]: updateBlastSurfaceIfNeeded, surfaceSize:Point(1080, 2412), lastSurfaceSize:Point(1080, 2412), format:-3, blastBufferQueue:android.graphics.BLASTBufferQueue@4294ac1
03-13 01:58:58.972  2545 10037 V WindowManager: Relayout Window{d19c55d u0 NotificationShade}: viewVisibility=0, oldvis=0, req=1080x2412 , apr = 0, vsysui=, x=0, y=0
03-13 01:58:58.974  2545 10037 I WindowManager: Waiting for drawn Window{d19c55d u0 NotificationShade}: removed=false visible=true mHasSurface=true drawState=1
03-13 01:58:58.974  2545 10037 D OplusWindowAnimationManager: Is NotificationShade draw check disabled: false, win: Window{d19c55d u0 NotificationShade}, clientRotation: 0, isFullscreen: true, requestedWidth: 1080, requestedHeight: 2412, physicalHeight: 2412, physicalWidth: 1080
