03-13 01:58:29.645  2545  3186 D DisplayPowerController[display=0]: updatePowerStateInternal policy:BRIGHT->DIM,state:ON->ON policy=DIM, useProximitySensor=false, screenBrightnessOverride=-1.0, useAutoBrightness=false, screenAutoBrightnessAdjustmentOverride=NaN, screenLowPowerBrightnessFactor=1.0, blockScreenOn=false, lowPowerMode=false, boostScreenBrightness=false, dozeScreenBrightness=NaN, dozeScreenState=UNKNOWN, dozeScreenStateReason=DEFAULT_POLICY, useNormalBrightnessForDoze=false
03-13 01:58:30.645  2545  3699 V AlarmManager: sending alarm Alarm{20103eb type 2 origWhen 118900688 whenElapsed 118900688 android} uid 1000 whenElapsed 118900688 windowLength 19059 maxWhenElapsed 118919747 repeatInterval 0 action null component null tag *job.deadline* flags 0x0 procName system_server
03-13 01:58:30.648  2545  3699 V AlarmManager: sending alarm Alarm{c627548 type 3 origWhen 118916252 whenElapsed 118916252 android} uid 1000 whenElapsed 118916252 windowLength 421848 maxWhenElapsed 119338100 repeatInterval 0 action null component null tag *CountQuotaTracker.cleanup* flags 0x8 procName system_server
03-13 01:58:30.648  2545  3699 E AlarmManager: Attempt to decrement existing alarm count 0 by 1 for uid 1000
03-13 01:58:30.998  2545  3186 D OplusFeatureReduceBrightness: setAnimating : animating = false
03-13 01:58:31.000  2545  3186 D OplusBrightnessAmbientAdapter: setAnimating: from true to false
03-13 01:58:31.004  2545  3186 D RampAnimatorExtImpl[display=0][Primary]: onAnimationEnd id[0]=[true],changed=[3515->3515->8],duration:1365,phaseCounts=[0, 0, 0]
03-13 01:58:31.007  2545  3186 D OplusBiometricsDisplayHelper: isFold: false, isUnblockByFp: null
03-13 01:58:31.369  2545  3699 V AlarmManager: sending alarm Alarm{c64c91d type 1 origWhen 1773347311369 whenElapsed 118920471 android} uid 1000 whenElapsed 118920471 windowLength 0 maxWhenElapsed 118920471 repeatInterval 0 action null component null tag StorgaeBandInfoAlarmTag flags 0x9 procName system_server
03-13 01:58:32.506  2545  3098 I UserAwareMgr: event is already released: SceneEvent{id=101, maxWorkDurationMs=-1, caller='[android]', eventFlags=0, fbPriority=1, keyThreads=[KeyThread{name=PhotonicModulator, owner=android, schedPolicy=ux, priority=HEAVY, maxThreadCount=16}], vipBinderGroup=null}, callingPid: 2545, appPid: 0
03-13 01:58:32.507  2545  3098 I UserAwareMgr: event is already released: SceneEvent{id=1008, maxWorkDurationMs=-1, caller='[android]', eventFlags=0, fbPriority=1, keyThreads=[KeyThread{name=PowerManagerService, owner=android, schedPolicy=ux, priority=HEAVY, maxThreadCount=1}], vipBinderGroup=null}, callingPid: 2545, appPid: 0
03-13 01:58:32.507  2545  3098 I UserAwareMgr: event is already released: SceneEvent{id=101, maxWorkDurationMs=-1, caller='[android]', eventFlags=0, fbPriority=1, keyThreads=[KeyThread{name=PhotonicModulator, owner=android, schedPolicy=ux, priority=HEAVY, maxThreadCount=16}], vipBinderGroup=null}, callingPid: 2545, appPid: 0
03-13 01:58:32.507  2545  3098 I UserAwareMgr: event is already released: SceneEvent{id=1008, maxWorkDurationMs=-1, caller='[android]', eventFlags=0, fbPriority=1, keyThreads=[KeyThread{name=PowerManagerService, owner=android, schedPolicy=ux, priority=HEAVY, maxThreadCount=1}], vipBinderGroup=null}, callingPid: 2545, appPid: 0
03-13 01:58:33.121  2545  3104 D ActivityManager: Async freezing 16419 com.oplus.romupdate
03-13 01:58:33.379  2545  3699 V AlarmManager: sending alarm Alarm{cef338d type 1 origWhen 1773347313378 whenElapsed 118922481 android} uid 1000 whenElapsed 118922481 windowLength 0 maxWhenElapsed 118922481 repeatInterval 0 action null component null tag StorgaeBandInfoAlarmTag flags 0x9 procName system_server
03-13 01:58:33.407  2545 10034 W SettingsStatsUtil: Can not parse value to float: +network
03-13 01:58:34.403  2545  3958 D OAppNetControlService: Close socket:[10340] cause:App bg(IMMEDIATELY) success!
03-13 01:58:34.403  2545  3958 D OAppNetControlService: Hans update:[10340=true][0|0] blackList:[10322, 10400, 10389, 10344, 10330, 10337, 10338, 10357, 10339, 10365, 10377, 10340]
03-13 01:58:34.426  2545  3130 D BatteryStatsImplExtImpl: mActiveProcesses size = 60
03-13 01:58:34.426  2545  3130 D BatteryStatsImplExtImpl: rpmhStats is null or interval time is too short.
03-13 01:58:35.385  2545  3699 V AlarmManager: sending alarm Alarm{9dbb133 type 1 origWhen 1773347315383 whenElapsed 118924485 android} uid 1000 whenElapsed 118924485 windowLength 0 maxWhenElapsed 118924485 repeatInterval 0 action null component null tag StorgaeBandInfoAlarmTag flags 0x9 procName system_server
03-13 01:58:35.633  2545  3186 I PowerGroup: Napping power group (groupId=0, uid=1000)...
03-13 01:58:35.633  2545  3186 I PowerManagerService: Nap time (uid 1000)...
03-13 01:58:35.649  2545  3186 D OplusFeatureAOD: notifySfUnBlockScreenOn
03-13 01:58:35.650  2545  3186 I PowerManagerService: handleSandman: TIMEOUT dozePowerGroupLocked
03-13 01:58:35.651  2545  3186 D OplusPowerManagerHelper: goToSleepNoUpdateLocked  needIntercepet: false
03-13 01:58:35.655  2545  2969 W WindowManager: captureTaskSnapshot mSnapshotMode= 0 source=Task{ab8fad7 #17549 type=standard A=1000:.applications.InstalledAppDetailsTop}
03-13 01:58:35.655  2545  2969 D OplusSplitScreenManagerService: com.android.settings unSupportsSplitScreen by blockList or ForbidActivityList
03-13 01:58:35.656  2545  2969 D OplusSplitScreenManagerService: com.android.settings unSupportsSplitScreen by blockList or ForbidActivityList
03-13 01:58:35.656  2545  2969 D OplusSplitScreenManagerService: com.android.settings unSupportsSplitScreen by blockList or ForbidActivityList
03-13 01:58:35.657  2545  2969 D OplusSplitScreenManagerService: com.android.settings unSupportsSplitScreen by blockList or ForbidActivityList
03-13 01:58:35.657  2545  2969 D OplusSplitScreenManagerService: com.android.settings unSupportsSplitScreen by blockList or ForbidActivityList
03-13 01:58:35.657  2545  2969 D OplusSplitScreenManagerService: com.android.settings unSupportsSplitScreen by blockList or ForbidActivityList
03-13 01:58:35.657  2545  2969 D TaskSnapshotControllerExtImpl: createTaskSnapshot isCompatMode:false, isCompactWindow:false
03-13 01:58:35.658  2545  2969 W AbsAppSnapshotControllerExtImpl: updateExcludeLayers, addExcludeLayerList is null or empty, return excludeLayers
03-13 01:58:35.671  2545  3186 I PowerGroup: Powering off display group due to timeout (groupId= 0, uid= 1000, millisSinceLastUserActivity=30019, lastUserActivityEvent=touch)...
03-13 01:58:35.673  2545  3186 I InputManager: displayId:0, displayInteractive:false
03-13 01:58:35.676  2545  3186 I PowerManagerService: Going to sleep due to timeout (uid 1000, screenOffTimeout=30000, activityTimeoutWM=-1, maxDimRatio=0.20000005, maxDimDur=7000)...
03-13 01:58:35.678  2545  2969 D TaskSnapshotCache: putSnapshot mRunningCache top= ActivityRecord{217438744 u0 com.android.settings/.applications.InstalledAppDetails t17549}, mTaskId=17549, snapshot=TaskSnapshot{ mId=1773347315655 mCaptureTime=118924780602970 mTopActivityComponent=com.android.settings/.applications.InstalledAppDetailsTop mSnapshot=android.hardware.HardwareBuffer@fd67269 (1080x2412) mColorSpace=sRGB IEC61966-2.1 (id=0, model=RGB) mOrientation=1 mRotation=0 mTaskSize=Point(1080, 2412) mOplusCompatMode=false mTopActivityBounds=[0,0][1080,2412] mHasDimLayer=false mContentInsets=[0,120][0,48] mLetterboxInsets=[0,0][0,0] mIsLowResolution=false mIsRealSnapshot=true mWindowingMode=1 mAppearance=0 mIsTranslucent=false mHasImeSurface=false mInternalReferences=2 mUiMode=21, mAppIdMap size= 1
03-13 01:58:35.680  2545  3726 I FlexibleWindowManagerService: mInteractivefalse
03-13 01:58:35.689  2545  3186 D DisplayPowerController[display=0]: requestPowerState: policy=OFF, useProximitySensor=false, screenBrightnessOverride=-1.0, useAutoBrightness=false, screenAutoBrightnessAdjustmentOverride=NaN, screenLowPowerBrightnessFactor=1.0, blockScreenOn=false, lowPowerMode=false, boostScreenBrightness=false, dozeScreenBrightness=NaN, dozeScreenState=UNKNOWN, dozeScreenStateReason=DEFAULT_POLICY, useNormalBrightnessForDoze=false, waitForNegativeProximity=false displayReady=false pendingRequest=true
03-13 01:58:35.690  2545  3186 D DisplayManagerServiceExtImpl: request size(1,1),dpc=com.android.server.display.DisplayPowerController@7418311 size(0,1),flags=0X200F,id(0,0,local:4630947111810692738),enable=true,ready=false,waitForNegativeProximity=false policy=OFF,useProximitySensor=false,dozeState=UNKNOWN,screenBrightnessOverride=-1.000000,useAuto=false,lowPower=false,lowPowerFactor=1.000000
03-13 01:58:35.700  2545  3186 D OplusFeatureAntiDizzy:  animateLongTakeStateChange, policy 0
03-13 01:58:35.707  2545  4054 D JobSchedulerServiceExtImpl: updateOsenseRestrictMode for 7 false false
03-13 01:58:35.723  2545  3064 D AppProfilerExtImpl: Skipped pss collection for CPU busy
03-13 01:58:35.731  2545  3186 D OplusBiometricsDisplayHelper: isFold: false, isUnblockByFp: null
03-13 01:58:35.732  2545  3186 D DisplayPowerController[display=0]: updatePowerStateInternal policy:DIM->OFF,state:ON->OFF policy=OFF, useProximitySensor=false, screenBrightnessOverride=-1.0, useAutoBrightness=false, screenAutoBrightnessAdjustmentOverride=NaN, screenLowPowerBrightnessFactor=1.0, blockScreenOn=false, lowPowerMode=false, boostScreenBrightness=false, dozeScreenBrightness=NaN, dozeScreenState=UNKNOWN, dozeScreenStateReason=DEFAULT_POLICY, useNormalBrightnessForDoze=false
03-13 01:58:35.736  2545  3098 I UserAwareMgr: handleTopAppChanged: com.android.systemui, pid: 4042, uid: 10223
03-13 01:58:35.746  2545  3186 D DisplayPowerState[display=0]: setColorFadeLevel: level=0.98429155
03-13 01:58:35.755  2545  3186 D DisplayPowerState[display=0]: setColorFadeLevel: level=0.9381534
03-13 01:58:35.756  2545  5167 D OplusSplitScreenManagerService: com.android.settings unSupportsSplitScreen by blockList or ForbidActivityList
03-13 01:58:35.756  2545  5167 D OplusSplitScreenManagerService: com.android.settings unSupportsSplitScreen by blockList or ForbidActivityList
03-13 01:58:35.763  2545  3186 D DisplayPowerState[display=0]: setColorFadeLevel: level=0.8535534
03-13 01:58:35.771  2545  3186 D DisplayPowerState[display=0]: setColorFadeLevel: level=0.75452065
03-13 01:58:35.775  4042  4112 D OneHandedController: setLockedDisabled locked = true, enabled = false ,FeatureEnabled = false
03-13 01:58:35.780  2545  3186 D DisplayPowerState[display=0]: setColorFadeLevel: level=0.6394956
03-13 01:58:35.788  2545  3186 D DisplayPowerState[display=0]: setColorFadeLevel: level=0.5
03-13 01:58:35.788  2545  5831 V WindowManager: Relayout Window{d19c55d u0 NotificationShade}: viewVisibility=0, oldvis=4, req=1080x2412 , apr = 0, vsysui=, x=0, y=0
03-13 01:58:35.789  2545  5831 I WindowManager: Window{d19c55d u0 NotificationShade} state from NO_SURFACE to DRAW_PENDING; reason: resetDrawState
03-13 01:58:35.790  2545  5831 D WindowManager: NFW_findFocusedWindowIfNeeded:Window{9e895ea u0 com.android.settings/com.android.settings.applications.InstalledAppDetails} mCurrentFocus:Window{9e895ea u0 com.android.settings/com.android.settings.applications.InstalledAppDetails}
03-13 01:58:35.791  4042  4042 W VRI[NotificationShade]: updateBlastSurfaceIfNeeded, surfaceSize:Point(1080, 2412), lastSurfaceSize:Point(1080, 2412), format:-3, blastBufferQueue:null
03-13 01:58:35.796  2545  3186 D DisplayPowerState[display=0]: setColorFadeLevel: level=0.37565517
03-13 01:58:35.805  2545  3186 D DisplayPowerState[display=0]: setColorFadeLevel: level=0.25912303
03-13 01:58:35.812  2545  5831 I WindowManager: Window{d19c55d u0 NotificationShade} state from DRAW_PENDING to COMMIT_DRAW_PENDING; reason: finishDrawingLocked
03-13 01:58:35.813  2545  3186 D DisplayPowerState[display=0]: setColorFadeLevel: level=0.14644659
03-13 01:58:35.814  2545  2970 I WindowManager: Window{d19c55d u0 NotificationShade} state from COMMIT_DRAW_PENDING to READY_TO_SHOW; reason: commitFinishDrawingLocked
03-13 01:58:35.814  2545  2970 I WindowManager: Window{d19c55d u0 NotificationShade} state from READY_TO_SHOW to HAS_DRAWN; reason: performShowLocked
03-13 01:58:35.817  2545  3098 I UserAwareMgr: handleFgAppChanged, pkgName: com.android.systemui, pid: 4042, isVisible: true, fgAppType: FG2
03-13 01:58:35.817  2545  3098 I UserAwareMgr: fg app status not changed, beforeVisible: true, currentVisible: true
03-13 01:58:35.822  2545  3186 D DisplayPowerState[display=0]: setColorFadeLevel: level=0.06962907
03-13 01:58:35.830  2545  3186 D DisplayPowerState[display=0]: setColorFadeLevel: level=0.019853115
03-13 01:58:35.838  2545  3186 D DisplayPowerState[display=0]: setColorFadeLevel: level=0.0
03-13 01:58:35.838  2545  3186 D DpcExtImpl[display=0]: RECORD: Animation finished when screen is off isInteractive: false
03-13 01:58:35.838  2545  3186 D Biometrics_DEBUG: [onGoToSleepFinish]
03-13 01:58:35.845  2545  3186 E OplusCustomizeRestrictionManagerService: isBiometricDisabled start
03-13 01:58:35.855  2545  3186 D DisplayPowerState[display=0]: updateRunnable run fadeLevle=0.0 state=ON brightness changed:8.0->-1.0
03-13 01:58:35.856  2545  3186 I DisplayPowerController[display=0]: Blocking screen off
03-13 01:58:35.856  2545  2969 D TaskSnapshotControllerExtImpl: skipSnapShotForSleeping task=Task{ab8fad7 #17549 type=standard A=1000:.applications.InstalledAppDetailsTop}, durTime=178375781
03-13 01:58:35.857  2545  3186 D WindowManager: Create SleepToken: tag=Display-off, displayId=0
03-13 01:58:35.857  2545  3186 D ActivityTaskManager: Top Process State changed to PROCESS_STATE_TOP_SLEEPING
03-13 01:58:35.858  2545  3186 D WindowManager:  setIsSleeping from  false to true this=Display{#0 state=ON size=1080x2412 ROTATION_0}
03-13 01:58:35.860  2545  3186 D WindowManager: screenTurnedOff  Display{#0 state=ON size=1080x2412 ROTATION_0}
03-13 01:58:35.860  2545  3098 I UserAwareMgr: handleScreenLockedChanged, shouldSleep: true,pids: null
03-13 01:58:35.860  2545  3098 I UserAwareMgr: handleTopAppChanged: com.android.systemui, pid: 4042, uid: 10223
03-13 01:58:35.861  2545  3186 D GestureLog_OplusScreenOffGestureManager: registerSensor:
03-13 01:58:35.861  2545  3186 D OplusFeaturePanoramicBrightness: setWindowManagerPolicy mSoftScreenOn changed to false
03-13 01:58:35.862  2545  3186 D OplusBiometricsDisplayHelper: isFold: false, isUnblockByFp: null
03-13 01:58:35.862  2545  3186 I DisplayPowerController[display=0]: Unblocked screen off after 6 ms
03-13 01:58:35.864  2545  3098 W UserAwareMgr: app is already on the top: {pkgName='com.android.systemui', serviceName='', procName=com.android.systemui, pid=4042, uid=10223, appId=0, owner='systemui', flags='tp|fg2|system_app', renderTid=4275, hwuiTids=[4268, 4269], glTids=null, threadInfos={VolumeDialogControllerImpl={threadName='VolumeDialogControllerImpl', tid=4458, currentThreadCount=1, maxThreadCount=1, extendTids=null}, ll.splashscreen={threadName='ll.splashscreen', tid=4135, currentThreadCount=1, maxThreadCount=16, extendTids=null}, KeyguardWorkerThread={threadName='KeyguardWorkerThread', tid=4226, currentThreadCount=1, maxThreadCount=1, extendTids=null}, OnScreenFingerprint WorkerThread={threadName='OnScreenFingerprint WorkerThread', tid=4617, currentThreadCount=1, maxThreadCount=1, extendTids=null}, SysUiTileBg={threadName='SysUiTileBg', tid=4933, currentThreadCount=1, maxThreadCount=1, extendTids=null}, ImageWallpaper={threadName='ImageWallpaper', tid=4775, currentThreadCount=1, maxThreadCount=1, extendTids=null}, KgdAnimThread={threadName='KgdAnimThread', tid=4227, currentThreadCount=1, maxThreadCount=1, extendTids=null}, GestureUI={threadName='GestureUI', tid=4392, currentThreadCount=1, maxThreadCount=1, extendTids=null}, SysUiLng={threadName='SysUiLng', tid=4770, currentThreadCount=1, maxThreadCount=1, extendTids=null}, SysUiQsBg={threadName='SysUiQsBg', tid=4347, currentThreadCount=1, maxThreadCount=1, extendTids=null}, wmshell.main={threadName='wmshell.main', tid=4112, currentThreadCount=1, maxThreadCount=1, extendTids=null}, ll.splashworker={threadName='ll.splashworker', tid=4136, currentThreadCount=1, maxThreadCount=16, extendTids=null}, wmshell.anim={threadName='wmshell.anim', tid=4127, currentThreadCount=1, maxThreadCount=16, extendTids=null}, OnScreenFingerprint OpticalUIUpdateThread={threadName='OnScreenFingerprint OpticalUIUpdateThread', tid=4625, currentThreadCount=1, maxThreadCount=1, extendTids=null}}, mVideoActivityList=[], mStates=0}
03-13 01:58:35.864  2545  3098 W UserAwareMgr: top app not changed: com.android.systemui, pid: 4042
03-13 01:58:35.865  2545  4608 D ActivityTaskManager: setLockScreenShownLocked from false to true
03-13 01:58:35.865  2545  4608 D TaskSnapshotControllerExtImpl: skipSnapShotForSleeping task=Task{ab8fad7 #17549 type=standard A=1000:.applications.InstalledAppDetailsTop}, durTime=186653698
03-13 01:58:35.866  2545  4608 D WindowManager: Create SleepToken: tag=keyguard, displayId=0
03-13 01:58:35.866  4042  4112 V WindowManagerShell: Transition requested (#2101): android.os.BinderProxy@7a17cf6 TransitionRequestInfo { type = TO_FRONT, triggerTask = null, pipChange = null, remoteTransition = null, displayChange = null, flags = 2048, debugId = 2101 }
03-13 01:58:35.866  2545  4608 D ActivityTaskManager: setAppVisibility(Token{67a7fc4 ActivityRecord{217438744 u0 com.android.settings/.applications.InstalledAppDetails t17549}}, visible=false):  visible=true mVisibleRequested=true
03-13 01:58:35.866  2545  3186 D OplusDisplayState: setScreenState = 1 isPrimary = true
03-13 01:58:35.866  2545  3186 D OplusBrightnessAmbientAdapter: onScreenEvent displayId:0 isScreenOn:false isFolding:false mIsProximityPowerOff:false mIsNeedResetSpline:false
03-13 01:58:35.866  2545  4608 D ActivityTaskManager: setVisibility(Token{67a7fc4 ActivityRecord{217438744 u0 com.android.settings/.applications.InstalledAppDetails t17549}}, visible=false) defer commitVisibility for transition collecting
03-13 01:58:35.867  2545  4608 D DeviceStateProviderImpl: keyguard show or sleep: true mLastReportedState 0
03-13 01:58:35.867  2545  3194 D VRR [OPlusRefreshRateService]: handleScreenStateChange physicalDisplayId: 4630947111810692738, state: 1
03-13 01:58:35.867  2545  4608 V FlexibleTaskController: notifyKeyguardStateChanged keyguardShowing = true ; displayId = 0
03-13 01:58:35.868  2545  3098 I UserAwareMgr: handleAppChangedToBg, pkgName: com.android.settings, pid: 28568
03-13 01:58:35.868  2545  3186 D OplusFeatureBrightnessBarController: BrightnessBarController is not support.
03-13 01:58:35.868  2545  3186 D DpcExtImpl[display=0]: setBrightnessNoAnimation, noAnimation = false
03-13 01:58:35.869  2545  3186 D DisplayPowerState[display=0]: setScreenState changed:ON->OFF
03-13 01:58:35.869  2545  4656 E Biometrics/FingerprintProvider/FingerprintServiceProviderExtImpl: current client is null.
03-13 01:58:35.869  2545  2970 E OplusAppQuickStart_AppQuickStartController: not start from launcher transition:2101
03-13 01:58:35.870  2545  2970 D Transition: collectOrderChanges onTopTasksEnd: [Task{ab8fad7 #17549 type=standard A=1000:.applications.InstalledAppDetailsTop}], reportedOnTop:null, mOnTopTasksStart: [Task{ab8fad7 #17549 type=standard A=1000:.applications.InstalledAppDetailsTop}], TDA child: [Task{540344b #17271 type=standard A=10117:com.oppo.quicksearchbox nonResizable}, Task{35f48c3 #2 type=undefined}, Task{84af0c5 #1 type=home}, Task{ab8fad7 #17549 type=standard A=1000:.applications.InstalledAppDetailsTop}]
03-13 01:58:35.870  2545  2970 D ContinuousTransitionController: updateAnimTargetIfNeed, open from launcher transition has displayArea target, remove it, ChangeInfo{d9edce4 container=DefaultTaskDisplayArea@189387717 flags=0x10}
03-13 01:58:35.870  2545  2970 D ContinuousTransitionController: cleanEndParentForChangeInfo, ChangeInfo{49b54d container=Task{ab8fad7 #17549 type=standard A=1000:.applications.InstalledAppDetailsTop} flags=0x10}
03-13 01:58:35.870  2545  2970 D OplusFlexibleActivityTransitionManager: fixTransitType type result:3, targets: [ChangeInfo{49b54d container=Task{ab8fad7 #17549 type=standard A=1000:.applications.InstalledAppDetailsTop} flags=0x10}]
03-13 01:58:35.870  2545  3186 I DisplayBrightnessStrategySelector: Changing the DisplayBrightnessStrategy from FallbackBrightnessStrategy to ScreenOffBrightnessStrategy for display 0
03-13 01:58:35.870  2545  4656 D OplusUserManagerServiceEnhance: getMultiSystemUserId  res = -10000
03-13 01:58:35.870  2545  3186 D OplusBiometricsDisplayHelper: isFold: false, isUnblockByFp: null
03-13 01:58:35.871  2545  2970 D OplusSplitScreenManagerService: com.android.settings unSupportsSplitScreen by blockList or ForbidActivityList
03-13 01:58:35.871  2545  2970 D OplusSplitScreenManagerService: com.android.settings unSupportsSplitScreen by blockList or ForbidActivityList
03-13 01:58:35.871  2545  2970 D OplusTransitionAnimationManager: activityRecordCount0fullScreenArBeHindStartingWindow null
03-13 01:58:35.871  2545  3186 D DisplayPowerState[display=0]: updateRunnable run fadeLevle=0.0 state=OFF brightness changed:8.0->-1.0
03-13 01:58:35.871  2545  2970 D QuickBackInputPolicy: resetInputInterceptState for remoteTransition: false
03-13 01:58:35.871  2545  2970 D OplusTransitionController: onTransactionReady, transition: 2101, info: {id=2101 t=TO_FRONT f=0x840 trk=0 r=[0@Point(0, 0)] c=[{WCT{RemoteToken{341e7cb Task{ab8fad7 #17549 type=standard A=1000:.applications.InstalledAppDetailsTop}}} m=TO_BACK f=NONE leash=Surface(name=Task=17549)/@0xf2729a sb=Rect(0, 0 - 1080, 2412) eb=Rect(0, 0 - 1080, 2412) epz=Point(1080, 2412) d=0 taskParent=-1}] 
03-13 01:58:35.871  2545  2970 D OplusTransitionController: extendInfo=[
03-13 01:58:35.871  2545  2970 D OplusTransitionController:  OplusTransitionExtendedInfo{mTmpFinishT=null, mInOplusCompatMode=false, mIsProcessRunning=false, mHasMismatchBoundsTarget=false, mRecentsController=null, mRemoteTransition=null, mIsTranslucentActivityToHome=false, mAvoidInterceptKeyEventToHome=false, mIsFromHome=false, mParentLeash=null, mBackAnimClosingLeash=null, mIsOplusAnimRes=false, mKeepBgForContinuous=false, mIsBalAllow=false, mTaskNotInRecent=false, mIsPredictiveBackAnim=false, mIsMergedWithPredictive=false, mIsLaunchFromSpruce=false, mIsLaunchFromDrive=false, mGlobalSearchPageSwitch=false, mNeedNoAlphaGlobalSearchScene=false, mAssistScreenShowing=false, mSwipeUpBrowserScreenShowing=false, mUserIdTransition=0
03-13 01:58:35.871  2545  2970 D OplusTransitionController: , mInRemoteScene=false, mInPreReady=false, mPreStart=false, mToken=null, mAbortByRemoteFromHome=false, mShellApplyToken=null, mRequestTransitionTaskId=-1, mAbortTransitionOnShell=0, mStartFromShortcut=false, mRemovedTaskId=-1, mTransitionInterruptType=0, mMergeSecondTaskId=-1, mTaskIdStartFromRecents=0, mTransitionId=2101, mCanUseSpringSlideAnim=false, mTransitionLaunchFrom=0, mFoldChangeType=-1, mAnimStartingPosition=[0, 0, 0, 0], mIsOpeningStkDialogActivity=false, mIsNeedApplyStartTForEmbedded=false, mMergeSecondTaskAnimation=false, mIsLaunchUnityStart=false, mIsLaunchFromAssistantByDefault=false, mSkipRemoteTransitionfalse, mIsStartFromKeyguard=false flags=0x0, mWCT=null, mIsOpenMergeToInValidPredictive=false}]}, targets : [ChangeInfo{49b54d container=Task{ab8fad7 #17549 type=standard A=1000:.applications.InstalledAppDetailsTop} flags=0x10}], participants: {ActivityRecord{217438744 u0 com.android.settings/.applications.InstalledAppDetails t17549}}
03-13 01:58:35.872  2545  4656 E OplusCustomizeRestrictionManagerService: isBiometricDisabled start
03-13 01:58:35.872  2545  3186 I DreamManagerService: Entering dreamland.
03-13 01:58:35.872  2545  4656 D LockSettingsService: [getStrongAuthForUser]  userId = 0
03-13 01:58:35.872  2545  4656 D BiometricUtils: isEncrypted: false isLockdown: false
03-13 01:58:35.872  2545  3186 I PowerManagerService: Dozing...
03-13 01:58:35.873  2545  2970 W WindowManager: captureTaskSnapshot mSnapshotMode= 0 source=Task{ab8fad7 #17549 type=standard A=1000:.applications.InstalledAppDetailsTop}
03-13 01:58:35.873  2545  2970 I WindowManager: Attempted to take screenshot while display was off.
03-13 01:58:35.875  4042 15120 V WindowManagerShell: onTransitionReady(transaction=10930691906304)
03-13 01:58:35.876  2545  3815 E OplusCustomizeRestrictionManagerService: isBiometricDisabled start
03-13 01:58:35.876  2545  2966 V WindowManager: Sent Transition (#2101) createdAt=03-13 01:58:35.865 via request=TransitionRequestInfo { type = TO_FRONT, triggerTask = null, pipChange = null, remoteTransition = null, displayChange = null, flags = 2048, debugId = 2101 }
03-13 01:58:35.876  2545  2966 V WindowManager:     startWCT=WindowContainerTransaction { changes= {} hops= [] errorCallbackToken=null taskFragmentOrganizer=null }
03-13 01:58:35.876  2545  2966 V WindowManager:     info={id=2101 t=TO_FRONT f=0x840 trk=0 r=[0@Point(0, 0)] c=[
03-13 01:58:35.876  2545  2966 V WindowManager:         {WCT{RemoteToken{341e7cb Task{ab8fad7 #17549 type=standard A=1000:.applications.InstalledAppDetailsTop}}} m=TO_BACK f=NONE leash=Surface(name=Task=17549)/@0xf2729a sb=Rect(0, 0 - 1080, 2412) eb=Rect(0, 0 - 1080, 2412) epz=Point(1080, 2412) d=0 taskParent=-1}
03-13 01:58:35.876  2545  2966 V WindowManager:     ] 
03-13 01:58:35.876  2545  2966 V WindowManager: extendInfo=[
03-13 01:58:35.876  2545  2966 V WindowManager:  OplusTransitionExtendedInfo{mTmpFinishT=null, mInOplusCompatMode=false, mIsProcessRunning=false, mHasMismatchBoundsTarget=false, mRecentsController=null, mRemoteTransition=null, mIsTranslucentActivityToHome=false, mAvoidInterceptKeyEventToHome=false, mIsFromHome=false, mParentLeash=null, mBackAnimClosingLeash=null, mIsOplusAnimRes=false, mKeepBgForContinuous=false, mIsBalAllow=false, mTaskNotInRecent=false, mIsPredictiveBackAnim=false, mIsMergedWithPredictive=false, mIsLaunchFromSpruce=false, mIsLaunchFromDrive=false, mGlobalSearchPageSwitch=false, mNeedNoAlphaGlobalSearchScene=false, mAssistScreenShowing=false, mSwipeUpBrowserScreenShowing=false, mUserIdTransition=0
03-13 01:58:35.876  2545  2966 V WindowManager: , mInRemoteScene=false, mInPreReady=false, mPreStart=false, mToken=null, mAbortByRemoteFromHome=false, mShellApplyToken=null, mRequestTransitionTaskId=-1, mAbortTransitionOnShell=0, mStartFromShortcut=false, mRemovedTaskId=-1, mTransitionInterruptType=0, mMergeSecondTaskId=-1, mTaskIdStartFromRecents=0, mTransitionId=2101, mCanUseSpringSlideAnim=false, mTransitionLaunchFrom=0, mFoldChangeType=-1, mAnimStartingPosition=[0, 0, 0, 0], mIsOpeningStkDialogActivity=false, mIsNeedApplyStartTForEmbedded=false, mMergeSecondTaskAnimation=false, mIsLaunchUnityStart=false, mIsLaunchFromAssistantByDefault=false, mSkipRemoteTransitionfalse, mIsStartFromKeyguard=false flags=0x0, mWCT=null, mIsOpenMergeToInValidPredictive=false}]}
03-13 01:58:35.876  2545  3815 D BiometricService: Sensor ID(4), oemStrength: 4095, updatedStrength: 4095, modality 8, state: 0, cookie: 0, sensorId 4, hasEnrollments: false cannot participate in Keystore operations
03-13 01:58:35.877  2545  3815 E OplusCustomizeRestrictionManagerService: isBiometricDisabled start
03-13 01:58:35.877  2545  2969 D WindowManager: NFW_findFocusedWindowIfNeeded:null mCurrentFocus:Window{9e895ea u0 com.android.settings/com.android.settings.applications.InstalledAppDetails}
03-13 01:58:35.877  2545  3815 E OplusCustomizeRestrictionManagerService: isBiometricDisabled start
03-13 01:58:35.877  4042  4112 V WindowManagerShell: onTransitionReady (#2101) android.os.BinderProxy@7a17cf6: {id=2101 t=TO_FRONT f=0x840 trk=0 r=[0@Point(0, 0)] c=[
03-13 01:58:35.877  4042  4112 V WindowManagerShell:         {m=TO_BACK f=NONE leash=Surface(name=Task=17549)/@0x1958f7 sb=Rect(0, 0 - 1080, 2412) eb=Rect(0, 0 - 1080, 2412) epz=Point(1080, 2412) d=0 taskParent=-1}
03-13 01:58:35.877  4042  4112 V WindowManagerShell:     ] 
03-13 01:58:35.877  4042  4112 V WindowManagerShell: extendInfo=[
03-13 01:58:35.877  4042  4112 V WindowManagerShell:  OplusTransitionExtendedInfo{mTmpFinishT=null, mInOplusCompatMode=false, mIsProcessRunning=false, mHasMismatchBoundsTarget=false, mRecentsController=null, mRemoteTransition=null, mIsTranslucentActivityToHome=false, mAvoidInterceptKeyEventToHome=false, mIsFromHome=false, mParentLeash=null, mBackAnimClosingLeash=null, mIsOplusAnimRes=false, mKeepBgForContinuous=false, mIsBalAllow=false, mTaskNotInRecent=false, mIsPredictiveBackAnim=false, mIsMergedWithPredictive=false, mIsLaunchFromSpruce=false, mIsLaunchFromDrive=false, mGlobalSearchPageSwitch=false, mNeedNoAlphaGlobalSearchScene=false, mAssistScreenShowing=false, mSwipeUpBrowserScreenShowing=false, mUserIdTransition=0
03-13 01:58:35.877  4042  4112 V WindowManagerShell: , mInRemoteScene=false, mInPreReady=false, mPreStart=false, mToken=null, mAbortByRemoteFromHome=false, mShellApplyToken=null, mRequestTransitionTaskId=-1, mAbortTransitionOnShell=0, mStartFromShortcut=false, mRemovedTaskId=-1, mTransitionInterruptType=0, mMergeSecondTaskId=-1, mTaskIdStartFromRecents=0, mTransitionId=2101, mCanUseSpringSlideAnim=false, mTransitionLaunchFrom=0, mFoldChangeType=-1, mAnimStartingPosition=[0, 0, 0, 0], mIsOpeningStkDialogActivity=false, mIsNeedApplyStartTForEmbedded=false, mMergeSecondTaskAnimation=false, mIsLaunchUnityStart=false, mIsLaunchFromAssistantByDefault=false, mSkipRemoteTransitionfalse, mIsStartFromKeyguard=false flags=0x0, mWCT=null, mIsOpenMergeToInValidPredictive=false}]}
03-13 01:58:35.877  2545  2969 V WindowManager: Changing focus from Window{9e895ea u0 com.android.settings/com.android.settings.applications.InstalledAppDetails} to null,diplayid=0
03-13 01:58:35.878  4042  4112 V WindowManagerShell: Playing animation for (#2101) android.os.BinderProxy@7a17cf6@0
03-13 01:58:35.878  4042  4112 V WindowManagerShell: start keyguard appearing transition, info = {id=2101 t=TO_FRONT f=0x840 trk=0 r=[0@Point(0, 0)] c=[{m=TO_BACK f=NONE leash=Surface(name=Task=17549)/@0x1958f7 sb=Rect(0, 0 - 1080, 2412) eb=Rect(0, 0 - 1080, 2412) epz=Point(1080, 2412) d=0 taskParent=-1}] 
03-13 01:58:35.878  4042  4112 V WindowManagerShell: extendInfo=[
03-13 01:58:35.878  4042  4112 V WindowManagerShell:  OplusTransitionExtendedInfo{mTmpFinishT=null, mInOplusCompatMode=false, mIsProcessRunning=false, mHasMismatchBoundsTarget=false, mRecentsController=null, mRemoteTransition=null, mIsTranslucentActivityToHome=false, mAvoidInterceptKeyEventToHome=false, mIsFromHome=false, mParentLeash=null, mBackAnimClosingLeash=null, mIsOplusAnimRes=false, mKeepBgForContinuous=false, mIsBalAllow=false, mTaskNotInRecent=false, mIsPredictiveBackAnim=false, mIsMergedWithPredictive=false, mIsLaunchFromSpruce=false, mIsLaunchFromDrive=false, mGlobalSearchPageSwitch=false, mNeedNoAlphaGlobalSearchScene=false, mAssistScreenShowing=false, mSwipeUpBrowserScreenShowing=false, mUserIdTransition=0
03-13 01:58:35.878  4042  4112 V WindowManagerShell: , mInRemoteScene=false, mInPreReady=false, mPreStart=false, mToken=null, mAbortByRemoteFromHome=false, mShellApplyToken=null, mRequestTransitionTaskId=-1, mAbortTransitionOnShell=0, mStartFromShortcut=false, mRemovedTaskId=-1, mTransitionInterruptType=0, mMergeSecondTaskId=-1, mTaskIdStartFromRecents=0, mTransitionId=2101, mCanUseSpringSlideAnim=false, mTransitionLaunchFrom=0, mFoldChangeType=-1, mAnimStartingPosition=[0, 0, 0, 0], mIsOpeningStkDialogActivity=false, mIsNeedApplyStartTForEmbedded=false, mMergeSecondTaskAnimation=false, mIsLaunchUnityStart=false, mIsLaunchFromAssistantByDefault=false, mSkipRemoteTransitionfalse, mIsStartFromKeyguard=false flags=0x0, mWCT=null, mIsOpenMergeToInValidPredictive=false}]}
03-13 01:58:35.878  4042  4112 D KeyguardService: Starts IRemoteAnimationRunner: info={id=2101 t=TO_FRONT f=0x840 trk=0 r=[0@Point(0, 0)] c=[{m=TO_BACK f=NONE leash=Surface(name=Task=17549)/@0x1958f7 sb=Rect(0, 0 - 1080, 2412) eb=Rect(0, 0 - 1080, 2412) epz=Point(1080, 2412) d=0 taskParent=-1}] 
03-13 01:58:35.878  4042  4112 D KeyguardService: extendInfo=[
03-13 01:58:35.878  4042  4112 D KeyguardService:  OplusTransitionExtendedInfo{mTmpFinishT=null, mInOplusCompatMode=false, mIsProcessRunning=false, mHasMismatchBoundsTarget=false, mRecentsController=null, mRemoteTransition=null, mIsTranslucentActivityToHome=false, mAvoidInterceptKeyEventToHome=false, mIsFromHome=false, mParentLeash=null, mBackAnimClosingLeash=null, mIsOplusAnimRes=false, mKeepBgForContinuous=false, mIsBalAllow=false, mTaskNotInRecent=false, mIsPredictiveBackAnim=false, mIsMergedWithPredictive=false, mIsLaunchFromSpruce=false, mIsLaunchFromDrive=false, mGlobalSearchPageSwitch=false, mNeedNoAlphaGlobalSearchScene=false, mAssistScreenShowing=false, mSwipeUpBrowserScreenShowing=false, mUserIdTransition=0
03-13 01:58:35.878  4042  4112 D KeyguardService: , mInRemoteScene=false, mInPreReady=false, mPreStart=false, mToken=null, mAbortByRemoteFromHome=false, mShellApplyToken=null, mRequestTransitionTaskId=-1, mAbortTransitionOnShell=0, mStartFromShortcut=false, mRemovedTaskId=-1, mTransitionInterruptType=0, mMergeSecondTaskId=-1, mTaskIdStartFromRecents=0, mTransitionId=2101, mCanUseSpringSlideAnim=false, mTransitionLaunchFrom=0, mFoldChangeType=-1, mAnimStartingPosition=[0, 0, 0, 0], mIsOpeningStkDialogActivity=false, mIsNeedApplyStartTForEmbedded=false, mMergeSecondTaskAnimation=false, mIsLaunchUnityStart=false, mIsLaunchFromAssistantByDefault=false, mSkipRemoteTransitionfalse, mIsStartFromKeyguard=false flags=0x0, mWCT=null, mIsOpenMergeToInValidPredictive=false}]}
03-13 01:58:35.880  4042  4112 D KeyguardService: Unexpected transit type: 3
03-13 01:58:35.881  2545  3821 I DreamController: Starting dream: name=ComponentInfo{com.android.systemui/com.android.systemui.doze.DozeService}, isPreviewMode=false, canDoze=true, userId=0, reason='power manager request'
03-13 01:58:35.881  4042  4112 V WindowManagerShell:  animated by com.android.wm.shell.keyguard.KeyguardTransitionHandler@e37f9e9
03-13 01:58:35.884  1157  1157 I keystore2: system/security/keystore2/src/authorization.rs:153 - on_device_locked(user_id=0, unlocking_sids=[-7348384539220115328], weak_unlock_enabled=false)
03-13 01:58:35.884  2545 10037 I BLASTSyncEngine: onCommitted syncId: 2101, timeout: false ran: false
03-13 01:58:35.885  2545  5831 D OplusSplitScreenManagerService: com.android.settings unSupportsSplitScreen by blockList or ForbidActivityList
03-13 01:58:35.886  2545  5831 D OplusSplitScreenManagerService: com.android.settings unSupportsSplitScreen by blockList or ForbidActivityList
03-13 01:58:35.886  2545  2969 V UsbDeviceManager: onKeyguardStateChanged: isShowing:true secure:true user:0
03-13 01:58:35.888  2545  3896 D DisplayPowerState[display=0]: Updating screen state: id=0, state=OFF, backlight=-1.0, sdrBacklight=-1.0
03-13 01:58:35.888  2545  3896 D DisplayAdapterExt: sendDisplayDeviceEventLocked event=2,now=118924990,timestamp=118924990 device:[id=local:4630947111810692738,stack=0],isFirst=true,activeMode=1,state=OFF,commitState=ON,devInfo:null
03-13 01:58:35.890  2545  3830 D BiometricScheduler: [Added] {[626] com.android.server.biometrics.sensors.fingerprint.aidl.FingerprintAuthenticationClient, proto=3, owner=com.android.systemui, cookie=0, requestId=433, userId=0}, new queue size: 1, interruptable: true
03-13 01:58:35.890  2545  3830 D BiometricScheduler: [Polled] {[626] com.android.server.biometrics.sensors.fingerprint.aidl.FingerprintAuthenticationClient, proto=3, owner=com.android.systemui, cookie=0, requestId=433, userId=0}, State: 0
03-13 01:58:35.890  2545  3830 D GestureAvailabilityTracker: Notifying gesture availability, active=false
03-13 01:58:35.891  2545  3830 D BiometricScheduler: [Started] {[626] com.android.server.biometrics.sensors.fingerprint.aidl.FingerprintAuthenticationClient, proto=3, owner=com.android.systemui, cookie=0, requestId=433, userId=0}
03-13 01:58:35.891  2545  3830 D BiometricStateCallback: State updated from 0 to 2, client {[626] com.android.server.biometrics.sensors.fingerprint.aidl.FingerprintAuthenticationClient, proto=3, owner=com.android.systemui, cookie=0, requestId=433, userId=0}
03-13 01:58:35.891  2545  3830 D Biometrics/AuthenticationClient: Requesting auth for com.android.systemui
03-13 01:58:35.891  2545  3830 D SensorOverlays: showUdfpsOverlay : 1, 4
03-13 01:58:35.893  2545  3830 D OplusUserManagerServiceEnhance: getMultiSystemUserId  res = -10000
03-13 01:58:35.896  2545  3830 V BiometricSchedulerOperation: started: {[626] com.android.server.biometrics.sensors.fingerprint.aidl.FingerprintAuthenticationClient, proto=3, owner=com.android.systemui, cookie=0, requestId=433, userId=0}, State: 2
03-13 01:58:35.898  2545  3191 D LuxEvent: main light sensor enable:false
03-13 01:58:35.898  2545  3191 D LuxEvent: unregister MAIN_LIGHT result:true
03-13 01:58:35.898  2545  3191 D LuxEvent: aux light sensor enable:false
03-13 01:58:35.898  2545  3191 D LuxEvent: unregister AUX_LIGHT result:true
03-13 01:58:35.898  2545  3191 D ProximityEvent: proximity sensor enable:false
03-13 01:58:35.898  2545  3191 D ProximityEvent: unregister PROXIMITY result:true
03-13 01:58:35.901  2545  3191 D SensorDelegate: MAIN_LIGHT unregisterListener success
03-13 01:58:35.901  2545  3191 D SensorDelegate: AUX_LIGHT unregisterListener fail
03-13 01:58:35.901  1083  6304 D vold    : Cannot find key for 0
03-13 01:58:35.901  1083  6304 D vold    : Cannot find key for 0
03-13 01:58:35.902  1083  6304 I vold    : evict_sensitive_key: 1,sensitiveType=0
03-13 01:58:35.902  1083  6304 I vold    : evict_sensitive_key: 1
03-13 01:58:35.903  2545  3191 D SensorDelegate: PROXIMITY unregisterListener success
03-13 01:58:35.905  2545  5167 D OplusWallpaperAnimationManager: cancelSurfaceAnimation reason: move_animation, isAnimating: false, by window: Window{d19c55d u0 NotificationShade}
03-13 01:58:35.905  2545  5167 D OplusWallpaperAnimationManager: setWallpaperScale, onAnimationStopped
03-13 01:58:35.905  2545  5167 D OplusWallpaperAnimationManager: setWallpaperScale scale no change, return
03-13 01:58:35.905  2545  2545 D OplusFlexibleWindowMinimizedManagerHelper: onReceive, intent = android.intent.action.CLOSE_SYSTEM_DIALOGS reason:dream state:0
03-13 01:58:35.906  1083  1083 D vold    : Cannot find key for 0
03-13 01:58:35.906  1083  1083 D vold    : Cannot find key for 0
03-13 01:58:35.906  1083  1083 I vold    : evict_sensitive_key: 1,sensitiveType=1
03-13 01:58:35.906  1083  1083 I vold    : evict_sensitive_key: 1
03-13 01:58:35.906  2545  2969 E OplusStorageManagerFeature: clear Ae Be key
03-13 01:58:35.915  2545  2969 D OplusAccessControlManagerService: onKeyguardStateChanged : true
03-13 01:58:35.915  2545  4656 V WindowManager: Relayout Window{7732e19 u0 OnScreenFingerprintDimLayer}: viewVisibility=0, oldvis=8, req=1080x2412 , apr = 0, vsysui=LAYOUT_STABLE LAYOUT_HIDE_NAVIGATION
03-13 01:58:35.915  2545  4656 I WindowManager: Window{7732e19 u0 OnScreenFingerprintDimLayer} state from NO_SURFACE to DRAW_PENDING; reason: resetDrawState
03-13 01:58:35.917  2545  4656 D WindowManager: NFW_findFocusedWindowIfNeeded:null mCurrentFocus:null
03-13 01:58:35.918  2545  2969 I DisplayDeviceRepository: Display device changed state: "Built-in Screen", OFF
03-13 01:58:35.918  2545  2969 D LogicalDisplayMapper: Display device changed diff=2
03-13 01:58:35.918  2545  2969 D LogicalDisplayExt: set displayInfo flag FLAG_ROTATES_WITH_CONTENT
03-13 01:58:35.918  2545  2969 D DisplayManagerServiceExtImpl: scheduleTraversalLocked intraversal=false
03-13 01:58:35.918  2545  2969 I DisplayManagerServiceExtImpl: handle logical display changed logicalDisplay=id=0,stack=0,content=true,displayInfo{stack=0,type=1,id=0,uId=local:4630947111810692738,state=OFF,pkg=null}
03-13 01:58:35.919  2545  3837 D BackgroundInstallControlService: Package event received: 0
03-13 01:58:35.920  4042  4625 W VRI[OnScreenFingerprintDimLayer]: updateBlastSurfaceIfNeeded, surfaceSize:Point(1080, 2412), lastSurfaceSize:Point(1080, 2412), format:-2, blastBufferQueue:null
03-13 01:58:35.922  2545  5167 I StatusBarManagerService: disableLocked, what:1000000, pkg:com.android.systemui userId: 0 token:android.os.BinderProxy@f59c080 net1:1000000 net2:0
03-13 01:58:35.925  2545  4656 D LockSettingsService: [scheduleNonStrongBiometricIdleTimeout]  userId = 0
03-13 01:58:35.926  2545  5167 D PowerManagerService: userActivityNoUpdateLocked: groupId=0, eventTime=53348346, event=other, flags=0x0, uid=10223
03-13 01:58:35.931  2545  2969 D DisplayManagerService: Delivering display event: displayId=0, event=BASIC_CHANGED
03-13 01:58:35.933  2545  2967 D WindowManager: DeferredDisplayUpdater: partially applying DisplayInfo(1080 x 2412) immediately
03-13 01:58:35.935  2545  2967 D OplusVFXScreenEffectFeature: notifySFCompatWindowStateChange entered false
03-13 01:58:35.936  2545  2967 D DisplayManagerService: performTraversalInternal pendingTraversal
03-13 01:58:35.936  2545  2967 D DisplayDevice: setLayerStackLocked id=local:4630947111810692738 token=android.os.BinderProxy@dea25f5 stack=0->-1
03-13 01:58:35.936  2545  2967 I DisplayDevice: [0] Layerstack set to -1 for local:4630947111810692738
03-13 01:58:35.939  2545  2969 D DisplayManagerService: MSG_REQUEST_TRAVERSAL pendingCompleted=false
03-13 01:58:35.939  2545  2969 D DisplayManagerService: Delivering display event: displayId=0, event=EVENT_DISPLAY_STATE_CHANGED
03-13 01:58:35.943  2545  5167 I WindowManager: Window{7732e19 u0 OnScreenFingerprintDimLayer} state from DRAW_PENDING to COMMIT_DRAW_PENDING; reason: finishDrawingLocked
03-13 01:58:35.944  2545  2970 I WindowManager: Window{7732e19 u0 OnScreenFingerprintDimLayer} state from COMMIT_DRAW_PENDING to READY_TO_SHOW; reason: commitFinishDrawingLocked
03-13 01:58:35.944  2545  2970 I WindowManager: Window{7732e19 u0 OnScreenFingerprintDimLayer} state from READY_TO_SHOW to HAS_DRAWN; reason: performShowLocked
03-13 01:58:35.952  3957  3957 D CastManagerService: onDisplayChanged.
03-13 01:58:35.954  2545  3194 D VRR [OPlusExternalRefreshRateManager]: notifyDisableOtiMode: true
03-13 01:58:35.954  2545  3194 D VRR [OPlusExternalRefreshRateManager]:  [OTI] handleTouchIdlePauseState: Force
03-13 01:58:35.954  2545  3194 D VRR [OPlusSurfaceFlingerController]:  setTouchIdleShouldPause : true
03-13 01:58:35.964  1157  1157 I keystore2: system/security/keystore2/src/super_key.rs:973 - UnlockedDeviceRequired super keys for user 0 are biometric-encrypted.
03-13 01:58:35.966  2545  4656 V WindowManager: Relayout Window{e82df68 u0 NavigationBar_displayId_0}: viewVisibility=0, oldvis=0, req=1080x132 , apr = 0, vsysui=, x=0, y=0
03-13 01:58:35.968  1157 29196 I keystore2: system/security/keystore2/src/database.rs:1412 - First database operation finished.
03-13 01:58:35.970  2545  3958 D OAppNetControlService: Screens off!
03-13 01:58:35.977  2545 10037 D OplusSplitScreenManagerService: com.android.settings unSupportsSplitScreen by blockList or ForbidActivityList
03-13 01:58:35.977  2545 10037 D OplusSplitScreenManagerService: com.android.settings unSupportsSplitScreen by blockList or ForbidActivityList
03-13 01:58:36.015  2545  5831 D OplusSplitScreenManagerService: com.android.settings unSupportsSplitScreen by blockList or ForbidActivityList
03-13 01:58:36.015  2545  5831 D OplusSplitScreenManagerService: com.android.settings unSupportsSplitScreen by blockList or ForbidActivityList
03-13 01:58:36.038  2545  4493 D OplusSplitScreenManagerService: com.android.settings unSupportsSplitScreen by blockList or ForbidActivityList
03-13 01:58:36.038  2545  4493 D OplusSplitScreenManagerService: com.android.settings unSupportsSplitScreen by blockList or ForbidActivityList
03-13 01:58:36.039  2545  4493 D OplusSplitScreenManagerService: com.android.settings unSupportsSplitScreen by blockList or ForbidActivityList
03-13 01:58:36.039  2545  4493 D OplusSplitScreenManagerService: com.android.settings unSupportsSplitScreen by blockList or ForbidActivityList
03-13 01:58:36.046  2545  4656 D OplusSplitScreenManagerService: com.android.settings unSupportsSplitScreen by blockList or ForbidActivityList
03-13 01:58:36.047  2545  4656 D OplusSplitScreenManagerService: com.android.settings unSupportsSplitScreen by blockList or ForbidActivityList
03-13 01:58:36.048  2545  4656 D OplusSplitScreenManagerService: com.android.settings unSupportsSplitScreen by blockList or ForbidActivityList
03-13 01:58:36.048  2545  4656 D OplusSplitScreenManagerService: com.android.settings unSupportsSplitScreen by blockList or ForbidActivityList
03-13 01:58:36.051  2545  4493 D OplusSplitScreenManagerService: com.android.settings unSupportsSplitScreen by blockList or ForbidActivityList
03-13 01:58:36.051  2545  4493 D OplusSplitScreenManagerService: com.android.settings unSupportsSplitScreen by blockList or ForbidActivityList
03-13 01:58:36.052  2545  4656 D OplusSplitScreenManagerService: com.android.settings unSupportsSplitScreen by blockList or ForbidActivityList
03-13 01:58:36.052  2545  4656 D OplusSplitScreenManagerService: com.android.settings unSupportsSplitScreen by blockList or ForbidActivityList
03-13 01:58:36.133  2545  3896 D DisplayAdapterExt: sendDisplayDeviceEventLocked event=2,now=118925235,timestamp=118925235 device:[id=local:4630947111810692738,stack=-1],isFirst=true,activeMode=1,state=OFF,commitState=OFF,devInfo:null
03-13 01:58:36.133  2545  3896 D AidlDisplayPanelFeature: getDisplayPanelFeatureValue +++, featureID:20
03-13 01:58:36.133  2545  2969 I DisplayDeviceRepositoryExtImpl: Display device changed committed state: "Built-in Screen", OFF
03-13 01:58:36.133  2545  2969 D LogicalDisplayMapper: Display device changed diff=4
03-13 01:58:36.133  2545  2969 D LogicalDisplayExt: set displayInfo flag FLAG_ROTATES_WITH_CONTENT
03-13 01:58:36.134  2545  2969 D DisplayManagerService: Delivering display event: displayId=0, event=EVENT_DISPLAY_COMMITTED_STATE_CHANGED
03-13 01:58:36.134  2545  3896 I AidlDisplayPanelFeature: [0]
03-13 01:58:36.135  2545  3896 D AidlDisplayPanelFeature: getDisplayPanelFeatureValue ---, result = [0]
03-13 01:58:36.135  2545  3896 D OplusSilentRebootManager: silence flags file value is :0
03-13 01:58:36.136  2545  3186 D DisplayPowerState[display=0]: updateRunnable run fadeLevle=0.0 state=OFF brightness changed:8.0->-1.0
03-13 01:58:36.136  2545  3186 D OplusBiometricsDisplayHelper: isFold: false, isUnblockByFp: null
03-13 01:58:36.141  4042  4042 W VRI[NotificationShade]: updateBlastSurfaceIfNeeded, surfaceSize:Point(1080, 2412), lastSurfaceSize:Point(1080, 2412), format:-3, blastBufferQueue:android.graphics.BLASTBufferQueue@4294ac1
03-13 01:58:36.143  2545  4656 V WindowManager: Relayout Window{d19c55d u0 NotificationShade}: viewVisibility=0, oldvis=0, req=1080x2412 , apr = 0, vsysui=, x=0, y=0
03-13 01:58:36.145  2545  4656 D WindowManager: NFW_findFocusedWindowIfNeeded:Window{d19c55d u0 NotificationShade} mCurrentFocus:null
03-13 01:58:36.146  2545  4656 V WindowManager: Changing focus from null to Window{d19c55d u0 NotificationShade},diplayid=0
03-13 01:58:36.146  2545  3878 E UAH-Framework: invalid window type -1
03-13 01:58:36.147  2545  4656 D WindowManager: setFrameRateStart invalid typeId return!
03-13 01:58:36.149  2545  4656 D WindowManager: setFrameRateStart invalid typeId return!
03-13 01:58:36.170  4042  4042 V DreamService[DozeService]: onCreate()
03-13 01:58:36.177  4042  4042 V DreamService[DozeService]: onBind() intent = Intent { act=android.service.dreams.DreamService flg=0x800000 xflg=0x4 cmp=com.android.systemui/.doze.DozeService (has extras) mCallingUid=1000 }
03-13 01:58:36.180  2545  3821 I DreamController: onServiceConnected, attach!
03-13 01:58:36.181  4042 15111 I DreamServiceWrapper: attach
03-13 01:58:36.182  4042  4042 D InsetsController: Setting requestedVisibleTypes to -11 (was -9)
03-13 01:58:36.183  2545  5831 D RateLimit: decrementToken , current = 5, offset = 1
03-13 01:58:36.183  2545  3098 I UserAwareMgr: event is already released: SceneEvent{id=5017, maxWorkDurationMs=1500, caller='[android]', eventFlags=0, fbPriority=1, keyThreads=[KeyThread{name=InsetsAnimation, owner=self, schedPolicy=ux, priority=ANIMATOR, maxThreadCount=1}, KeyThread{name=UIThread, owner=self, schedPolicy=ux, priority=ANIMATOR, maxThreadCount=1}, KeyThread{name=main, owner=self, schedPolicy=ux, priority=ANIMATOR, maxThreadCount=1}], vipBinderGroup=null}, callingPid: 2545, appPid: 0
03-13 01:58:36.184  2545  4493 D WindowManager: BarWindow--setVisible: id=2, oldState=0, state=2, mFocuseWindow= Window{d19c55d u0 NotificationShade} call: 
03-13 01:58:36.188  2545  3733 W OplusStorageManagerFeature: mScreenReceiver action:android.intent.action.DREAMING_STARTED
03-13 01:58:36.190  2545  3733 W OplusStorageManagerFeature: turn screenOff, maintPrepared:false
03-13 01:58:36.190  2545  3733 W OplusStorageManagerFeature: sendToTarget over,paramStr:5
03-13 01:58:36.194  2545  5831 D OplusSplitScreenManagerService: com.android.settings unSupportsSplitScreen by blockList or ForbidActivityList
03-13 01:58:36.194  2545  5831 D OplusSplitScreenManagerService: com.android.settings unSupportsSplitScreen by blockList or ForbidActivityList
03-13 01:58:36.199  2545  3105 I ActivityManager: Start proc 29206:com.heytap.pictorial/u0a207 for service {com.heytap.pictorial/com.heytap.pictorial.KeepAliveService}
03-13 01:58:36.200  2545  2967 I ActivityManager: ProcessObserver broadcast disabled
03-13 01:58:36.205  2545  3733 W OplusStorageManagerFeature: Ready to deal actionParam:5
03-13 01:58:36.206  1083 29207 D vold    : ufshid started
03-13 01:58:36.206  2545  3105 W ContextImpl: Calling a method in the system process without a qualified user: android.app.ContextImpl.sendBroadcast:1281 com.android.server.am.OplusAppStartupConfig.sendAbnormalNotify:2280 com.android.server.am.OplusAppStartupConfig.notifyAbnormalInfo:2213 com.android.server.am.OplusAppStartupManager.handleStartAppInfo:5811 com.android.server.am.ProcessListExtImpl.hookHandleProcessStart:338 
