03-13 01:58:36.207  4042  4042 W VRI[NotificationShade]: updateBlastSurfaceIfNeeded, surfaceSize:Point(1080, 2412), lastSurfaceSize:Point(1080, 2412), format:-3, blastBufferQueue:android.graphics.BLASTBufferQueue@4294ac1
03-13 01:58:36.207  1083 29207 W vold    : old hid version is not suitable
03-13 01:58:36.207  1083 29207 D vold    : ufshid end
03-13 01:58:36.207  2545  5831 V WindowManager: Relayout Window{d19c55d u0 NotificationShade}: viewVisibility=0, oldvis=0, req=1080x2412 , apr = 0, vsysui=, x=0, y=0
03-13 01:58:36.228  2545  5831 D OplusSplitScreenManagerService: com.android.settings unSupportsSplitScreen by blockList or ForbidActivityList
03-13 01:58:36.229  2545  5831 D OplusSplitScreenManagerService: com.android.settings unSupportsSplitScreen by blockList or ForbidActivityList
03-13 01:58:36.230  2545  4493 D OplusSplitScreenManagerService: com.android.settings unSupportsSplitScreen by blockList or ForbidActivityList
03-13 01:58:36.230  2545  4493 D OplusSplitScreenManagerService: com.android.settings unSupportsSplitScreen by blockList or ForbidActivityList
03-13 01:58:36.237  4042  4042 W VRI[StatusBar]: handleResized abandoned!
03-13 01:58:36.237  4042  4042 W VRI[NotificationShade]: handleResized abandoned!
03-13 01:58:36.237  4042  4042 W VRI[NavigationBar_displayId_0]: handleResized abandoned!
03-13 01:58:36.237  4042  4625 W VRI[OnScreenFingerprintDimLayer]: handleResized abandoned!
03-13 01:58:36.238  4042  4042 D KeyguardService: Finish IRemoteAnimationRunner.
03-13 01:58:36.239  4042  4112 V WindowManagerShell: Transition animation finished (aborted=false), notifying core (#2101) android.os.BinderProxy@7a17cf6@0
03-13 01:58:36.239  4042  4112 D SplitScreen-->AppLockManager: setStartFromSafeControl mStartFromSafeControl=false
03-13 01:58:36.241  4042  4042 V DreamService[DozeService]: onDreamingStarted()
03-13 01:58:36.241  4042  4042 V DreamService[DozeService]: UpdateDoze mDozeScreenState=0 mDozeScreenBrightness=-1 mDozeScreenBrightnessFloat=NaN
03-13 01:58:36.242  2545  4493 D DreamManagerService: Dream requested to start dozing: android.os.Binder@7506010, screenState=UNKNOWN, reason=UNKNOWN, screenBrightnessFloat=NaN, screenBrightnessInt=-1, useNormalBrightnessForDoze=false
03-13 01:58:36.242  2545  4493 D OplusFeatureAOD: key:2545 tmp:2
03-13 01:58:36.242  2545  4656 D Transition: finishTransition ar ActivityRecord{217438744 u0 com.android.settings/.applications.InstalledAppDetails t17549}, isVisibleRequested=false, state=PAUSED, visibleAtTransitionEndTokens={}, this=TransitionRecord{6ddf709 id=2101 track=0 type=TO_FRONT flags=0x840 state=2 c=[
03-13 01:58:36.242  2545  4656 D Transition:    ChangeInfo{7bd1d0e container=Display{#0 state=OFF size=1080x2412 ROTATION_0} flags=0x0}
03-13 01:58:36.242  2545  4656 D Transition:    ChangeInfo{49b54d container=Task{ab8fad7 #17549 type=standard A=1000:.applications.InstalledAppDetailsTop} flags=0x10}
03-13 01:58:36.242  2545  4656 D Transition:    ChangeInfo{d9edce4 container=DefaultTaskDisplayArea@189387717 flags=0x10}
03-13 01:58:36.242  2545  4656 D Transition:    ChangeInfo{133d32f container=ActivityRecord{217438744 u0 com.android.settings/.applications.InstalledAppDetails t17549} flags=0x0}
03-13 01:58:36.242  2545  4656 D Transition: ]
03-13 01:58:36.242  2545  4656 D Transition: }
03-13 01:58:36.243  2545  4656 D ActivityTaskManager: commitVisibility: ActivityRecord{217438744 u0 com.android.settings/.applications.InstalledAppDetails t17549}: visible=false visibleRequested=false, isInTransition=false 
03-13 01:58:36.243  2545  4656 D WindowManager: NFW_setClientVisible:ActivityRecord{217438744 u0 com.android.settings/.applications.InstalledAppDetails t17549} clientVisible:false
03-13 01:58:36.244  2545  5167 D Transition: finishTransaction-onCommitted syncId=2101
03-13 01:58:36.247  2545  4493 D DisplayPowerController[display=0]: requestPowerState: policy=DOZE, useProximitySensor=false, screenBrightnessOverride=-1.0, useAutoBrightness=false, screenAutoBrightnessAdjustmentOverride=NaN, screenLowPowerBrightnessFactor=1.0, blockScreenOn=false, lowPowerMode=false, boostScreenBrightness=false, dozeScreenBrightness=NaN, dozeScreenState=UNKNOWN, dozeScreenStateReason=DREAM_MANAGER, useNormalBrightnessForDoze=false, waitForNegativeProximity=false displayReady=false pendingRequest=true
03-13 01:58:36.247  2545  4493 D DisplayManagerServiceExtImpl: request size(1,1),dpc=com.android.server.display.DisplayPowerController@7418311 size(0,1),flags=0X200F,id(0,0,local:4630947111810692738),enable=true,ready=false,waitForNegativeProximity=false policy=DOZE,useProximitySensor=false,dozeState=UNKNOWN,screenBrightnessOverride=-1.000000,useAuto=false,lowPower=false,lowPowerFactor=1.000000
03-13 01:58:36.249  2545  4656 D OplusTransitionController: finishTransition, transition: TransitionRecord{6ddf709 id=2101 track=0 type=TO_FRONT flags=0x840 state=4 c=[
03-13 01:58:36.249  2545  4656 D OplusTransitionController:    ChangeInfo{7bd1d0e container=Display{#0 state=OFF size=1080x2412 ROTATION_0} flags=0x0}
03-13 01:58:36.249  2545  4656 D OplusTransitionController:    ChangeInfo{49b54d container=Task{ab8fad7 #17549 type=standard A=1000:.applications.InstalledAppDetailsTop} flags=0x10}
03-13 01:58:36.249  2545  4656 D OplusTransitionController:    ChangeInfo{d9edce4 container=DefaultTaskDisplayArea@189387717 flags=0x10}
03-13 01:58:36.249  2545  4656 D OplusTransitionController:    ChangeInfo{133d32f container=ActivityRecord{217438744 u0 com.android.settings/.applications.InstalledAppDetails t17549} flags=0x0}
03-13 01:58:36.249  2545  4656 D OplusTransitionController: ]
03-13 01:58:36.249  2545  4656 D OplusTransitionController: }
03-13 01:58:36.250  2545  4656 I OplusRecentsAnimationController: finishTransition transition.mType=3,task=Task{51e1bd2 #17495 type=standard A=10327:com.coloros.note}
03-13 01:58:36.250  2545  4656 I TaskFragmentExtImpl: reset pause in recents anim for mTaskFragment: Task{51e1bd2 #17495 type=standard A=10327:com.coloros.note}
03-13 01:58:36.250  2545  4656 D FlexibleTaskTransitionController:  finishTransition pendingRecentToFlexibleTask:null,isRotationTransition:false ,pendingRecentToFlexible:null ,transition:TransitionRecord{6ddf709 id=2101 track=0 type=TO_FRONT flags=0x840 state=4 c=[
03-13 01:58:36.250  2545  4656 D FlexibleTaskTransitionController:    ChangeInfo{7bd1d0e container=Display{#0 state=OFF size=1080x2412 ROTATION_0} flags=0x0}
03-13 01:58:36.250  2545  4656 D FlexibleTaskTransitionController:    ChangeInfo{49b54d container=Task{ab8fad7 #17549 type=standard A=1000:.applications.InstalledAppDetailsTop} flags=0x10}
03-13 01:58:36.250  2545  4656 D FlexibleTaskTransitionController:    ChangeInfo{d9edce4 container=DefaultTaskDisplayArea@189387717 flags=0x10}
03-13 01:58:36.250  2545  4656 D FlexibleTaskTransitionController:    ChangeInfo{133d32f container=ActivityRecord{217438744 u0 com.android.settings/.applications.InstalledAppDetails t17549} flags=0x0}
03-13 01:58:36.250  2545  4656 D FlexibleTaskTransitionController: ]
03-13 01:58:36.250  2545  4656 D FlexibleTaskTransitionController: }
03-13 01:58:36.251  2545  4656 D KEYLOG_PhoneWindowManager: setKeyguardOccludedLw occluded=false,false,false
03-13 01:58:36.252  2545  4656 D TransitionControllerExtImpl: NFW_send RECOMPUTE_FOCUS in finishTransition
03-13 01:58:36.252  2545  4493 D OplusUserManagerServiceEnhance: getMultiSystemUserId  res = -10000
03-13 01:58:36.252  4042  4112 D ShellTaskOrganizer: onTransitionFinish, isRecent:false
03-13 01:58:36.253  4042  4112 V WindowManagerShell: Track 0 became idle
03-13 01:58:36.253  4042  4112 V WindowManagerShell: All active transition animations finished
03-13 01:58:36.254  4042  4042 W VRI[StatusBar]: handleResized abandoned!
03-13 01:58:36.254  4042  4042 W VRI[NotificationShade]: handleResized abandoned!
03-13 01:58:36.254  4042  4625 W VRI[OnScreenFingerprintDimLayer]: handleResized abandoned!
03-13 01:58:36.256  2545  5831 D OplusSplitScreenManagerService: com.android.settings unSupportsSplitScreen by blockList or ForbidActivityList
03-13 01:58:36.256  2545  5831 D OplusSplitScreenManagerService: com.android.settings unSupportsSplitScreen by blockList or ForbidActivityList
03-13 01:58:36.256  2545  5831 I TaskOrganizerController: onTaskInfoChanged taskid 17549 config { mBounds=Rect(0, 0 - 1080, 2412) mAppBounds=Rect(0, 0 - 1080, 2412) mMaxBounds=Rect(0, 0 - 1080, 2412) mDisplayRotation=ROTATION_0 mWindowingMode=fullscreen mActivityType=standard mAlwaysOnTop=undefined mRotation=ROTATION_0}
03-13 01:58:36.257  2545  5831 D OplusFlexibleDragToSplitAnimController: visibleFlexibleTaskInfos delete:17549
03-13 01:58:36.257  2545  5831 E FlexibleWindowManagerService: notifyTaskObserverToAttachController not need to notify!
03-13 01:58:36.257  2545  5831 I FlexibleWindowManagerService: onFlexibleWindowTaskInfoChanged, return for cur task not embedded
03-13 01:58:36.257  2545  5831 D DeviceStateProviderImpl: keyguard show or sleep: true mLastReportedState 0
03-13 01:58:36.259  2545  2969 D WindowManager: NFW_findFocusedWindowIfNeeded:Window{d19c55d u0 NotificationShade} mCurrentFocus:Window{d19c55d u0 NotificationShade}
03-13 01:58:36.259  2545  2969 V UsbDeviceManager: onKeyguardStateChanged: isShowing:true secure:true user:0
03-13 01:58:36.259  2545  2969 D OplusAccessControlManagerService: onKeyguardStateChanged : true
03-13 01:58:36.260  2545 10037 D ActivityTaskManagerServiceExtImpl: preBindApplication record is null
03-13 01:58:36.265  2545  5831 D SystemServerTiming: getUserSwitchability-0
03-13 01:58:36.265  2545  5831 D SystemServerTiming: TM.isInCall
03-13 01:58:36.268  4042  4042 W VRI[NotificationShade]: updateBlastSurfaceIfNeeded, surfaceSize:Point(1080, 2412), lastSurfaceSize:Point(1080, 2412), format:-3, blastBufferQueue:android.graphics.BLASTBufferQueue@4294ac1
03-13 01:58:36.273  2545 10034 V WindowManager: Relayout Window{d19c55d u0 NotificationShade}: viewVisibility=0, oldvis=0, req=1080x2412 , apr = 0, vsysui=, x=0, y=0
03-13 01:58:36.280  2545  3186 D OplusFeatureAntiDizzy:  animateLongTakeStateChange, policy 1
03-13 01:58:36.280  2545  3186 D OplusBiometricsDisplayHelper: isFold: false, isUnblockByFp: null
03-13 01:58:36.280  2545  3186 D DisplayPowerController[display=0]: updatePowerStateInternal policy:OFF->DOZE,state:OFF->OFF policy=DOZE, useProximitySensor=false, screenBrightnessOverride=-1.0, useAutoBrightness=false, screenAutoBrightnessAdjustmentOverride=NaN, screenLowPowerBrightnessFactor=1.0, blockScreenOn=false, lowPowerMode=false, boostScreenBrightness=false, dozeScreenBrightness=NaN, dozeScreenState=UNKNOWN, dozeScreenStateReason=DREAM_MANAGER, useNormalBrightnessForDoze=false
03-13 01:58:36.281  2545  3186 D OplusPowerManagerHelper: [onGoToSleep]
03-13 01:58:36.283  2545  3186 E OplusCustomizeRestrictionManagerService: isBiometricDisabled start
03-13 01:58:36.283  2545  3186 D OplusFeatureAOD: notifySfUnBlockScreenOn
03-13 01:58:36.284  2545  5831 D SystemServerTiming: hasUserRestriction-DISALLOW_USER_SWITCH
03-13 01:58:36.284  2545  5831 D SystemServerTiming: getInt-ALLOW_USER_SWITCHING_WHEN_SYSTEM_USER_LOCKED
03-13 01:58:36.284  2545  5831 D SystemServerTiming: isUserUnlocked-USER_SYSTEM
03-13 01:58:36.294  2545  3187 D NotifierExtImpl: notifyScreenOnOff: on = false
03-13 01:58:36.294  2545  3187 D OplusPowerManagerServiceEnhance: notifyScreenOnOff on=false
03-13 01:58:36.302  2545  5167 V WindowManager: Relayout Window{9e895ea u0 com.android.settings/com.android.settings.applications.InstalledAppDetails}: viewVisibility=8, oldvis=0, req=1080x2412 , apr = 0, vsysui=LAYOUT_STABLE LAYOUT_HIDE_NAVIGATION LAYOUT_FULLSCREEN IMMERSIVE_STICKY
03-13 01:58:36.303  2545  5167 D WindowManager: tryStartExitingAnimation surface saved scuress, win:Window{9e895ea u0 com.android.settings/com.android.settings.applications.InstalledAppDetails} for fast unLock!
03-13 01:58:36.305  2545  5167 D WindowManager: NFW_findFocusedWindowIfNeeded:Window{d19c55d u0 NotificationShade} mCurrentFocus:Window{d19c55d u0 NotificationShade}
03-13 01:58:36.307  2545  2967 D OplusSplitScreenManagerService: com.android.settings unSupportsSplitScreen by blockList or ForbidActivityList
03-13 01:58:36.307  2545  2967 D OplusSplitScreenManagerService: com.android.settings unSupportsSplitScreen by blockList or ForbidActivityList
03-13 01:58:36.310 28568 28568 D VRI[InstalledAppDetails]: relayoutWindow result, sizeChanged:false, surfaceControlChanged:true, transformHintChanged:false, mSurfaceSize:Point(1080, 2412), mLastSurfaceSize:Point(1080, 2412), mWidth:1080, mHeight:2412, requestedWidth:1080, requestedHeight:2412, transformHint:0, installOrientation:0, displayRotation:0, isSurfaceValid:false, attr.flag:-2122252032, tmpFrames:ClientWindowFrames{frame=[0,0][1080,2412] display=[0,0][1080,2412] parentFrame=[0,0][0,0]}, relayoutAsync:false, mSyncSeqId:0
03-13 01:58:36.311  2545  2970 D CoreBackPreview:  return markWindowHasDrawn mComposed: false  mWaitTransition: false
03-13 01:58:36.327 29206 29206 V Configuration: Updating configuration, locales updated from [] to [en_GB]
03-13 01:58:36.333  2545  4656 V WindowManager: Relayout Window{9e895ea u0 com.android.settings/com.android.settings.applications.InstalledAppDetails}: viewVisibility=8, oldvis=8, req=1080x2412 , apr = 0, vsysui=LAYOUT_STABLE LAYOUT_HIDE_NAVIGATION LAYOUT_FULLSCREEN IMMERSIVE_STICKY, x=0, y=0
03-13 01:58:36.334  2545  2545 D OplusCustomizeAIStatistics: onReceive android.intent.action.SCREEN_OFF
03-13 01:58:36.342 28568 28568 D VRI[InstalledAppDetails]: relayoutWindow result, sizeChanged:false, surfaceControlChanged:true, transformHintChanged:false, mSurfaceSize:Point(1080, 2412), mLastSurfaceSize:Point(1080, 2412), mWidth:1080, mHeight:2412, requestedWidth:1080, requestedHeight:2412, transformHint:0, installOrientation:0, displayRotation:0, isSurfaceValid:false, attr.flag:-2122252032, tmpFrames:ClientWindowFrames{frame=[0,0][1080,2412] display=[0,0][1080,2412] parentFrame=[0,0][0,0]}, relayoutAsync:false, mSyncSeqId:0
03-13 01:58:36.347  2545  3099 I PowerManagerService: onFlip(): Face up.
03-13 01:58:36.347  2545  3099 D PowerManagerService: onFlip: isFaceDown=false
03-13 01:58:36.347  2545  3099 D PowerManagerService: userActivityNoUpdateLocked: groupId=0, eventTime=53348771, event=other, flags=0x0, uid=1000
03-13 01:58:36.350  2545  4656 D OplusStartingWindowManager: skip remove starting window for activity = ActivityRecord{217438744 u0 com.android.settings/.applications.InstalledAppDetails t17549} ,ar != topActivityContainsStartingWindow on activityStopped
03-13 01:58:36.351  2545  3837 D BackgroundInstallControlService: Package event received: 0
03-13 01:58:36.373  2545  3697 D OplusAlarmAdjustment: MSG_SCREEN_OFF,  adjustInterval =300000 ms, mDefaultAlignInterval=300000 ms, mScreenOffElapsed=118925476 ms
03-13 01:58:36.374  2545  3191 D OplusFeatureColorMode: +updateUserDreaming
03-13 01:58:36.377  2545  4656 D OplusGuardElfFeature: ICharger service = vendor.oplus.hardware.charger.ICharger$Stub$Proxy@d398f7a
03-13 01:58:36.386  2545  4656 D OplusGuardElfFeature: ICharger set value = 0
03-13 01:58:36.386  2545  4656 D OplusGuardElfFeature: calling class name = ThermalControlUtils
03-13 01:58:36.387  4429 23895 D OplusBatteryManager: set charge value = 0
03-13 01:58:36.389  2545  2545 D OIM_OplusInputGestureMonitorUtils: mScreenReceiver action= android.intent.action.SCREEN_OFF KeyguardLockedState =true
03-13 01:58:36.412  4042  4042 V DreamService[DozeService]: UpdateDoze mDozeScreenState=3 mDozeScreenBrightness=-1 mDozeScreenBrightnessFloat=NaN
03-13 01:58:36.412  2545  4608 D DreamManagerService: Dream requested to start dozing: android.os.Binder@7506010, screenState=DOZE, reason=UNKNOWN, screenBrightnessFloat=NaN, screenBrightnessInt=-1, useNormalBrightnessForDoze=false
03-13 01:58:36.412  2545  4608 D OplusFeatureAOD: key:2545 tmp:3
03-13 01:58:36.413  2545  4608 D DisplayPowerController[display=0]: requestPowerState: policy=DOZE, useProximitySensor=false, screenBrightnessOverride=-1.0, useAutoBrightness=false, screenAutoBrightnessAdjustmentOverride=NaN, screenLowPowerBrightnessFactor=1.0, blockScreenOn=false, lowPowerMode=false, boostScreenBrightness=false, dozeScreenBrightness=NaN, dozeScreenState=DOZE, dozeScreenStateReason=UNKNOWN, useNormalBrightnessForDoze=false, waitForNegativeProximity=false displayReady=false pendingRequest=true
03-13 01:58:36.413  2545  4608 D DisplayManagerServiceExtImpl: request size(1,1),dpc=com.android.server.display.DisplayPowerController@7418311 size(0,1),flags=0X200F,id(0,0,local:4630947111810692738),enable=true,ready=false,waitForNegativeProximity=false policy=DOZE,useProximitySensor=false,dozeState=DOZE,screenBrightnessOverride=-1.000000,useAuto=false,lowPower=false,lowPowerFactor=1.000000
03-13 01:58:36.421  2545  3191 D OplusDisplayBrightnessBroadcastReceiver: onReceive action = android.intent.action.SCREEN_OFF , listeners = [com.android.server.display.color.OplusFeatureColorMode$UserSwitchedReceiver@934e1f7, com.android.server.display.color.eyeprotect.manager.AiEyeProtectManagerController$ScreenChangedReceiverWithUpgradeUI@467a864]
03-13 01:58:36.429  4042  4042 V DreamService[DozeService]: UpdateDoze mDozeScreenState=3 mDozeScreenBrightness=71 mDozeScreenBrightnessFloat=NaN
03-13 01:58:36.429  2545  5831 D DreamManagerService: Dream requested to start dozing: android.os.Binder@7506010, screenState=DOZE, reason=UNKNOWN, screenBrightnessFloat=NaN, screenBrightnessInt=71, useNormalBrightnessForDoze=false
03-13 01:58:36.432  2545  5831 D OplusFeatureAOD: key:2545 tmp:3
03-13 01:58:36.433  2545  3194 D VRR [OPlusRefreshRateService]: handleScreenStateChange physicalDisplayId: 4630947111810692738, state: 3
03-13 01:58:36.433  2545  3186 D OplusDisplayState: setScreenState = 3 isPrimary = true
03-13 01:58:36.433  2545  3186 D DisplayPowerState[display=0]: setScreenState changed:OFF->DOZE
03-13 01:58:36.433  2545  3186 D DisplayPowerState[display=0]: setColorFadeLevel: level=1.0
03-13 01:58:36.433  2545  5831 D DisplayPowerController[display=0]: requestPowerState: policy=DOZE, useProximitySensor=false, screenBrightnessOverride=-1.0, useAutoBrightness=false, screenAutoBrightnessAdjustmentOverride=NaN, screenLowPowerBrightnessFactor=1.0, blockScreenOn=false, lowPowerMode=false, boostScreenBrightness=false, dozeScreenBrightness=0.27559054, dozeScreenState=DOZE, dozeScreenStateReason=UNKNOWN, useNormalBrightnessForDoze=false, waitForNegativeProximity=false displayReady=false pendingRequest=true
03-13 01:58:36.433  2545  5831 D DisplayManagerServiceExtImpl: request size(1,1),dpc=com.android.server.display.DisplayPowerController@7418311 size(0,1),flags=0X200F,id(0,0,local:4630947111810692738),enable=true,ready=false,waitForNegativeProximity=false policy=DOZE,useProximitySensor=false,dozeState=DOZE,screenBrightnessOverride=-1.000000,useAuto=false,lowPower=false,lowPowerFactor=1.000000
03-13 01:58:36.436  2545  3186 D AutomaticController[display=0]: Change the enable setting from false to true while dozing
03-13 01:58:36.436  2545  3186 D AutomaticController[display=0]: setAutoStrategyEnabled: enable=true, mAutoStrategyEnable=false
03-13 01:58:36.439  2545  3186 I DisplayBrightnessStrategySelector: Changing the DisplayBrightnessStrategy from ScreenOffBrightnessStrategy to FallbackBrightnessStrategy for display 0
03-13 01:58:36.439  2545  3186 D OplusFeatureReduceBrightness: setAnimating : animating = true
03-13 01:58:36.439  2545  3186 D OplusBrightnessAmbientAdapter: setAnimating: from false to true
03-13 01:58:36.440  2545  3186 D DpcExtImpl[display=0]: Animating brightness: hdrBrightness target=8.0->1134.3597,sdrBrightness target=8.0->1134.3597,rate=2600->2600,rate type = dim->manual,byUser=false local:4630947111810692738 , brightness from dpc = 3515.0
03-13 01:58:36.440  2545  3186 D OplusBiometricsDisplayHelper: isFold: false, isUnblockByFp: null
03-13 01:58:36.441  2545  3186 D AutomaticController[display=0]: Change the enable setting from false to true while dozing
03-13 01:58:36.441  2545  3186 I DisplayBrightnessStrategySelector: Changing the DisplayBrightnessStrategy from FallbackBrightnessStrategy to DozeBrightnessStrategy for display 0
03-13 01:58:36.441  2545  3186 D OplusBiometricsDisplayHelper: isFold: false, isUnblockByFp: null
03-13 01:58:36.441  2545  3186 D DpcExtImpl[display=0]: add for debug Aod brightness set 1134.3597
03-13 01:58:36.444  2545  3896 D DisplayPowerState[display=0]: Updating screen state: id=0, state=DOZE, backlight=1134.3597, sdrBacklight=1134.3597
03-13 01:58:36.445  2545  3896 D DisplayAdapterExt: sendDisplayDeviceEventLocked event=2,now=118925547,timestamp=118925547 device:[id=local:4630947111810692738,stack=-1],isFirst=true,activeMode=1,state=DOZE,commitState=OFF,devInfo:null
03-13 01:58:36.445  2545  2969 I DisplayDeviceRepository: Display device changed state: "Built-in Screen", DOZE
03-13 01:58:36.445  2545  2969 D LogicalDisplayMapper: Display device changed diff=2
03-13 01:58:36.445  2545  2969 D LogicalDisplayExt: set displayInfo flag FLAG_ROTATES_WITH_CONTENT
03-13 01:58:36.445  2545  2969 D DisplayManagerServiceExtImpl: scheduleTraversalLocked intraversal=false
03-13 01:58:36.445  2545  2969 I DisplayManagerServiceExtImpl: handle logical display changed logicalDisplay=id=0,stack=0,content=true,displayInfo{stack=0,type=1,id=0,uId=local:4630947111810692738,state=DOZE,pkg=null}
03-13 01:58:36.446  2545  2969 D DisplayManagerService: Delivering display event: displayId=0, event=BASIC_CHANGED
03-13 01:58:36.446  2545  2967 D WindowManager: DeferredDisplayUpdater: partially applying DisplayInfo(1080 x 2412) immediately
03-13 01:58:36.446  2545  2967 D OplusVFXScreenEffectFeature: notifySFCompatWindowStateChange entered false
03-13 01:58:36.447  2545  2967 D DisplayManagerService: performTraversalInternal pendingTraversal
03-13 01:58:36.447  2545  2967 D DisplayDevice: setLayerStackLocked id=local:4630947111810692738 token=android.os.BinderProxy@dea25f5 stack=-1->0
03-13 01:58:36.447  2545  2967 I DisplayDevice: [0] Layerstack set to 0 for local:4630947111810692738
03-13 01:58:36.448  2545  2969 D DisplayManagerService: MSG_REQUEST_TRAVERSAL pendingCompleted=false
03-13 01:58:36.448  2545  2969 D DisplayManagerService: Delivering display event: displayId=0, event=EVENT_DISPLAY_STATE_CHANGED
03-13 01:58:36.451  2545  3186 D DpcExtImpl[display=0]: add for debug Aod brightness set 1134.3597
03-13 01:58:36.454  3957  3957 D CastManagerService: onDisplayChanged.
03-13 01:58:36.465  2545  3186 D DpcExtImpl[display=0]: add for debug Aod brightness set 1134.3597
03-13 01:58:36.473  2545  3186 D DpcExtImpl[display=0]: add for debug Aod brightness set 1134.3597
03-13 01:58:36.481  2545  3186 D DpcExtImpl[display=0]: add for debug Aod brightness set 1134.3597
03-13 01:58:36.487  2545  3763 V NetworkPolicy: updateNetworkEnabledNL() return
03-13 01:58:36.487  2545  3763 V NetworkPolicy: updateNotificationsNL not process
03-13 01:58:36.489  2545  3186 D DpcExtImpl[display=0]: add for debug Aod brightness set 1134.3597
03-13 01:58:36.494  2545  3827 I MR2ServiceImpl: Updating composite discovery preference | preference: RouteDiscoveryRequest{ preferredFeatures={}, activeScan=false }, active routers: []
03-13 01:58:36.499  2545  3186 D DpcExtImpl[display=0]: add for debug Aod brightness set 1134.3597
03-13 01:58:36.506  2545  3186 D DpcExtImpl[display=0]: add for debug Aod brightness set 1134.3597
03-13 01:58:36.513  2545  3958 D CommSceneService: notify screen off changed state=1
03-13 01:58:36.515  2545  3958 D OSysNetControlService: handle comm scene=1001 state=1 phoneId=-1
03-13 01:58:36.517  2545  3186 D DpcExtImpl[display=0]: add for debug Aod brightness set 1134.3597
03-13 01:58:36.519 29206 29206 D ResourcesManagerExtImpl: applyConfigurationToAppResourcesLocked app.getDisplayId() return callback.displayId:-1
03-13 01:58:36.523  2545  3186 D DpcExtImpl[display=0]: add for debug Aod brightness set 1134.3597
03-13 01:58:36.528  2545  3733 W OplusStorageManagerFeature: mScreenReceiver action:android.intent.action.SCREEN_OFF
03-13 01:58:36.530  2545  3733 W OplusStorageManagerFeature: turn screenOff, maintPrepared:false
03-13 01:58:36.530  2545  3733 W OplusStorageManagerFeature: sendToTarget over,paramStr:5
03-13 01:58:36.531  2545  3186 D DpcExtImpl[display=0]: add for debug Aod brightness set 1134.3597
03-13 01:58:36.534  2545  3733 W OplusStorageManagerFeature: Ready to deal actionParam:5
03-13 01:58:36.534  2545  3945 I GameManagerServiceExt-GameManagerServiceExt: top change IS NOT GAME [com.instagram.android]-[com.android.launcher]
03-13 01:58:36.535  1083 29244 D vold    : ufshid started
03-13 01:58:36.535  1083 29244 W vold    : old hid version is not suitable
03-13 01:58:36.535  1083 29244 D vold    : ufshid end
03-13 01:58:36.540  2545  3186 D DpcExtImpl[display=0]: add for debug Aod brightness set 1134.3597
03-13 01:58:36.548  2545  3186 D DpcExtImpl[display=0]: add for debug Aod brightness set 1134.3597
03-13 01:58:36.555  2545  4656 W AlarmManager: Alarms must either supply a PendingIntent or an AlarmReceiver
03-13 01:58:36.556  2545  3186 D DpcExtImpl[display=0]: add for debug Aod brightness set 1134.3597
03-13 01:58:36.565  2545  3186 D DpcExtImpl[display=0]: add for debug Aod brightness set 1134.3597
03-13 01:58:36.578  2545  3186 D DpcExtImpl[display=0]: add for debug Aod brightness set 1134.3597
03-13 01:58:36.581  2545  3186 D DpcExtImpl[display=0]: add for debug Aod brightness set 1134.3597
03-13 01:58:36.593  2545  3186 D DpcExtImpl[display=0]: add for debug Aod brightness set 1134.3597
03-13 01:58:36.599  2545  3186 D DpcExtImpl[display=0]: add for debug Aod brightness set 1134.3597
03-13 01:58:36.607  2545  3186 D DpcExtImpl[display=0]: add for debug Aod brightness set 1134.3597
03-13 01:58:36.619  2545  3186 D DpcExtImpl[display=0]: add for debug Aod brightness set 1134.3597
03-13 01:58:36.625  2545  3186 D DpcExtImpl[display=0]: add for debug Aod brightness set 1134.3597
03-13 01:58:36.633  2545  3186 D DpcExtImpl[display=0]: add for debug Aod brightness set 1134.3597
03-13 01:58:36.639  2545  3186 D DpcExtImpl[display=0]: add for debug Aod brightness set 1134.3597
03-13 01:58:36.648  2545  3186 D DpcExtImpl[display=0]: add for debug Aod brightness set 1134.3597
03-13 01:58:36.658  2545  3186 D DpcExtImpl[display=0]: add for debug Aod brightness set 1134.3597
03-13 01:58:36.665  2545  3186 D DpcExtImpl[display=0]: add for debug Aod brightness set 1134.3597
03-13 01:58:36.672  2545  3896 D DisplayAdapterExt: sendDisplayDeviceEventLocked event=2,now=118925774,timestamp=118925774 device:[id=local:4630947111810692738,stack=0],isFirst=true,activeMode=1,state=DOZE,commitState=DOZE,devInfo:null
03-13 01:58:36.675  2545  3186 D DpcExtImpl[display=0]: add for debug Aod brightness set 1134.3597
03-13 01:58:36.677  2545  2969 I DisplayDeviceRepositoryExtImpl: Display device changed committed state: "Built-in Screen", DOZE
03-13 01:58:36.677  2545  2969 D LogicalDisplayMapper: Display device changed diff=4
03-13 01:58:36.677  2545  2969 D LogicalDisplayExt: set displayInfo flag FLAG_ROTATES_WITH_CONTENT
03-13 01:58:36.678  2545  2969 D DisplayManagerService: Delivering display event: displayId=0, event=EVENT_DISPLAY_COMMITTED_STATE_CHANGED
03-13 01:58:36.680  2545  3186 D DpcExtImpl[display=0]: add for debug Aod brightness set 1134.3597
03-13 01:58:36.688  2545  4007 D OplusSplitScreenManagerService: com.android.settings unSupportsSplitScreen by blockList or ForbidActivityList
03-13 01:58:36.688  2545  4007 D OplusSplitScreenManagerService: com.android.settings unSupportsSplitScreen by blockList or ForbidActivityList
03-13 01:58:36.691  2545  4656 D OplusSplitScreenManagerService: com.android.settings unSupportsSplitScreen by blockList or ForbidActivityList
03-13 01:58:36.691  2545  4656 D OplusSplitScreenManagerService: com.android.settings unSupportsSplitScreen by blockList or ForbidActivityList
03-13 01:58:36.692  2545  3186 D DpcExtImpl[display=0]: add for debug Aod brightness set 1134.3597
03-13 01:58:36.698  2545  3186 D AutomaticController[display=0]: Change the enable setting from false to true while dozing
03-13 01:58:36.698  2545  3186 D OplusBiometricsDisplayHelper: isFold: false, isUnblockByFp: null
03-13 01:58:36.699  2545  3186 D DpcExtImpl[display=0]: add for debug Aod brightness set 1134.3597
03-13 01:58:36.706  2545  3186 D DpcExtImpl[display=0]: add for debug Aod brightness set 1134.3597
03-13 01:58:36.712  2545  3186 D DpcExtImpl[display=0]: add for debug Aod brightness set 1134.3597
03-13 01:58:36.722  2545  3186 D DpcExtImpl[display=0]: add for debug Aod brightness set 1134.3597
03-13 01:58:36.729  2545  3186 D DpcExtImpl[display=0]: add for debug Aod brightness set 1134.3597
03-13 01:58:36.737  2545  3186 D DpcExtImpl[display=0]: add for debug Aod brightness set 1134.3597
03-13 01:58:36.746  2545  3186 D DpcExtImpl[display=0]: add for debug Aod brightness set 1134.3597
03-13 01:58:36.748  2545  4007 V WindowManager: Relayout Window{a2750b7 u0 OnScreenFingerprintIcon}: viewVisibility=0, oldvis=8, req=1080x1080 , apr = 0, vsysui=
03-13 01:58:36.748  2545  4007 I WindowManager: Window{a2750b7 u0 OnScreenFingerprintIcon} state from NO_SURFACE to DRAW_PENDING; reason: resetDrawState
03-13 01:58:36.750  2545  4007 D WindowManager: NFW_findFocusedWindowIfNeeded:Window{d19c55d u0 NotificationShade} mCurrentFocus:Window{d19c55d u0 NotificationShade}
03-13 01:58:36.750  2545  4007 D DisplayContentExtImpl: target is same with the last, remove the ime snapshot immediately.
03-13 01:58:36.753  2545  3186 D DpcExtImpl[display=0]: add for debug Aod brightness set 1134.3597
03-13 01:58:36.769  2545  3186 D DpcExtImpl[display=0]: add for debug Aod brightness set 1134.3597
03-13 01:58:36.774  2545  3186 D DpcExtImpl[display=0]: add for debug Aod brightness set 1134.3597
03-13 01:58:36.779  2545  3186 D DpcExtImpl[display=0]: add for debug Aod brightness set 1134.3597
03-13 01:58:36.788  2545  3186 D DpcExtImpl[display=0]: add for debug Aod brightness set 1134.3597
03-13 01:58:36.796  2545  3186 D DpcExtImpl[display=0]: add for debug Aod brightness set 1134.3597
03-13 01:58:36.798  2545 10034 W SettingsProvider: You shouldn't keep your settings in the secure settings. This will soon become an error!!!
03-13 01:58:36.802  2545 10034 I ActivityManager: Flag disabled. Ignoring finishAttachApplication from uid: 10207. pid: 29206
03-13 01:58:36.804  2545  3186 D DpcExtImpl[display=0]: add for debug Aod brightness set 1134.3597
03-13 01:58:36.813  2545  3186 D DpcExtImpl[display=0]: add for debug Aod brightness set 1134.3597
03-13 01:58:36.821  2545  3186 D DpcExtImpl[display=0]: add for debug Aod brightness set 1134.3597
03-13 01:58:36.829  2545  3186 D DpcExtImpl[display=0]: add for debug Aod brightness set 1134.3597
03-13 01:58:36.837  2545  3186 D DpcExtImpl[display=0]: add for debug Aod brightness set 1134.3597
03-13 01:58:36.845  2545  3186 D DpcExtImpl[display=0]: add for debug Aod brightness set 1134.3597
03-13 01:58:36.854  2545  3186 D DpcExtImpl[display=0]: add for debug Aod brightness set 1134.3597
03-13 01:58:36.860  2545  2969 E OplusAppQuickStart_AppQuickStartController: not start from launcher transition:2102
03-13 01:58:36.860  2545  2969 D OplusFlexibleActivityTransitionManager: fixTransitType type result:12, targets: []
03-13 01:58:36.861  2545  2969 D OplusTransitionController: onTransactionReady, transition: 2102, info: {id=2102 t=SLEEP f=0x40 trk=0 r=[] c=[] 
03-13 01:58:36.861  2545  2969 D OplusTransitionController: extendInfo=[
03-13 01:58:36.861  2545  2969 D OplusTransitionController:  OplusTransitionExtendedInfo{mTmpFinishT=null, mInOplusCompatMode=false, mIsProcessRunning=false, mHasMismatchBoundsTarget=false, mRecentsController=null, mRemoteTransition=null, mIsTranslucentActivityToHome=false, mAvoidInterceptKeyEventToHome=false, mIsFromHome=false, mParentLeash=null, mBackAnimClosingLeash=null, mIsOplusAnimRes=false, mKeepBgForContinuous=false, mIsBalAllow=false, mTaskNotInRecent=false, mIsPredictiveBackAnim=false, mIsMergedWithPredictive=false, mIsLaunchFromSpruce=false, mIsLaunchFromDrive=false, mGlobalSearchPageSwitch=false, mNeedNoAlphaGlobalSearchScene=false, mAssistScreenShowing=false, mSwipeUpBrowserScreenShowing=false, mUserIdTransition=-1
03-13 01:58:36.861  2545  2969 D OplusTransitionController: , mInRemoteScene=false, mInPreReady=false, mPreStart=false, mToken=null, mAbortByRemoteFromHome=false, mShellApplyToken=null, mRequestTransitionTaskId=-1, mAbortTransitionOnShell=0, mStartFromShortcut=false, mRemovedTaskId=-1, mTransitionInterruptType=0, mMergeSecondTaskId=-1, mTaskIdStartFromRecents=0, mTransitionId=2102, mCanUseSpringSlideAnim=false, mTransitionLaunchFrom=0, mFoldChangeType=-1, mAnimStartingPosition=[0, 0, 0, 0], mIsOpeningStkDialogActivity=false, mIsNeedApplyStartTForEmbedded=false, mMergeSecondTaskAnimation=false, mIsLaunchUnityStart=false, mIsLaunchFromAssistantByDefault=false, mSkipRemoteTransitionfalse, mIsStartFromKeyguard=false flags=0x0, mWCT=null, mIsOpenMergeToInValidPredictive=false}]}, targets : [], participants: {}
03-13 01:58:36.861  4042  4112 V WindowManagerShell: Transition requested (#2102): android.os.BinderProxy@e07728d TransitionRequestInfo { type = SLEEP, triggerTask = null, pipChange = null, remoteTransition = null, displayChange = null, flags = 0, debugId = 2102 }
03-13 01:58:36.861  4042 15120 V WindowManagerShell: onTransitionReady(transaction=10930691906358)
03-13 01:58:36.862  2545  2966 V WindowManager: Sent Transition (#2102) createdAt=03-13 01:58:36.858 via request=TransitionRequestInfo { type = SLEEP, triggerTask = null, pipChange = null, remoteTransition = null, displayChange = null, flags = 0, debugId = 2102 }
03-13 01:58:36.862  2545  2966 V WindowManager:     startWCT=null
03-13 01:58:36.862  2545  2966 V WindowManager:     info={id=2102 t=SLEEP f=0x40 trk=0 r=[] c=[] 
03-13 01:58:36.862  2545  2966 V WindowManager: extendInfo=[
03-13 01:58:36.862  2545  2966 V WindowManager:  OplusTransitionExtendedInfo{mTmpFinishT=null, mInOplusCompatMode=false, mIsProcessRunning=false, mHasMismatchBoundsTarget=false, mRecentsController=null, mRemoteTransition=null, mIsTranslucentActivityToHome=false, mAvoidInterceptKeyEventToHome=false, mIsFromHome=false, mParentLeash=null, mBackAnimClosingLeash=null, mIsOplusAnimRes=false, mKeepBgForContinuous=false, mIsBalAllow=false, mTaskNotInRecent=false, mIsPredictiveBackAnim=false, mIsMergedWithPredictive=false, mIsLaunchFromSpruce=false, mIsLaunchFromDrive=false, mGlobalSearchPageSwitch=false, mNeedNoAlphaGlobalSearchScene=false, mAssistScreenShowing=false, mSwipeUpBrowserScreenShowing=false, mUserIdTransition=-1
03-13 01:58:36.862  2545  2966 V WindowManager: , mInRemoteScene=false, mInPreReady=false, mPreStart=false, mToken=null, mAbortByRemoteFromHome=false, mShellApplyToken=null, mRequestTransitionTaskId=-1, mAbortTransitionOnShell=0, mStartFromShortcut=false, mRemovedTaskId=-1, mTransitionInterruptType=0, mMergeSecondTaskId=-1, mTaskIdStartFromRecents=0, mTransitionId=2102, mCanUseSpringSlideAnim=false, mTransitionLaunchFrom=0, mFoldChangeType=-1, mAnimStartingPosition=[0, 0, 0, 0], mIsOpeningStkDialogActivity=false, mIsNeedApplyStartTForEmbedded=false, mMergeSecondTaskAnimation=false, mIsLaunchUnityStart=false, mIsLaunchFromAssistantByDefault=false, mSkipRemoteTransitionfalse, mIsStartFromKeyguard=false flags=0x0, mWCT=null, mIsOpenMergeToInValidPredictive=false}]}
03-13 01:58:36.864  2545  5831 W Transition: Transition already started id=2102 state=2
03-13 01:58:36.865  2545  3186 D DpcExtImpl[display=0]: add for debug Aod brightness set 1134.3597
03-13 01:58:36.865  4042  4112 V WindowManagerShell: onTransitionReady (#2102) android.os.BinderProxy@e07728d: {id=2102 t=SLEEP f=0x40 trk=0 r=[] c=[] 
03-13 01:58:36.865  4042  4112 V WindowManagerShell: extendInfo=[
03-13 01:58:36.865  4042  4112 V WindowManagerShell:  OplusTransitionExtendedInfo{mTmpFinishT=null, mInOplusCompatMode=false, mIsProcessRunning=false, mHasMismatchBoundsTarget=false, mRecentsController=null, mRemoteTransition=null, mIsTranslucentActivityToHome=false, mAvoidInterceptKeyEventToHome=false, mIsFromHome=false, mParentLeash=null, mBackAnimClosingLeash=null, mIsOplusAnimRes=false, mKeepBgForContinuous=false, mIsBalAllow=false, mTaskNotInRecent=false, mIsPredictiveBackAnim=false, mIsMergedWithPredictive=false, mIsLaunchFromSpruce=false, mIsLaunchFromDrive=false, mGlobalSearchPageSwitch=false, mNeedNoAlphaGlobalSearchScene=false, mAssistScreenShowing=false, mSwipeUpBrowserScreenShowing=false, mUserIdTransition=-1
03-13 01:58:36.865  4042  4112 V WindowManagerShell: , mInRemoteScene=false, mInPreReady=false, mPreStart=false, mToken=null, mAbortByRemoteFromHome=false, mShellApplyToken=null, mRequestTransitionTaskId=-1, mAbortTransitionOnShell=0, mStartFromShortcut=false, mRemovedTaskId=-1, mTransitionInterruptType=0, mMergeSecondTaskId=-1, mTaskIdStartFromRecents=0, mTransitionId=2102, mCanUseSpringSlideAnim=false, mTransitionLaunchFrom=0, mFoldChangeType=-1, mAnimStartingPosition=[0, 0, 0, 0], mIsOpeningStkDialogActivity=false, mIsNeedApplyStartTForEmbedded=false, mMergeSecondTaskAnimation=false, mIsLaunchUnityStart=false, mIsLaunchFromAssistantByDefault=false, mSkipRemoteTransitionfalse, mIsStartFromKeyguard=false flags=0x0, mWCT=null, mIsOpenMergeToInValidPredictive=false}]}
03-13 01:58:36.865  4042  4112 V WindowManagerShell: No transition roots in (#2102) android.os.BinderProxy@e07728d@0 so abort
03-13 01:58:36.866  4042  4112 V WindowManagerShell: Transition animation finished (aborted=true), notifying core (#2102) android.os.BinderProxy@e07728d@0
03-13 01:58:36.866  4042  4112 D SplitScreen-->AppLockManager: setStartFromSafeControl mStartFromSafeControl=false
03-13 01:58:36.868  2545  5831 D OplusTransitionController: finishTransition, transition: TransitionRecord{5006d43 id=2102 track=0 type=SLEEP flags=0x40 state=4}
03-13 01:58:36.868  2545  5831 D FlexibleTaskTransitionController:  finishTransition pendingRecentToFlexibleTask:null,isRotationTransition:false ,pendingRecentToFlexible:null ,transition:TransitionRecord{5006d43 id=2102 track=0 type=SLEEP flags=0x40 state=4}
03-13 01:58:36.869  2545  5831 D RefreshRate: ***** request traversal for refresh rate change, reason is highTempRefreshRateChanged: false, windowRefreshRateChanged: true, flexibleWindowStateChanged: false, has float/zoom window *****
03-13 01:58:36.869  2545  5831 D TransitionControllerExtImpl: NFW_send RECOMPUTE_FOCUS in finishTransition
03-13 01:58:36.869  4042  4112 D ShellTaskOrganizer: onTransitionFinish, isRecent:false
03-13 01:58:36.869  4042  4112 V WindowManagerShell: Track 0 became idle
03-13 01:58:36.869  4042  4112 V WindowManagerShell: All active transition animations finished
03-13 01:58:36.871  2545  2969 D WindowManager: NFW_findFocusedWindowIfNeeded:Window{d19c55d u0 NotificationShade} mCurrentFocus:Window{d19c55d u0 NotificationShade}
03-13 01:58:36.872  2545  3186 D DpcExtImpl[display=0]: add for debug Aod brightness set 1134.3597
03-13 01:58:36.877  2545  3186 D OplusFeatureReduceBrightness: setAnimating : animating = false
03-13 01:58:36.877  2545  3186 D OplusBrightnessAmbientAdapter: setAnimating: from true to false
03-13 01:58:36.879  2545  4608 I BLASTSyncEngine: onCommitted syncId: 2102, timeout: false ran: false
03-13 01:58:36.879  2545  4608 D Transition: finishTransaction-onCommitted syncId=2102
03-13 01:58:36.880  2545  3186 D RampAnimatorExtImpl[display=0][Primary]: onAnimationEnd id[0]=[true],changed=[8->8->1134],duration:441,phaseCounts=[0, 0, 0]
03-13 01:58:36.880  2545  3186 D DpcExtImpl[display=0]: add for debug Aod brightness set 1134.3597
03-13 01:58:36.880  2545  3186 D AutomaticController[display=0]: Change the enable setting from false to true while dozing
03-13 01:58:36.880  2545  3186 D OplusBiometricsDisplayHelper: isFold: false, isUnblockByFp: null
03-13 01:58:36.908  2545  4608 I WindowManager: Window{a2750b7 u0 OnScreenFingerprintIcon} state from DRAW_PENDING to COMMIT_DRAW_PENDING; reason: finishDrawingLocked
03-13 01:58:36.909  2545  4656 V WindowManager: Relayout Window{10ecf89 u0 OnScreenFingerprintPressedIcon}: viewVisibility=0, oldvis=8, req=171x171 , apr = 0, vsysui=
03-13 01:58:36.910  2545  4656 I WindowManager: Window{10ecf89 u0 OnScreenFingerprintPressedIcon} state from NO_SURFACE to DRAW_PENDING; reason: resetDrawState
03-13 01:58:36.915  2545  4656 I WindowManager: Window{a2750b7 u0 OnScreenFingerprintIcon} state from COMMIT_DRAW_PENDING to READY_TO_SHOW; reason: commitFinishDrawingLocked
03-13 01:58:36.915  2545  4656 I WindowManager: Window{a2750b7 u0 OnScreenFingerprintIcon} state from READY_TO_SHOW to HAS_DRAWN; reason: performShowLocked
03-13 01:58:36.917  2545  4656 D WindowManager: NFW_findFocusedWindowIfNeeded:Window{d19c55d u0 NotificationShade} mCurrentFocus:Window{d19c55d u0 NotificationShade}
03-13 01:58:36.977  2545  4007 W ActivityManager: Receiver with filter android.content.IntentFilter@a9ce072 already registered for pid 29206, callerPackage is com.heytap.pictorial
03-13 01:58:36.982  2545  4007 W ActivityManager: Receiver with filter android.content.IntentFilter@b5a7cc3 already registered for pid 29206, callerPackage is com.heytap.pictorial
03-13 01:58:36.988  2545  4656 D OplusSplitScreenManagerService: com.android.settings unSupportsSplitScreen by blockList or ForbidActivityList
03-13 01:58:36.989  2545  4656 D OplusSplitScreenManagerService: com.android.settings unSupportsSplitScreen by blockList or ForbidActivityList
03-13 01:58:36.990  2545  4007 D OplusSplitScreenManagerService: com.android.settings unSupportsSplitScreen by blockList or ForbidActivityList
03-13 01:58:36.990  2545  4007 D OplusSplitScreenManagerService: com.android.settings unSupportsSplitScreen by blockList or ForbidActivityList
03-13 01:58:36.997  2545  3105 I ActivityManager: Start proc 29323:com.google.android.apps.wellbeing/u0a110 for broadcast {com.google.android.apps.wellbeing/com.google.android.apps.wellbeing.fences.screen.ScreenTurningOffReceiver_Receiver}
03-13 01:58:37.001  2545  2967 I ActivityManager: ProcessObserver broadcast disabled
03-13 01:58:37.026  2545  4656 D ActivityTaskManagerServiceExtImpl: preBindApplication record is null
03-13 01:58:37.036  2545  2967 D OplusSplitScreenManagerService: com.android.settings unSupportsSplitScreen by blockList or ForbidActivityList
03-13 01:58:37.037  2545  2967 D OplusSplitScreenManagerService: com.android.settings unSupportsSplitScreen by blockList or ForbidActivityList
03-13 01:58:37.047  2545 10034 D OplusSplitScreenManagerService: com.android.settings unSupportsSplitScreen by blockList or ForbidActivityList
03-13 01:58:37.047  2545 10034 D OplusSplitScreenManagerService: com.android.settings unSupportsSplitScreen by blockList or ForbidActivityList
03-13 01:58:37.048  2545  4656 D OplusSplitScreenManagerService: com.android.settings unSupportsSplitScreen by blockList or ForbidActivityList
03-13 01:58:37.048  2545  4656 D OplusSplitScreenManagerService: com.android.settings unSupportsSplitScreen by blockList or ForbidActivityList
03-13 01:58:37.049  2545 10034 D OplusSplitScreenManagerService: com.android.settings unSupportsSplitScreen by blockList or ForbidActivityList
03-13 01:58:37.049  2545 10034 D OplusSplitScreenManagerService: com.android.settings unSupportsSplitScreen by blockList or ForbidActivityList
03-13 01:58:37.055  2545  4007 W ActivityManager: Receiver with filter android.content.IntentFilter@6ad372a already registered for pid 29206, callerPackage is com.heytap.pictorial
03-13 01:58:37.107  2545  4608 I WindowManager: Window{10ecf89 u0 OnScreenFingerprintPressedIcon} state from DRAW_PENDING to COMMIT_DRAW_PENDING; reason: finishDrawingLocked
03-13 01:58:37.108  2545  2970 I WindowManager: Window{10ecf89 u0 OnScreenFingerprintPressedIcon} state from COMMIT_DRAW_PENDING to READY_TO_SHOW; reason: commitFinishDrawingLocked
03-13 01:58:37.111  2545  2970 I WindowManager: Window{10ecf89 u0 OnScreenFingerprintPressedIcon} state from READY_TO_SHOW to HAS_DRAWN; reason: performShowLocked
03-13 01:58:37.128 29323 29323 V Configuration: Updating configuration, locales updated from [] to [en_GB]
03-13 01:58:37.154  2545  3889 D OplusBatteryManager: getPsyBatteryRm: 445
03-13 01:58:37.154  2545  3889 D OplusBatteryManager: getPsyBatteryRm: 445
03-13 01:58:37.178  2545  4656 W ActivityManager: Receiver with filter android.content.IntentFilter@9663ddd already registered for pid 29206, callerPackage is com.heytap.pictorial
03-13 01:58:37.392 29323 29323 D ResourcesManagerExtImpl: applyConfigurationToAppResourcesLocked app.getDisplayId() return callback.displayId:-1
03-13 01:58:37.397  2545 10034 W ActivityManager: Receiver with filter android.content.IntentFilter@d9ebf26 already registered for pid 29206, callerPackage is com.heytap.pictorial
03-13 01:58:37.419  2545  4656 W ActivityManager: Receiver with filter android.content.IntentFilter@da7a7b2 already registered for pid 29206, callerPackage is com.heytap.pictorial
03-13 01:58:37.430 29206 29423 D OplusInputMethodUtil: init sDebug to false, init sDebugIme to false, init sAlwaysOn to false
03-13 01:58:37.430 29206 29423 D OplusInputMethodUtil: updateDebugToClass InputMethodManager.DEBUG = false
03-13 01:58:37.430 29206 29423 D OplusInputMethodUtil: updateDebugToClass ImeFocusController.DEBUG = false
03-13 01:58:37.430 29206 29423 D OplusInputMethodUtil: updateDebugToClass OnBackInvokedDispatcher.DEBUG = false
03-13 01:58:37.430 29206 29423 D OplusInputMethodUtil: updateDebugToClass InsetsController.DEBUG = false
03-13 01:58:37.430 29206 29423 D OplusInputMethodUtil: updateDebugToClass BaseInputConnection.DEBUG = false
03-13 01:58:37.472  2545  5167 W ActivityManager: Receiver with filter android.content.IntentFilter@14a466a already registered for pid 29206, callerPackage is com.heytap.pictorial
03-13 01:58:37.475  2545  3791 W ActivityManager: Receiver with filter android.content.IntentFilter@e10775b already registered for pid 29206, callerPackage is com.heytap.pictorial
03-13 01:58:37.602  2545  5169 I ActivityManager: Flag disabled. Ignoring finishAttachApplication from uid: 10110. pid: 29323
03-13 01:58:37.703  2545  3827 I MR2ServiceImpl: Updating composite discovery preference | preference: RouteDiscoveryRequest{ preferredFeatures={}, activeScan=false }, active routers: []
03-13 01:58:37.705  2545  2967 D OplusSplitScreenManagerService: com.android.settings unSupportsSplitScreen by blockList or ForbidActivityList
03-13 01:58:37.705  2545  2967 D OplusSplitScreenManagerService: com.android.settings unSupportsSplitScreen by blockList or ForbidActivityList
03-13 01:58:37.870  2545  3191 D OplusBrightnessAmbientAdapter: setManualAutomaticMode true--->false ,mIsAutomaticMode = false
03-13 01:58:37.871  2545  3191 D OplusBrightnessSceneAdapter: putToWork:false
03-13 01:58:37.871  2545  3191 D OplusBrightnessPhoneStateManager: registerListener: false lastRegister:true
03-13 01:58:37.877  2545  3191 D TimeEvent: unregister TimeChangeReceiver event result:true
03-13 01:58:37.878  2545  3191 D NetworkEvent: register network event result:true
03-13 01:58:37.879  2545  3191 D InOutDoorEvent: unregister inOutDoor event result:true
03-13 01:58:37.880  2545  3191 D DeepThinkerDelegate: requestLocationInfo...
03-13 01:58:37.901  2545  3191 E AppOps  : attributionTag ArcBrightness not declared in manifest of android
03-13 01:58:37.901  2545  3191 E AppOps  : attributionTag ArcBrightness not declared in manifest of android
03-13 01:58:37.908  2545  3098 I QosScheduler[QoSPolicy]: setSceneQoS begin:true sceneId:10
03-13 01:58:37.908  2545  3098 W QosScheduler: getScenario failed! scenarios is null, mask=1024
03-13 01:58:37.908  2545  3098 W QosScheduler: executeSceneQosStrategy get scenario failed! scenario is null
03-13 01:58:37.949  2545  2966 E AppOps  : attributionTag OplusLBS not declared in manifest of android
03-13 01:58:37.949  2545  2966 E AppOps  : attributionTag OplusLBS not declared in manifest of android
03-13 01:58:38.379  2545  3191 D NetworkDelegate: unregisterNetworkCallback success.
03-13 01:58:38.381  2545  3098 I UserAwareMgr: event is already released: SceneEvent{id=101, maxWorkDurationMs=-1, caller='[android]', eventFlags=0, fbPriority=1, keyThreads=[KeyThread{name=PhotonicModulator, owner=android, schedPolicy=ux, priority=HEAVY, maxThreadCount=16}], vipBinderGroup=null}, callingPid: 2545, appPid: 0
03-13 01:58:38.381  2545  3098 I UserAwareMgr: event is already released: SceneEvent{id=1008, maxWorkDurationMs=-1, caller='[android]', eventFlags=0, fbPriority=1, keyThreads=[KeyThread{name=PowerManagerService, owner=android, schedPolicy=ux, priority=HEAVY, maxThreadCount=1}], vipBinderGroup=null}, callingPid: 2545, appPid: 0
03-13 01:58:38.381  2545  3098 I UserAwareMgr: event is already released: SceneEvent{id=101, maxWorkDurationMs=-1, caller='[android]', eventFlags=0, fbPriority=1, keyThreads=[KeyThread{name=PhotonicModulator, owner=android, schedPolicy=ux, priority=HEAVY, maxThreadCount=16}], vipBinderGroup=null}, callingPid: 2545, appPid: 0
03-13 01:58:38.381  2545  3098 I UserAwareMgr: event is already released: SceneEvent{id=1008, maxWorkDurationMs=-1, caller='[android]', eventFlags=0, fbPriority=1, keyThreads=[KeyThread{name=PowerManagerService, owner=android, schedPolicy=ux, priority=HEAVY, maxThreadCount=1}], vipBinderGroup=null}, callingPid: 2545, appPid: 0
03-13 01:58:38.478  4042  4042 V DreamService[DozeService]: UpdateDoze mDozeScreenState=4 mDozeScreenBrightness=71 mDozeScreenBrightnessFloat=NaN
03-13 01:58:38.479  2545  3528 D DreamManagerService: Dream requested to start dozing: android.os.Binder@7506010, screenState=DOZE_SUSPEND, reason=UNKNOWN, screenBrightnessFloat=NaN, screenBrightnessInt=71, useNormalBrightnessForDoze=false
03-13 01:58:38.479  2545  3528 D OplusFeatureAOD: key:2545 tmp:1
